Archive member included because of file (symbol)

C:/NXP/S32DS_ARM_v2018.R1/Cross_Tools/gcc-arm-none-eabi-4_9/arm-none-eabi/newlib/lib/armv7e-m/fpu\libc_nano.a(lib_a-exit.o)
                              C:/NXP/S32DS_ARM_v2018.R1/Cross_Tools/gcc-arm-none-eabi-4_9/arm-none-eabi/newlib/lib/armv7e-m/fpu/crt0.o (exit)
C:/NXP/S32DS_ARM_v2018.R1/Cross_Tools/gcc-arm-none-eabi-4_9/arm-none-eabi/newlib/lib/armv7e-m/fpu\libc_nano.a(lib_a-impure.o)
                              C:/NXP/S32DS_ARM_v2018.R1/Cross_Tools/gcc-arm-none-eabi-4_9/arm-none-eabi/newlib/lib/armv7e-m/fpu\libc_nano.a(lib_a-exit.o) (_global_impure_ptr)
C:/NXP/S32DS_ARM_v2018.R1/Cross_Tools/gcc-arm-none-eabi-4_9/arm-none-eabi/newlib/lib/armv7e-m/fpu\libc_nano.a(lib_a-init.o)
                              C:/NXP/S32DS_ARM_v2018.R1/Cross_Tools/gcc-arm-none-eabi-4_9/arm-none-eabi/newlib/lib/armv7e-m/fpu/crt0.o (__libc_init_array)
C:/NXP/S32DS_ARM_v2018.R1/Cross_Tools/gcc-arm-none-eabi-4_9/arm-none-eabi/newlib/lib/armv7e-m/fpu\libc_nano.a(lib_a-memset.o)
                              C:/NXP/S32DS_ARM_v2018.R1/Cross_Tools/gcc-arm-none-eabi-4_9/arm-none-eabi/newlib/lib/armv7e-m/fpu/crt0.o (memset)
C:/NXP/S32DS_ARM_v2018.R1/Cross_Tools/gcc-arm-none-eabi-4_9/arm-none-eabi/newlib/lib/armv7e-m/fpu\libc_nano.a(lib_a-rand.o)
                              ./Sources/ledstrip.o (rand)
C:/NXP/S32DS_ARM_v2018.R1/Cross_Tools/gcc-arm-none-eabi-4_9/arm-none-eabi/newlib/lib/armv7e-m/fpu\libc_nano.a(lib_a-malloc.o)
                              C:/NXP/S32DS_ARM_v2018.R1/Cross_Tools/gcc-arm-none-eabi-4_9/arm-none-eabi/newlib/lib/armv7e-m/fpu\libc_nano.a(lib_a-rand.o) (malloc)
C:/NXP/S32DS_ARM_v2018.R1/Cross_Tools/gcc-arm-none-eabi-4_9/arm-none-eabi/newlib/lib/armv7e-m/fpu\libc_nano.a(lib_a-nano-freer.o)
                              C:/NXP/S32DS_ARM_v2018.R1/Cross_Tools/gcc-arm-none-eabi-4_9/arm-none-eabi/newlib/lib/armv7e-m/fpu\libc_nano.a(lib_a-malloc.o) (_free_r)
C:/NXP/S32DS_ARM_v2018.R1/Cross_Tools/gcc-arm-none-eabi-4_9/arm-none-eabi/newlib/lib/armv7e-m/fpu\libc_nano.a(lib_a-nano-mallocr.o)
                              C:/NXP/S32DS_ARM_v2018.R1/Cross_Tools/gcc-arm-none-eabi-4_9/arm-none-eabi/newlib/lib/armv7e-m/fpu\libc_nano.a(lib_a-malloc.o) (_malloc_r)
C:/NXP/S32DS_ARM_v2018.R1/Cross_Tools/gcc-arm-none-eabi-4_9/arm-none-eabi/newlib/lib/armv7e-m/fpu\libc_nano.a(lib_a-sbrkr.o)
                              C:/NXP/S32DS_ARM_v2018.R1/Cross_Tools/gcc-arm-none-eabi-4_9/arm-none-eabi/newlib/lib/armv7e-m/fpu\libc_nano.a(lib_a-nano-mallocr.o) (_sbrk_r)
C:/NXP/S32DS_ARM_v2018.R1/Cross_Tools/gcc-arm-none-eabi-4_9/arm-none-eabi/newlib/lib/armv7e-m/fpu\libc_nano.a(lib_a-reent.o)
                              C:/NXP/S32DS_ARM_v2018.R1/Cross_Tools/gcc-arm-none-eabi-4_9/arm-none-eabi/newlib/lib/armv7e-m/fpu\libc_nano.a(lib_a-sbrkr.o) (errno)
C:/NXP/S32DS_ARM_v2018.R1/Cross_Tools/gcc-arm-none-eabi-4_9/arm-none-eabi/newlib/lib/armv7e-m/fpu\librdimon_nano.a(rdimon-syscalls.o)
                              C:/NXP/S32DS_ARM_v2018.R1/Cross_Tools/gcc-arm-none-eabi-4_9/arm-none-eabi/newlib/lib/armv7e-m/fpu\libc_nano.a(lib_a-sbrkr.o) (_sbrk)
C:/NXP/S32DS_ARM_v2018.R1/Cross_Tools/gcc-arm-none-eabi-4_9/arm-none-eabi/newlib/lib/armv7e-m/fpu\librdimon_nano.a(rdimon-_exit.o)
                              C:/NXP/S32DS_ARM_v2018.R1/Cross_Tools/gcc-arm-none-eabi-4_9/arm-none-eabi/newlib/lib/armv7e-m/fpu\libc_nano.a(lib_a-exit.o) (_exit)
C:/NXP/S32DS_ARM_v2018.R1/Cross_Tools/gcc-arm-none-eabi-4_9/arm-none-eabi/newlib/lib/armv7e-m/fpu\librdimon_nano.a(rdimon-_kill.o)
                              C:/NXP/S32DS_ARM_v2018.R1/Cross_Tools/gcc-arm-none-eabi-4_9/arm-none-eabi/newlib/lib/armv7e-m/fpu\librdimon_nano.a(rdimon-_exit.o) (_kill)
C:/NXP/S32DS_ARM_v2018.R1/Cross_Tools/gcc-arm-none-eabi-4_9/arm-none-eabi/newlib/lib/armv7e-m/fpu\libc_nano.a(lib_a-errno.o)
                              C:/NXP/S32DS_ARM_v2018.R1/Cross_Tools/gcc-arm-none-eabi-4_9/arm-none-eabi/newlib/lib/armv7e-m/fpu\librdimon_nano.a(rdimon-syscalls.o) (__errno)
C:/NXP/S32DS_ARM_v2018.R1/Cross_Tools/gcc-arm-none-eabi-4_9/arm-none-eabi/newlib/lib/armv7e-m/fpu\libc_nano.a(lib_a-findfp.o)
                              C:/NXP/S32DS_ARM_v2018.R1/Cross_Tools/gcc-arm-none-eabi-4_9/arm-none-eabi/newlib/lib/armv7e-m/fpu\librdimon_nano.a(rdimon-syscalls.o) (__sinit)
C:/NXP/S32DS_ARM_v2018.R1/Cross_Tools/gcc-arm-none-eabi-4_9/arm-none-eabi/newlib/lib/armv7e-m/fpu\libc_nano.a(lib_a-fwalk.o)
                              C:/NXP/S32DS_ARM_v2018.R1/Cross_Tools/gcc-arm-none-eabi-4_9/arm-none-eabi/newlib/lib/armv7e-m/fpu\libc_nano.a(lib_a-findfp.o) (_fwalk)
C:/NXP/S32DS_ARM_v2018.R1/Cross_Tools/gcc-arm-none-eabi-4_9/arm-none-eabi/newlib/lib/armv7e-m/fpu\libc_nano.a(lib_a-stdio.o)
                              C:/NXP/S32DS_ARM_v2018.R1/Cross_Tools/gcc-arm-none-eabi-4_9/arm-none-eabi/newlib/lib/armv7e-m/fpu\libc_nano.a(lib_a-findfp.o) (__sread)
[...]
Memory Configuration

Name             Origin             Length             Attributes
m_interrupts     0x1fff8000         0x00000400         xr
m_text           0x1fff8400         0x00007c00         xr
m_data           0x20000000         0x00007000         rw
*default*        0x00000000         0xffffffff

Linker script and memory map

LOAD c:/nxp/s32ds_arm_v2018.r1/cross_tools/gcc-arm-none-eabi-4_9/bin/../lib/gcc/arm-none-eabi/4.9.3/armv7e-m/fpu/crti.o
LOAD c:/nxp/s32ds_arm_v2018.r1/cross_tools/gcc-arm-none-eabi-4_9/bin/../lib/gcc/arm-none-eabi/4.9.3/armv7e-m/fpu/crtbegin.o
LOAD C:/NXP/S32DS_ARM_v2018.R1/Cross_Tools/gcc-arm-none-eabi-4_9/arm-none-eabi/newlib/lib/armv7e-m/fpu/crt0.o
LOAD ./Sources/uart_receiver.o
LOAD ./Sources/test.o
LOAD ./Sources/main.o
LOAD ./Sources/ledstrip.o
LOAD ./Sources/init.o
LOAD ./Sources/can_receiver.o
LOAD ./SDK/rtos/osif/osif_baremetal.o
LOAD ./SDK/platform/pal/wdg/src/wdg_pal.o
LOAD ./SDK/platform/pal/uart/src/uart_pal.o
LOAD ./SDK/platform/pal/i2c/src/i2c_pal.o
LOAD ./SDK/platform/pal/can/src/can_pal.o
LOAD ./SDK/platform/drivers/src/wdog/wdog_hw_access.o
LOAD ./SDK/platform/drivers/src/wdog/wdog_driver.o
LOAD ./SDK/platform/drivers/src/pins/pins_port_hw_access.o
LOAD ./SDK/platform/drivers/src/pins/pins_driver.o
LOAD ./SDK/platform/drivers/src/lpuart/lpuart_irq.o
LOAD ./SDK/platform/drivers/src/lpuart/lpuart_hw_access.o
LOAD ./SDK/platform/drivers/src/lpuart/lpuart_driver.o
LOAD ./SDK/platform/drivers/src/lpspi/lpspi_slave_driver.o
LOAD ./SDK/platform/drivers/src/lpspi/lpspi_shared_function.o
LOAD ./SDK/platform/drivers/src/lpspi/lpspi_master_driver.o
LOAD ./SDK/platform/drivers/src/lpspi/lpspi_irq.o
LOAD ./SDK/platform/drivers/src/lpspi/lpspi_hw_access.o
LOAD ./SDK/platform/drivers/src/lpi2c/lpi2c_irq.o
LOAD ./SDK/platform/drivers/src/lpi2c/lpi2c_hw_access.o
LOAD ./SDK/platform/drivers/src/lpi2c/lpi2c_driver.o
LOAD ./SDK/platform/drivers/src/interrupt/interrupt_manager.o
LOAD ./SDK/platform/drivers/src/ftm/ftm_pwm_driver.o
LOAD ./SDK/platform/drivers/src/ftm/ftm_hw_access.o
LOAD ./SDK/platform/drivers/src/ftm/ftm_common.o
LOAD ./SDK/platform/drivers/src/flexcan/flexcan_irq.o
LOAD ./SDK/platform/drivers/src/flexcan/flexcan_hw_access.o
LOAD ./SDK/platform/drivers/src/flexcan/flexcan_driver.o
LOAD ./SDK/platform/drivers/src/ewm/ewm_driver.o
LOAD ./SDK/platform/drivers/src/edma/edma_irq.o
LOAD ./SDK/platform/drivers/src/edma/edma_hw_access.o
LOAD ./SDK/platform/drivers/src/edma/edma_driver.o
LOAD ./SDK/platform/drivers/src/clock/clock_manager.o
LOAD ./SDK/platform/drivers/src/clock/S32K1xx/clock_S32K1xx.o
LOAD ./SDK/platform/devices/startup.o
LOAD ./SDK/platform/devices/S32K144/startup/system_S32K144.o
LOAD ./Project_Settings/Startup_Code/startup_S32K144.o
LOAD ./Generated_Code/wdg_pal1.o
LOAD ./Generated_Code/pin_mux.o
LOAD ./Generated_Code/lpuart1_uart.o
LOAD ./Generated_Code/lpuart0_uart.o
LOAD ./Generated_Code/i2c1.o
LOAD ./Generated_Code/flexTimer_pwm1.o
LOAD ./Generated_Code/dmaController1.o
LOAD ./Generated_Code/clockMan1.o
LOAD ./Generated_Code/can_pal1.o
LOAD ./Generated_Code/can_pal0.o
LOAD ./Generated_Code/Send1.o
LOAD ./Generated_Code/Send.o
LOAD ./Generated_Code/Cpu.o
LOAD C:/NXP/S32DS_ARM_v2018.R1/Cross_Tools/gcc-arm-none-eabi-4_9/arm-none-eabi/newlib/lib/armv7e-m/fpu\libc_nano.a
LOAD c:/nxp/s32ds_arm_v2018.r1/cross_tools/gcc-arm-none-eabi-4_9/bin/../lib/gcc/arm-none-eabi/4.9.3/armv7e-m/fpu\libgcc.a
LOAD C:/NXP/S32DS_ARM_v2018.R1/Cross_Tools/gcc-arm-none-eabi-4_9/arm-none-eabi/newlib/lib/armv7e-m/fpu\libm.a
LOAD C:/NXP/S32DS_ARM_v2018.R1/Cross_Tools/gcc-arm-none-eabi-4_9/arm-none-eabi/newlib/lib/armv7e-m/fpu\librdimon_nano.a
START GROUP
LOAD c:/nxp/s32ds_arm_v2018.r1/cross_tools/gcc-arm-none-eabi-4_9/bin/../lib/gcc/arm-none-eabi/4.9.3/armv7e-m/fpu\libgcc.a
LOAD C:/NXP/S32DS_ARM_v2018.R1/Cross_Tools/gcc-arm-none-eabi-4_9/arm-none-eabi/newlib/lib/armv7e-m/fpu\libc_nano.a
END GROUP
START GROUP
LOAD c:/nxp/s32ds_arm_v2018.r1/cross_tools/gcc-arm-none-eabi-4_9/bin/../lib/gcc/arm-none-eabi/4.9.3/armv7e-m/fpu\libgcc.a
LOAD C:/NXP/S32DS_ARM_v2018.R1/Cross_Tools/gcc-arm-none-eabi-4_9/arm-none-eabi/newlib/lib/armv7e-m/fpu\libc_nano.a
LOAD C:/NXP/S32DS_ARM_v2018.R1/Cross_Tools/gcc-arm-none-eabi-4_9/arm-none-eabi/newlib/lib/armv7e-m/fpu\libnosys.a
END GROUP
START GROUP
LOAD c:/nxp/s32ds_arm_v2018.r1/cross_tools/gcc-arm-none-eabi-4_9/bin/../lib/gcc/arm-none-eabi/4.9.3/armv7e-m/fpu\libgcc.a
LOAD C:/NXP/S32DS_ARM_v2018.R1/Cross_Tools/gcc-arm-none-eabi-4_9/arm-none-eabi/newlib/lib/armv7e-m/fpu\libc_nano.a
LOAD C:/NXP/S32DS_ARM_v2018.R1/Cross_Tools/gcc-arm-none-eabi-4_9/arm-none-eabi/newlib/lib/armv7e-m/fpu\libnosys.a
END GROUP
LOAD c:/nxp/s32ds_arm_v2018.r1/cross_tools/gcc-arm-none-eabi-4_9/bin/../lib/gcc/arm-none-eabi/4.9.3/armv7e-m/fpu/crtend.o
LOAD c:/nxp/s32ds_arm_v2018.r1/cross_tools/gcc-arm-none-eabi-4_9/bin/../lib/gcc/arm-none-eabi/4.9.3/armv7e-m/fpu/crtn.o
                0x00000400                HEAP_SIZE = DEFINED (__heap_size__)?__heap_size__:0x400
                0x00000400                STACK_SIZE = DEFINED (__stack_size__)?__stack_size__:0x400

.interrupts     0x1fff8000      0x400
                0x1fff8000                __VECTOR_TABLE = .
                0x1fff8000                . = ALIGN (0x4)
 *(.isr_vector)
 .isr_vector    0x1fff8000      0x400 ./Project_Settings/Startup_Code/startup_S32K144.o
                0x1fff8000                __isr_vector
                0x1fff8400                . = ALIGN (0x4)
                0x1fff8000                __VECTOR_RAM = __VECTOR_TABLE
                0x00000000                __RAM_VECTOR_TABLE_SIZE = 0x0

.text           0x1fff8400     0x8b38
                0x1fff8400                . = ALIGN (0x4)
 *(.text)
 .text          0x1fff8400       0x5c c:/nxp/s32ds_arm_v2018.r1/cross_tools/gcc-arm-none-eabi-4_9/bin/../lib/gcc/arm-none-eabi/4.9.3/armv7e-m/fpu/crtbegin.o
 .text          0x1fff845c       0x44 ./Project_Settings/Startup_Code/startup_S32K144.o
                0x1fff845c                Reset_Handler
                0x1fff849c                DebugMon_Handler
                0x1fff849c                Reserved88_IRQHandler
                0x1fff849c                HardFault_Handler
                0x1fff849c                Reserved86_IRQHandler
                0x1fff849c                Reserved103_IRQHandler
                0x1fff849c                FTM2_Ovf_Reload_IRQHandler
                0x1fff849c                Reserved50_IRQHandler
                0x1fff849c                FTFC_Fault_IRQHandler
                0x1fff849c                FTM0_Ch6_Ch7_IRQHandler
                0x1fff849c                Reserved114_IRQHandler
                0x1fff849c                PendSV_Handler
                0x1fff849c                NMI_Handler
                0x1fff849c                Reserved89_IRQHandler
                0x1fff849c                ERM_double_fault_IRQHandler
                0x1fff849c                Reserved59_IRQHandler
                0x1fff849c                LPIT0_Ch0_IRQHandler
                0x1fff849c                Reserved99_IRQHandler
                0x1fff849c                FTM3_Ch6_Ch7_IRQHandler
                0x1fff849c                LPIT0_Ch3_IRQHandler
                0x1fff849c                Reserved92_IRQHandler
                0x1fff849c                FTM0_Ch4_Ch5_IRQHandler
                0x1fff849c                FTM3_Ch0_Ch1_IRQHandler
                0x1fff849c                SWI_IRQHandler
                0x1fff849c                ADC0_IRQHandler
                0x1fff849c                FTM2_Ch4_Ch5_IRQHandler
                0x1fff849c                UsageFault_Handler
                0x1fff849c                FTM0_Ovf_Reload_IRQHandler
                0x1fff849c                DefaultISR
                0x1fff849c                Reserved58_IRQHandler
                0x1fff849c                FTM1_Ch2_Ch3_IRQHandler
                0x1fff849c                Reserved82_IRQHandler
                0x1fff849c                Reserved71_IRQHandler
                0x1fff849c                PORTD_IRQHandler
                0x1fff849c                Reserved69_IRQHandler
                0x1fff849c                PORTB_IRQHandler
                0x1fff849c                Reserved70_IRQHandler
                0x1fff849c                ADC1_IRQHandler
                0x1fff849c                FTM2_Ch2_Ch3_IRQHandler
                0x1fff849c                Reserved53_IRQHandler
                0x1fff849c                RTC_IRQHandler
                0x1fff849c                PDB0_IRQHandler
                0x1fff849c                Reserved54_IRQHandler
                0x1fff849c                FTM2_Ch6_Ch7_IRQHandler
                0x1fff849c                FTM3_Ch2_Ch3_IRQHandler
                0x1fff849c                FTM2_Ch0_Ch1_IRQHandler
                0x1fff849c                LPUART1_RxTx_IRQHandler
                0x1fff849c                RTC_Seconds_IRQHandler
                0x1fff849c                Reserved72_IRQHandler
                0x1fff849c                Reserved110_IRQHandler
                0x1fff849c                Reserved107_IRQHandler
                0x1fff849c                Read_Collision_IRQHandler
                0x1fff849c                FTFC_IRQHandler
                0x1fff849c                FTM1_Ch6_Ch7_IRQHandler
                0x1fff849c                Reserved105_IRQHandler
                0x1fff849c                LPIT0_Ch1_IRQHandler
                0x1fff849c                FTM1_Ch4_Ch5_IRQHandler
                0x1fff849c                FTM3_Ovf_Reload_IRQHandler
                0x1fff849c                LPUART2_RxTx_IRQHandler
                0x1fff849c                WDOG_EWM_IRQHandler
                0x1fff849c                MemManage_Handler
                0x1fff849c                Reserved90_IRQHandler
                0x1fff849c                Reserved83_IRQHandler
                0x1fff849c                FTM0_Fault_IRQHandler
                0x1fff849c                Reserved48_IRQHandler
                0x1fff849c                SVC_Handler
                0x1fff849c                ERM_single_fault_IRQHandler
                0x1fff849c                FTM2_Fault_IRQHandler
                0x1fff849c                FTM0_Ch2_Ch3_IRQHandler
                0x1fff849c                FTM0_Ch0_Ch1_IRQHandler
                0x1fff849c                FTM3_Fault_IRQHandler
                0x1fff849c                RCM_IRQHandler
                0x1fff849c                Reserved100_IRQHandler
                0x1fff849c                Reserved91_IRQHandler
                0x1fff849c                SCG_IRQHandler
                0x1fff849c                PDB1_IRQHandler
                0x1fff849c                Reserved81_IRQHandler
                0x1fff849c                Reserved46_IRQHandler
                0x1fff849c                Reserved45_IRQHandler
                0x1fff849c                Reserved112_IRQHandler
                0x1fff849c                FTM1_Fault_IRQHandler
                0x1fff849c                Reserved106_IRQHandler
                0x1fff849c                LVD_LVW_IRQHandler
                0x1fff849c                LPIT0_Ch2_IRQHandler
                0x1fff849c                PORTA_IRQHandler
                0x1fff849c                MCM_IRQHandler
                0x1fff849c                FTM3_Ch4_Ch5_IRQHandler
                0x1fff849c                PORTE_IRQHandler
                0x1fff849c                LPUART0_RxTx_IRQHandler
                0x1fff849c                LPTMR0_IRQHandler
                0x1fff849c                BusFault_Handler
                0x1fff849c                Reserved87_IRQHandler
                0x1fff849c                FTM1_Ovf_Reload_IRQHandler
                0x1fff849c                Reserved93_IRQHandler
                0x1fff849c                CMP0_IRQHandler
                0x1fff849c                Reserved52_IRQHandler
                0x1fff849c                PORTC_IRQHandler
                0x1fff849c                FTM1_Ch0_Ch1_IRQHandler
                0x1fff849c                FLEXIO_IRQHandler
                0x1fff849c                Reserved113_IRQHandler
 *(.text*)
 .text.dms_test
                0x1fff84a0       0x7c ./Sources/uart_receiver.o
                0x1fff84a0                dms_test
 .text.uart_receive
                0x1fff851c      0x370 ./Sources/uart_receiver.o
                0x1fff851c                uart_receive
 .text.uart     0x1fff888c       0x38 ./Sources/test.o
                0x1fff888c                uart
 .text.hx8880_spi
                0x1fff88c4       0xb4 ./Sources/test.o
                0x1fff88c4                hx8880_spi
 .text.pwm_test
                0x1fff8978       0x40 ./Sources/test.o
                0x1fff8978                pwm_test
 .text.LED_strip
                0x1fff89b8       0x24 ./Sources/test.o
                0x1fff89b8                LED_strip
 .text.can_reply_status2
                0x1fff89dc       0x74 ./Sources/test.o
                0x1fff89dc                can_reply_status2
 .text.uart_can_uart_test
                0x1fff8a50      0x470 ./Sources/test.o
                0x1fff8a50                uart_can_uart_test
 .text.board_init
                0x1fff8ec0       0x2c ./Sources/main.o
                0x1fff8ec0                board_init
 .text.main     0x1fff8eec       0x40 ./Sources/main.o
                0x1fff8eec                main
 .text.dec_turn_spi_number
                0x1fff8f2c       0x6c ./Sources/ledstrip.o
                0x1fff8f2c                dec_turn_spi_number
 .text.rgb_select
                0x1fff8f98       0x54 ./Sources/ledstrip.o
                0x1fff8f98                rgb_select
 .text.rgb_color
                0x1fff8fec       0x70 ./Sources/ledstrip.o
                0x1fff8fec                rgb_color
 .text.Fade_Transition
                0x1fff905c      0x3f8 ./Sources/ledstrip.o
                0x1fff905c                Fade_Transition
 .text.Expand_to_Fill
                0x1fff9454      0x108 ./Sources/ledstrip.o
                0x1fff9454                Expand_to_Fill
 .text.Dashed_Expansion
                0x1fff955c      0x130 ./Sources/ledstrip.o
                0x1fff955c                Dashed_Expansion
 .text.Pixel_Light
                0x1fff968c       0xf0 ./Sources/ledstrip.o
                0x1fff968c                Pixel_Light
 .text.News_Ticker
                0x1fff977c      0x5d4 ./Sources/ledstrip.o
                0x1fff977c                News_Ticker
 .text.Breathing_Light
                0x1fff9d50      0x220 ./Sources/ledstrip.o
                0x1fff9d50                Breathing_Light
 .text.uart_init
                0x1fff9f70       0x1c ./Sources/init.o
                0x1fff9f70                uart_init
 .text.can_init
                0x1fff9f8c       0x64 ./Sources/init.o
                0x1fff9f8c                can_init
 .text.ledsrip_spi_init
                0x1fff9ff0       0x3c ./Sources/init.o
                0x1fff9ff0                ledsrip_spi_init
 .text.wdg_init
                0x1fffa02c       0x10 ./Sources/init.o
                0x1fffa02c                wdg_init
 .text.pwm_init
                0x1fffa03c       0x24 ./Sources/init.o
                0x1fffa03c                pwm_init
 .text.hx8880_spi_init
                0x1fffa060       0x18 ./Sources/init.o
                0x1fffa060                hx8880_spi_init
 .text.can_reply_status
                0x1fffa078       0x74 ./Sources/can_receiver.o
                0x1fffa078                can_reply_status
 .text.can_receive
                0x1fffa0ec      0x2c0 ./Sources/can_receiver.o
                0x1fffa0ec                can_receive
 .text.SysTick_Handler
                0x1fffa3ac       0x10 ./SDK/rtos/osif/osif_baremetal.o
                0x1fffa3ac                SysTick_Handler
 .text.OSIF_TimeDelay
                0x1fffa3bc       0x58 ./SDK/rtos/osif/osif_baremetal.o
                0x1fffa3bc                OSIF_TimeDelay
 .text.OSIF_SemaPost
                0x1fffa414       0x2c ./SDK/rtos/osif/osif_baremetal.o
                0x1fffa414                OSIF_SemaPost
 .text.OSIF_SemaCreate
                0x1fffa440       0x1c ./SDK/rtos/osif/osif_baremetal.o
                0x1fffa440                OSIF_SemaCreate
 .text.OSIF_SemaDestroy
                0x1fffa45c        0xc ./SDK/rtos/osif/osif_baremetal.o
                0x1fffa45c                OSIF_SemaDestroy
 .text.WDG_Init
                0x1fffa468       0x7c ./SDK/platform/pal/wdg/src/wdg_pal.o
                0x1fffa468                WDG_Init
 .text.WDG_Refresh
                0x1fffa4e4        0xc ./SDK/platform/pal/wdg/src/wdg_pal.o
                0x1fffa4e4                WDG_Refresh
 .text.UART_Init
                0x1fffa4f0       0xc8 ./SDK/platform/pal/uart/src/uart_pal.o
                0x1fffa4f0                UART_Init
 .text.UART_SendData
                0x1fffa5b8       0x10 ./SDK/platform/pal/uart/src/uart_pal.o
                0x1fffa5b8                UART_SendData
 .text.UART_GetTransmitStatus
                0x1fffa5c8       0x10 ./SDK/platform/pal/uart/src/uart_pal.o
                0x1fffa5c8                UART_GetTransmitStatus
 .text.UART_ReceiveData
                0x1fffa5d8       0x10 ./SDK/platform/pal/uart/src/uart_pal.o
                0x1fffa5d8                UART_ReceiveData
 .text.UART_GetReceiveStatus
                0x1fffa5e8       0x10 ./SDK/platform/pal/uart/src/uart_pal.o
                0x1fffa5e8                UART_GetReceiveStatus
 .text.CAN_Init
                0x1fffa5f8      0x108 ./SDK/platform/pal/can/src/can_pal.o
                0x1fffa5f8                CAN_Init
 .text.CAN_ConfigTxBuff
                0x1fffa700       0x88 ./SDK/platform/pal/can/src/can_pal.o
                0x1fffa700                CAN_ConfigTxBuff
 .text.CAN_ConfigRxBuff
                0x1fffa788       0x84 ./SDK/platform/pal/can/src/can_pal.o
                0x1fffa788                CAN_ConfigRxBuff
 .text.CAN_Send
                0x1fffa80c       0x88 ./SDK/platform/pal/can/src/can_pal.o
                0x1fffa80c                CAN_Send
 .text.CAN_Receive
                0x1fffa894       0x40 ./SDK/platform/pal/can/src/can_pal.o
                0x1fffa894                CAN_Receive
 .text.CAN_GetTransferStatus
                0x1fffa8d4       0x34 ./SDK/platform/pal/can/src/can_pal.o
                0x1fffa8d4                CAN_GetTransferStatus
 .text.WDOG_Config
                0x1fffa908       0xec ./SDK/platform/drivers/src/wdog/wdog_hw_access.o
                0x1fffa908                WDOG_Config
 .text.WDOG_DRV_GetClockSourceFreq
                0x1fffa9f4       0x48 ./SDK/platform/drivers/src/wdog/wdog_driver.o
 .text.WDOG_DRV_Init
                0x1fffaa3c       0x68 ./SDK/platform/drivers/src/wdog/wdog_driver.o
                0x1fffaa3c                WDOG_DRV_Init
 .text.WDOG_DRV_Trigger
                0x1fffaaa4       0x34 ./SDK/platform/drivers/src/wdog/wdog_driver.o
                0x1fffaaa4                WDOG_DRV_Trigger
 .text.PINS_Init
                0x1fffaad8      0x10c ./SDK/platform/drivers/src/pins/pins_port_hw_access.o
                0x1fffaad8                PINS_Init
 .text.PINS_DRV_Init
                0x1fffabe4       0x28 ./SDK/platform/drivers/src/pins/pins_driver.o
                0x1fffabe4                PINS_DRV_Init
 .text.LPUART0_IrqHandler
                0x1fffac0c        0xc ./SDK/platform/drivers/src/lpuart/lpuart_irq.o
                0x1fffac0c                LPUART0_IrqHandler
 .text.LPUART1_IrqHandler
                0x1fffac18        0xc ./SDK/platform/drivers/src/lpuart/lpuart_irq.o
                0x1fffac18                LPUART1_IrqHandler
 .text.LPUART2_IrqHandler
                0x1fffac24        0xc ./SDK/platform/drivers/src/lpuart/lpuart_irq.o
                0x1fffac24                LPUART2_IrqHandler
 .text.LPUART_Init
                0x1fffac30       0x24 ./SDK/platform/drivers/src/lpuart/lpuart_hw_access.o
                0x1fffac30                LPUART_Init
 .text.LPUART_SetBitCountPerChar
                0x1fffac54       0x24 ./SDK/platform/drivers/src/lpuart/lpuart_hw_access.o
                0x1fffac54                LPUART_SetBitCountPerChar
 .text.LPUART_SetParityMode
                0x1fffac78       0x20 ./SDK/platform/drivers/src/lpuart/lpuart_hw_access.o
                0x1fffac78                LPUART_SetParityMode
 .text.LPUART_Putchar9
                0x1fffac98       0x18 ./SDK/platform/drivers/src/lpuart/lpuart_hw_access.o
                0x1fffac98                LPUART_Putchar9
 .text.LPUART_Putchar10
                0x1fffacb0       0x24 ./SDK/platform/drivers/src/lpuart/lpuart_hw_access.o
                0x1fffacb0                LPUART_Putchar10
 .text.LPUART_Getchar9
                0x1fffacd4       0x20 ./SDK/platform/drivers/src/lpuart/lpuart_hw_access.o
                0x1fffacd4                LPUART_Getchar9
 .text.LPUART_Getchar10
                0x1fffacf4       0x2c ./SDK/platform/drivers/src/lpuart/lpuart_hw_access.o
                0x1fffacf4                LPUART_Getchar10
 .text.LPUART_SetIntMode
                0x1fffad20       0xb4 ./SDK/platform/drivers/src/lpuart/lpuart_hw_access.o
                0x1fffad20                LPUART_SetIntMode
 .text.LPUART_GetIntMode
                0x1fffadd4       0x78 ./SDK/platform/drivers/src/lpuart/lpuart_hw_access.o
                0x1fffadd4                LPUART_GetIntMode
 .text.LPUART_GetStatusFlag
                0x1fffae4c       0x78 ./SDK/platform/drivers/src/lpuart/lpuart_hw_access.o
                0x1fffae4c                LPUART_GetStatusFlag
 .text.LPUART_ClearStatusFlag
                0x1fffaec4      0x138 ./SDK/platform/drivers/src/lpuart/lpuart_hw_access.o
                0x1fffaec4                LPUART_ClearStatusFlag
 .text.LPUART_DRV_StartSendDataUsingInt
                0x1fffaffc       0x68 ./SDK/platform/drivers/src/lpuart/lpuart_driver.o
 .text.LPUART_DRV_StartReceiveDataUsingInt
                0x1fffb064       0x7c ./SDK/platform/drivers/src/lpuart/lpuart_driver.o
 .text.LPUART_DRV_StartSendDataUsingDma
                0x1fffb0e0       0x84 ./SDK/platform/drivers/src/lpuart/lpuart_driver.o
 .text.LPUART_DRV_StartReceiveDataUsingDma
                0x1fffb164       0x9c ./SDK/platform/drivers/src/lpuart/lpuart_driver.o
 .text.LPUART_DRV_CompleteSendDataUsingInt
                0x1fffb200       0x44 ./SDK/platform/drivers/src/lpuart/lpuart_driver.o
 .text.LPUART_DRV_CompleteReceiveDataUsingInt
                0x1fffb244       0x54 ./SDK/platform/drivers/src/lpuart/lpuart_driver.o
 .text.LPUART_DRV_CompleteSendDataUsingDma
                0x1fffb298       0x50 ./SDK/platform/drivers/src/lpuart/lpuart_driver.o
 .text.LPUART_DRV_CompleteReceiveDataUsingDma
                0x1fffb2e8       0x5c ./SDK/platform/drivers/src/lpuart/lpuart_driver.o
 .text.LPUART_DRV_PutData
                0x1fffb344       0x44 ./SDK/platform/drivers/src/lpuart/lpuart_driver.o
 .text.LPUART_DRV_GetData
                0x1fffb388       0x60 ./SDK/platform/drivers/src/lpuart/lpuart_driver.o
 .text.LPUART_DRV_InstallRxCallback
                0x1fffb3e8       0x1c ./SDK/platform/drivers/src/lpuart/lpuart_driver.o
                0x1fffb3e8                LPUART_DRV_InstallRxCallback
 .text.LPUART_DRV_InstallTxCallback
                0x1fffb404       0x1c ./SDK/platform/drivers/src/lpuart/lpuart_driver.o
                0x1fffb404                LPUART_DRV_InstallTxCallback
 .text.LPUART_DRV_SendData
                0x1fffb420       0x3c ./SDK/platform/drivers/src/lpuart/lpuart_driver.o
                0x1fffb420                LPUART_DRV_SendData
 .text.LPUART_DRV_GetTransmitStatus
                0x1fffb45c       0x48 ./SDK/platform/drivers/src/lpuart/lpuart_driver.o
                0x1fffb45c                LPUART_DRV_GetTransmitStatus
 .text.LPUART_DRV_ReceiveData
                0x1fffb4a4       0x3c ./SDK/platform/drivers/src/lpuart/lpuart_driver.o
                0x1fffb4a4                LPUART_DRV_ReceiveData
 .text.LPUART_DRV_GetReceiveStatus
                0x1fffb4e0       0x48 ./SDK/platform/drivers/src/lpuart/lpuart_driver.o
                0x1fffb4e0                LPUART_DRV_GetReceiveStatus
 .text.LPUART_DRV_SetBaudRate
                0x1fffb528       0xd4 ./SDK/platform/drivers/src/lpuart/lpuart_driver.o
                0x1fffb528                LPUART_DRV_SetBaudRate
 .text.LPUART_DRV_Init
                0x1fffb5fc      0x124 ./SDK/platform/drivers/src/lpuart/lpuart_driver.o
                0x1fffb5fc                LPUART_DRV_Init
 .text.LPUART_DRV_IRQHandler
                0x1fffb720      0x104 ./SDK/platform/drivers/src/lpuart/lpuart_driver.o
                0x1fffb720                LPUART_DRV_IRQHandler
 .text.LPSPI_DRV_SlaveTransfer
                0x1fffb824      0x1d8 ./SDK/platform/drivers/src/lpspi/lpspi_slave_driver.o
                0x1fffb824                LPSPI_DRV_SlaveTransfer
 .text.LPSPI_DRV_SlaveAbortTransfer
                0x1fffb9fc       0x80 ./SDK/platform/drivers/src/lpspi/lpspi_slave_driver.o
                0x1fffb9fc                LPSPI_DRV_SlaveAbortTransfer
 .text.LPSPI_DRV_SlaveCompleteDMATransfer
                0x1fffba7c       0x20 ./SDK/platform/drivers/src/lpspi/lpspi_slave_driver.o
 .text.LPSPI_DRV_SlaveIRQHandler
                0x1fffba9c       0xc0 ./SDK/platform/drivers/src/lpspi/lpspi_slave_driver.o
                0x1fffba9c                LPSPI_DRV_SlaveIRQHandler
 .text.LPSPI_DRV_IRQHandler
                0x1fffbb5c       0x28 ./SDK/platform/drivers/src/lpspi/lpspi_shared_function.o
                0x1fffbb5c                LPSPI_DRV_IRQHandler
 .text.LPSPI_DRV_FillupTxBuffer
                0x1fffbb84       0xd8 ./SDK/platform/drivers/src/lpspi/lpspi_shared_function.o
                0x1fffbb84                LPSPI_DRV_FillupTxBuffer
 .text.LPSPI_DRV_ReadRXBuffer
                0x1fffbc5c      0x118 ./SDK/platform/drivers/src/lpspi/lpspi_shared_function.o
                0x1fffbc5c                LPSPI_DRV_ReadRXBuffer
 .text.LPSPI_DRV_DisableTEIEInterrupts
                0x1fffbd74       0x30 ./SDK/platform/drivers/src/lpspi/lpspi_shared_function.o
                0x1fffbd74                LPSPI_DRV_DisableTEIEInterrupts
 .text.LPSPI_DRV_MasterClearCountinuous
                0x1fffbda4       0x14 ./SDK/platform/drivers/src/lpspi/lpspi_master_driver.o
 .text.LPSPI_DRV_MasterStartTransfer
                0x1fffbdb8      0x1d4 ./SDK/platform/drivers/src/lpspi/lpspi_master_driver.o
 .text.LPSPI_DRV_MasterCompleteTransfer
                0x1fffbf8c       0x74 ./SDK/platform/drivers/src/lpspi/lpspi_master_driver.o
 .text.LPSPI_DRV_MasterCompleteDMATransfer
                0x1fffc000        0x8 ./SDK/platform/drivers/src/lpspi/lpspi_master_driver.o
 .text.LPSPI_DRV_MasterConfigureBus
                0x1fffc008      0x120 ./SDK/platform/drivers/src/lpspi/lpspi_master_driver.o
                0x1fffc008                LPSPI_DRV_MasterConfigureBus
 .text.LPSPI_DRV_MasterInit
                0x1fffc128       0x90 ./SDK/platform/drivers/src/lpspi/lpspi_master_driver.o
                0x1fffc128                LPSPI_DRV_MasterInit
 .text.LPSPI_DRV_MasterTransfer
                0x1fffc1b8       0x28 ./SDK/platform/drivers/src/lpspi/lpspi_master_driver.o
                0x1fffc1b8                LPSPI_DRV_MasterTransfer
 .text.LPSPI_DRV_MasterAbortTransfer
                0x1fffc1e0       0x40 ./SDK/platform/drivers/src/lpspi/lpspi_master_driver.o
                0x1fffc1e0                LPSPI_DRV_MasterAbortTransfer
 .text.LPSPI_DRV_MasterIRQHandler
                0x1fffc220       0xa4 ./SDK/platform/drivers/src/lpspi/lpspi_master_driver.o
                0x1fffc220                LPSPI_DRV_MasterIRQHandler
 .text.LPSPI0_IRQHandler
                0x1fffc2c4        0xc ./SDK/platform/drivers/src/lpspi/lpspi_irq.o
                0x1fffc2c4                LPSPI0_IRQHandler
 .text.LPSPI1_IRQHandler
                0x1fffc2d0        0xc ./SDK/platform/drivers/src/lpspi/lpspi_irq.o
                0x1fffc2d0                LPSPI1_IRQHandler
 .text.LPSPI2_IRQHandler
                0x1fffc2dc        0xc ./SDK/platform/drivers/src/lpspi/lpspi_irq.o
                0x1fffc2dc                LPSPI2_IRQHandler
 .text.LPSPI_Init
                0x1fffc2e8        0xc ./SDK/platform/drivers/src/lpspi/lpspi_hw_access.o
                0x1fffc2e8                LPSPI_Init
 .text.LPSPI_Disable
                0x1fffc2f4       0x18 ./SDK/platform/drivers/src/lpspi/lpspi_hw_access.o
                0x1fffc2f4                LPSPI_Disable
 .text.LPSPI_SetMasterSlaveMode
                0x1fffc30c       0x1c ./SDK/platform/drivers/src/lpspi/lpspi_hw_access.o
                0x1fffc30c                LPSPI_SetMasterSlaveMode
 .text.LPSPI_GetFifoSizes
                0x1fffc328       0x24 ./SDK/platform/drivers/src/lpspi/lpspi_hw_access.o
                0x1fffc328                LPSPI_GetFifoSizes
 .text.LPSPI_SetFlushFifoCmd
                0x1fffc34c       0x10 ./SDK/platform/drivers/src/lpspi/lpspi_hw_access.o
                0x1fffc34c                LPSPI_SetFlushFifoCmd
 .text.LPSPI_ClearStatusFlag
                0x1fffc35c       0x30 ./SDK/platform/drivers/src/lpspi/lpspi_hw_access.o
                0x1fffc35c                LPSPI_ClearStatusFlag
 .text.LPSPI_SetPcsPolarityMode
                0x1fffc38c       0x2c ./SDK/platform/drivers/src/lpspi/lpspi_hw_access.o
                0x1fffc38c                LPSPI_SetPcsPolarityMode
 .text.LPSPI_SetPinConfigMode
                0x1fffc3b8       0x30 ./SDK/platform/drivers/src/lpspi/lpspi_hw_access.o
                0x1fffc3b8                LPSPI_SetPinConfigMode
 .text.LPSPI_SetDelay
                0x1fffc3e8       0x3c ./SDK/platform/drivers/src/lpspi/lpspi_hw_access.o
                0x1fffc3e8                LPSPI_SetDelay
 .text.LPSPI_SetBaudRate
                0x1fffc424       0xc4 ./SDK/platform/drivers/src/lpspi/lpspi_hw_access.o
                0x1fffc424                LPSPI_SetBaudRate
 .text.LPSPI_SetTxCommandReg
                0x1fffc4e8       0x4c ./SDK/platform/drivers/src/lpspi/lpspi_hw_access.o
                0x1fffc4e8                LPSPI_SetTxCommandReg
 .text.LPI2C0_Master_IRQHandler
                0x1fffc534        0xc ./SDK/platform/drivers/src/lpi2c/lpi2c_irq.o
                0x1fffc534                LPI2C0_Master_IRQHandler
 .text.LPI2C0_Slave_IRQHandler
                0x1fffc540        0xc ./SDK/platform/drivers/src/lpi2c/lpi2c_irq.o
                0x1fffc540                LPI2C0_Slave_IRQHandler
 .text.LPI2C_DRV_MasterQueueData
                0x1fffc54c       0x5c ./SDK/platform/drivers/src/lpi2c/lpi2c_driver.o
 .text.LPI2C_DRV_MasterEndTransfer
                0x1fffc5a8       0x68 ./SDK/platform/drivers/src/lpi2c/lpi2c_driver.o
 .text.LPI2C_DRV_SlaveEndTransfer
                0x1fffc610       0x58 ./SDK/platform/drivers/src/lpi2c/lpi2c_driver.o
 .text.LPI2C_DRV_ConfigureDmaTransfer
                0x1fffc668       0x60 ./SDK/platform/drivers/src/lpi2c/lpi2c_driver.o
 .text.LPI2C_DRV_SlaveStartDmaTransfer
                0x1fffc6c8       0x9c ./SDK/platform/drivers/src/lpi2c/lpi2c_driver.o
 .text.LPI2C_DRV_MasterIRQHandler
                0x1fffc764      0x248 ./SDK/platform/drivers/src/lpi2c/lpi2c_driver.o
                0x1fffc764                LPI2C_DRV_MasterIRQHandler
 .text.LPI2C_DRV_SlaveIRQHandler
                0x1fffc9ac      0x244 ./SDK/platform/drivers/src/lpi2c/lpi2c_driver.o
                0x1fffc9ac                LPI2C_DRV_SlaveIRQHandler
 .text.INT_SYS_InstallHandler
                0x1fffcbf0       0x48 ./SDK/platform/drivers/src/interrupt/interrupt_manager.o
                0x1fffcbf0                INT_SYS_InstallHandler
 .text.INT_SYS_EnableIRQ
                0x1fffcc38       0x2c ./SDK/platform/drivers/src/interrupt/interrupt_manager.o
                0x1fffcc38                INT_SYS_EnableIRQ
 .text.INT_SYS_DisableIRQ
                0x1fffcc64       0x2c ./SDK/platform/drivers/src/interrupt/interrupt_manager.o
                0x1fffcc64                INT_SYS_DisableIRQ
 .text.INT_SYS_EnableIRQGlobal
                0x1fffcc90       0x1c ./SDK/platform/drivers/src/interrupt/interrupt_manager.o
                0x1fffcc90                INT_SYS_EnableIRQGlobal
 .text.INT_SYS_DisableIRQGlobal
                0x1fffccac       0x10 ./SDK/platform/drivers/src/interrupt/interrupt_manager.o
                0x1fffccac                INT_SYS_DisableIRQGlobal
 .text.FTM_DRV_UpdatePwmChannel
                0x1fffccbc      0x178 ./SDK/platform/drivers/src/ftm/ftm_pwm_driver.o
                0x1fffccbc                FTM_DRV_UpdatePwmChannel
 .text.FTM_DRV_InitPwm
                0x1fffce34      0x728 ./SDK/platform/drivers/src/ftm/ftm_pwm_driver.o
                0x1fffce34                FTM_DRV_InitPwm
 .text.FTM_DRV_InitModule
                0x1fffd55c       0x18 ./SDK/platform/drivers/src/ftm/ftm_hw_access.o
                0x1fffd55c                FTM_DRV_InitModule
 .text.FTM_DRV_Reset
                0x1fffd574       0x68 ./SDK/platform/drivers/src/ftm/ftm_hw_access.o
                0x1fffd574                FTM_DRV_Reset
 .text.FTM_DRV_SetChnTriggerCmd
                0x1fffd5dc       0x38 ./SDK/platform/drivers/src/ftm/ftm_hw_access.o
                0x1fffd5dc                FTM_DRV_SetChnTriggerCmd
 .text.FTM_DRV_SetHardwareSyncTriggerSrc
                0x1fffd614       0x24 ./SDK/platform/drivers/src/ftm/ftm_common.o
 .text.FTM_DRV_SetSync
                0x1fffd638      0x1a0 ./SDK/platform/drivers/src/ftm/ftm_common.o
                0x1fffd638                FTM_DRV_SetSync
 .text.FTM_DRV_GetFrequency
                0x1fffd7d8       0x94 ./SDK/platform/drivers/src/ftm/ftm_common.o
                0x1fffd7d8                FTM_DRV_GetFrequency
 .text.FTM_DRV_Init
                0x1fffd86c       0xf4 ./SDK/platform/drivers/src/ftm/ftm_common.o
                0x1fffd86c                FTM_DRV_Init
 .text.FTM_DRV_ConvertFreqToPeriodTicks
                0x1fffd960       0x24 ./SDK/platform/drivers/src/ftm/ftm_common.o
                0x1fffd960                FTM_DRV_ConvertFreqToPeriodTicks
 .text.CAN0_ORed_IRQHandler
                0x1fffd984        0xc ./SDK/platform/drivers/src/flexcan/flexcan_irq.o
                0x1fffd984                CAN0_ORed_IRQHandler
 .text.CAN0_Error_IRQHandler
                0x1fffd990        0xc ./SDK/platform/drivers/src/flexcan/flexcan_irq.o
                0x1fffd990                CAN0_Error_IRQHandler
 .text.CAN0_Wake_Up_IRQHandler
                0x1fffd99c        0xc ./SDK/platform/drivers/src/flexcan/flexcan_irq.o
                0x1fffd99c                CAN0_Wake_Up_IRQHandler
 .text.CAN0_ORed_0_15_MB_IRQHandler
                0x1fffd9a8        0xc ./SDK/platform/drivers/src/flexcan/flexcan_irq.o
                0x1fffd9a8                CAN0_ORed_0_15_MB_IRQHandler
 .text.CAN0_ORed_16_31_MB_IRQHandler
                0x1fffd9b4        0xc ./SDK/platform/drivers/src/flexcan/flexcan_irq.o
                0x1fffd9b4                CAN0_ORed_16_31_MB_IRQHandler
 .text.CAN1_ORed_IRQHandler
                0x1fffd9c0        0xc ./SDK/platform/drivers/src/flexcan/flexcan_irq.o
                0x1fffd9c0                CAN1_ORed_IRQHandler
 .text.CAN1_Error_IRQHandler
                0x1fffd9cc        0xc ./SDK/platform/drivers/src/flexcan/flexcan_irq.o
                0x1fffd9cc                CAN1_Error_IRQHandler
 .text.CAN1_ORed_0_15_MB_IRQHandler
                0x1fffd9d8        0xc ./SDK/platform/drivers/src/flexcan/flexcan_irq.o
                0x1fffd9d8                CAN1_ORed_0_15_MB_IRQHandler
 .text.CAN2_ORed_IRQHandler
                0x1fffd9e4        0xc ./SDK/platform/drivers/src/flexcan/flexcan_irq.o
                0x1fffd9e4                CAN2_ORed_IRQHandler
 .text.CAN2_Error_IRQHandler
                0x1fffd9f0        0xc ./SDK/platform/drivers/src/flexcan/flexcan_irq.o
                0x1fffd9f0                CAN2_Error_IRQHandler
 .text.CAN2_ORed_0_15_MB_IRQHandler
                0x1fffd9fc        0xc ./SDK/platform/drivers/src/flexcan/flexcan_irq.o
                0x1fffd9fc                CAN2_ORed_0_15_MB_IRQHandler
 .text.FLEXCAN_ComputePayloadSize
                0x1fffda08       0x44 ./SDK/platform/drivers/src/flexcan/flexcan_hw_access.o
 .text.FLEXCAN_GetMaxMbNum
                0x1fffda4c       0x40 ./SDK/platform/drivers/src/flexcan/flexcan_hw_access.o
 .text.FLEXCAN_Enable
                0x1fffda8c       0x2c ./SDK/platform/drivers/src/flexcan/flexcan_hw_access.o
                0x1fffda8c                FLEXCAN_Enable
 .text.FLEXCAN_Disable
                0x1fffdab8       0x18 ./SDK/platform/drivers/src/flexcan/flexcan_hw_access.o
                0x1fffdab8                FLEXCAN_Disable
 .text.FLEXCAN_Init
                0x1fffdad0       0x5c ./SDK/platform/drivers/src/flexcan/flexcan_hw_access.o
                0x1fffdad0                FLEXCAN_Init
 .text.FLEXCAN_EnableRxFifo
                0x1fffdb2c       0x44 ./SDK/platform/drivers/src/flexcan/flexcan_hw_access.o
                0x1fffdb2c                FLEXCAN_EnableRxFifo
 .text.FLEXCAN_SetRxFifoFilter
                0x1fffdb70      0x16c ./SDK/platform/drivers/src/flexcan/flexcan_hw_access.o
                0x1fffdb70                FLEXCAN_SetRxFifoFilter
 .text.FLEXCAN_SetMsgBuffIntCmd
                0x1fffdcdc       0x40 ./SDK/platform/drivers/src/flexcan/flexcan_hw_access.o
                0x1fffdcdc                FLEXCAN_SetMsgBuffIntCmd
 .text.FLEXCAN_SetErrIntCmd
                0x1fffdd1c       0x28 ./SDK/platform/drivers/src/flexcan/flexcan_hw_access.o
                0x1fffdd1c                FLEXCAN_SetErrIntCmd
 .text.FLEXCAN_ExitFreezeMode
                0x1fffdd44       0x1c ./SDK/platform/drivers/src/flexcan/flexcan_hw_access.o
                0x1fffdd44                FLEXCAN_ExitFreezeMode
 .text.FLEXCAN_EnterFreezeMode
                0x1fffdd60       0x1c ./SDK/platform/drivers/src/flexcan/flexcan_hw_access.o
                0x1fffdd60                FLEXCAN_EnterFreezeMode
 .text.FLEXCAN_ClearErrIntStatusFlag
                0x1fffdd7c       0x10 ./SDK/platform/drivers/src/flexcan/flexcan_hw_access.o
                0x1fffdd7c                FLEXCAN_ClearErrIntStatusFlag
 .text.FLEXCAN_ReadRxFifo
                0x1fffdd8c       0x54 ./SDK/platform/drivers/src/flexcan/flexcan_hw_access.o
                0x1fffdd8c                FLEXCAN_ReadRxFifo
 .text.FLEXCAN_SetOperationMode
                0x1fffdde0       0x5c ./SDK/platform/drivers/src/flexcan/flexcan_hw_access.o
                0x1fffdde0                FLEXCAN_SetOperationMode
 .text.FLEXCAN_SetPayloadSize
                0x1fffde3c       0x30 ./SDK/platform/drivers/src/flexcan/flexcan_hw_access.o
                0x1fffde3c                FLEXCAN_SetPayloadSize
 .text.FLEXCAN_GetPayloadSize
                0x1fffde6c       0x20 ./SDK/platform/drivers/src/flexcan/flexcan_hw_access.o
                0x1fffde6c                FLEXCAN_GetPayloadSize
 .text.FLEXCAN_GetMsgBuffRegion
                0x1fffde8c       0x30 ./SDK/platform/drivers/src/flexcan/flexcan_hw_access.o
 .text.FLEXCAN_SetTxMsgBuff
                0x1fffdebc      0x1e8 ./SDK/platform/drivers/src/flexcan/flexcan_hw_access.o
                0x1fffdebc                FLEXCAN_SetTxMsgBuff
 .text.FLEXCAN_SetRxMsgBuff
                0x1fffe0a4       0xd0 ./SDK/platform/drivers/src/flexcan/flexcan_hw_access.o
                0x1fffe0a4                FLEXCAN_SetRxMsgBuff
 .text.FLEXCAN_GetMsgBuff
                0x1fffe174       0xc8 ./SDK/platform/drivers/src/flexcan/flexcan_hw_access.o
                0x1fffe174                FLEXCAN_GetMsgBuff
 .text.FLEXCAN_LockRxMsgBuff
                0x1fffe23c       0x20 ./SDK/platform/drivers/src/flexcan/flexcan_hw_access.o
                0x1fffe23c                FLEXCAN_LockRxMsgBuff
 .text.FLEXCAN_SetMaxMsgBuffNum
                0x1fffe25c       0x8c ./SDK/platform/drivers/src/flexcan/flexcan_hw_access.o
                0x1fffe25c                FLEXCAN_SetMaxMsgBuffNum
 .text.FLEXCAN_SetTimeSegments
                0x1fffe2e8       0x4c ./SDK/platform/drivers/src/flexcan/flexcan_driver.o
 .text.FLEXCAN_SetExtendedTimeSegments
                0x1fffe334       0x50 ./SDK/platform/drivers/src/flexcan/flexcan_driver.o
 .text.FLEXCAN_SetFDTimeSegments
                0x1fffe384       0x5c ./SDK/platform/drivers/src/flexcan/flexcan_driver.o
 .text.FLEXCAN_StartSendData
                0x1fffe3e0       0x88 ./SDK/platform/drivers/src/flexcan/flexcan_driver.o
 .text.FLEXCAN_StartRxMessageBufferData
                0x1fffe468       0x5c ./SDK/platform/drivers/src/flexcan/flexcan_driver.o
 .text.FLEXCAN_StartRxMessageFifoData
                0x1fffe4c4       0xc8 ./SDK/platform/drivers/src/flexcan/flexcan_driver.o
 .text.FLEXCAN_CompleteRxMessageFifoData
                0x1fffe58c       0x94 ./SDK/platform/drivers/src/flexcan/flexcan_driver.o
 .text.FLEXCAN_CompleteRxFifoDataDMA
                0x1fffe620        0xc ./SDK/platform/drivers/src/flexcan/flexcan_driver.o
 .text.FLEXCAN_CompleteTransfer
                0x1fffe62c       0x50 ./SDK/platform/drivers/src/flexcan/flexcan_driver.o
 .text.FLEXCAN_DRV_Init
                0x1fffe67c      0x234 ./SDK/platform/drivers/src/flexcan/flexcan_driver.o
                0x1fffe67c                FLEXCAN_DRV_Init
 .text.FLEXCAN_DRV_ConfigTxMb
                0x1fffe8b0       0x44 ./SDK/platform/drivers/src/flexcan/flexcan_driver.o
                0x1fffe8b0                FLEXCAN_DRV_ConfigTxMb
 .text.FLEXCAN_DRV_Send
                0x1fffe8f4       0x50 ./SDK/platform/drivers/src/flexcan/flexcan_driver.o
                0x1fffe8f4                FLEXCAN_DRV_Send
 .text.FLEXCAN_DRV_ConfigRxMb
                0x1fffe944       0x74 ./SDK/platform/drivers/src/flexcan/flexcan_driver.o
                0x1fffe944                FLEXCAN_DRV_ConfigRxMb
 .text.FLEXCAN_DRV_ConfigRxFifo
                0x1fffe9b8       0x30 ./SDK/platform/drivers/src/flexcan/flexcan_driver.o
                0x1fffe9b8                FLEXCAN_DRV_ConfigRxFifo
 .text.FLEXCAN_DRV_Receive
                0x1fffe9e8       0x14 ./SDK/platform/drivers/src/flexcan/flexcan_driver.o
                0x1fffe9e8                FLEXCAN_DRV_Receive
 .text.FLEXCAN_DRV_RxFifo
                0x1fffe9fc       0x14 ./SDK/platform/drivers/src/flexcan/flexcan_driver.o
                0x1fffe9fc                FLEXCAN_DRV_RxFifo
 .text.FLEXCAN_IRQHandler
                0x1fffea10      0x178 ./SDK/platform/drivers/src/flexcan/flexcan_driver.o
                0x1fffea10                FLEXCAN_IRQHandler
 .text.FLEXCAN_WakeUpHandler
                0x1fffeb88       0x78 ./SDK/platform/drivers/src/flexcan/flexcan_driver.o
                0x1fffeb88                FLEXCAN_WakeUpHandler
 .text.FLEXCAN_DRV_GetTransferStatus
                0x1fffec00       0x24 ./SDK/platform/drivers/src/flexcan/flexcan_driver.o
                0x1fffec00                FLEXCAN_DRV_GetTransferStatus
 .text.DMA0_IRQHandler
                0x1fffec24        0xc ./SDK/platform/drivers/src/edma/edma_irq.o
                0x1fffec24                DMA0_IRQHandler
 .text.DMA1_IRQHandler
                0x1fffec30        0xc ./SDK/platform/drivers/src/edma/edma_irq.o
                0x1fffec30                DMA1_IRQHandler
 .text.DMA2_IRQHandler
                0x1fffec3c        0xc ./SDK/platform/drivers/src/edma/edma_irq.o
                0x1fffec3c                DMA2_IRQHandler
 .text.DMA3_IRQHandler
                0x1fffec48        0xc ./SDK/platform/drivers/src/edma/edma_irq.o
                0x1fffec48                DMA3_IRQHandler
 .text.DMA4_IRQHandler
                0x1fffec54        0xc ./SDK/platform/drivers/src/edma/edma_irq.o
                0x1fffec54                DMA4_IRQHandler
 .text.DMA5_IRQHandler
                0x1fffec60        0xc ./SDK/platform/drivers/src/edma/edma_irq.o
                0x1fffec60                DMA5_IRQHandler
 .text.DMA6_IRQHandler
                0x1fffec6c        0xc ./SDK/platform/drivers/src/edma/edma_irq.o
                0x1fffec6c                DMA6_IRQHandler
 .text.DMA7_IRQHandler
                0x1fffec78        0xc ./SDK/platform/drivers/src/edma/edma_irq.o
                0x1fffec78                DMA7_IRQHandler
 .text.DMA8_IRQHandler
                0x1fffec84        0xc ./SDK/platform/drivers/src/edma/edma_irq.o
                0x1fffec84                DMA8_IRQHandler
 .text.DMA9_IRQHandler
                0x1fffec90        0xc ./SDK/platform/drivers/src/edma/edma_irq.o
                0x1fffec90                DMA9_IRQHandler
 .text.DMA10_IRQHandler
                0x1fffec9c        0xc ./SDK/platform/drivers/src/edma/edma_irq.o
                0x1fffec9c                DMA10_IRQHandler
 .text.DMA11_IRQHandler
                0x1fffeca8        0xc ./SDK/platform/drivers/src/edma/edma_irq.o
                0x1fffeca8                DMA11_IRQHandler
 .text.DMA12_IRQHandler
                0x1fffecb4        0xc ./SDK/platform/drivers/src/edma/edma_irq.o
                0x1fffecb4                DMA12_IRQHandler
 .text.DMA13_IRQHandler
                0x1fffecc0        0xc ./SDK/platform/drivers/src/edma/edma_irq.o
                0x1fffecc0                DMA13_IRQHandler
 .text.DMA14_IRQHandler
                0x1fffeccc        0xc ./SDK/platform/drivers/src/edma/edma_irq.o
                0x1fffeccc                DMA14_IRQHandler
 .text.DMA15_IRQHandler
                0x1fffecd8        0xc ./SDK/platform/drivers/src/edma/edma_irq.o
                0x1fffecd8                DMA15_IRQHandler
 .text.DMA_Error_IRQHandler
                0x1fffece4       0x24 ./SDK/platform/drivers/src/edma/edma_irq.o
                0x1fffece4                DMA_Error_IRQHandler
 .text.EDMA_SetErrorIntCmd
                0x1fffed08        0xc ./SDK/platform/drivers/src/edma/edma_hw_access.o
                0x1fffed08                EDMA_SetErrorIntCmd
 .text.EDMA_SetDmaRequestCmd
                0x1fffed14        0xc ./SDK/platform/drivers/src/edma/edma_hw_access.o
                0x1fffed14                EDMA_SetDmaRequestCmd
 .text.EDMA_TCDClearReg
                0x1fffed20       0x3c ./SDK/platform/drivers/src/edma/edma_hw_access.o
                0x1fffed20                EDMA_TCDClearReg
 .text.EDMA_Init
                0x1fffed5c       0x24 ./SDK/platform/drivers/src/edma/edma_hw_access.o
                0x1fffed5c                EDMA_Init
 .text.EDMA_TCDSetAttribute
                0x1fffed80       0x38 ./SDK/platform/drivers/src/edma/edma_hw_access.o
                0x1fffed80                EDMA_TCDSetAttribute
 .text.EDMA_TCDSetNbytes
                0x1fffedb8       0x64 ./SDK/platform/drivers/src/edma/edma_hw_access.o
                0x1fffedb8                EDMA_TCDSetNbytes
 .text.EDMA_TCDSetMajorCount
                0x1fffee1c       0x6c ./SDK/platform/drivers/src/edma/edma_hw_access.o
                0x1fffee1c                EDMA_TCDSetMajorCount
 .text.EDMA_TCDGetCurrentMajorCount
                0x1fffee88       0x30 ./SDK/platform/drivers/src/edma/edma_hw_access.o
                0x1fffee88                EDMA_TCDGetCurrentMajorCount
 .text.DMAMUX_Init
                0x1fffeeb8       0x10 ./SDK/platform/drivers/src/edma/edma_hw_access.o
                0x1fffeeb8                DMAMUX_Init
 .text.EDMA_DRV_ClearIntStatus
                0x1fffeec8       0x20 ./SDK/platform/drivers/src/edma/edma_driver.o
 .text.EDMA_DRV_InstallCallback
                0x1fffeee8       0x30 ./SDK/platform/drivers/src/edma/edma_driver.o
                0x1fffeee8                EDMA_DRV_InstallCallback
 .text.EDMA_DRV_ChannelInit
                0x1fffef18       0xe8 ./SDK/platform/drivers/src/edma/edma_driver.o
                0x1fffef18                EDMA_DRV_ChannelInit
 .text.EDMA_DRV_Init
                0x1ffff000       0xf8 ./SDK/platform/drivers/src/edma/edma_driver.o
                0x1ffff000                EDMA_DRV_Init
 .text.EDMA_DRV_IRQHandler
                0x1ffff0f8       0x20 ./SDK/platform/drivers/src/edma/edma_driver.o
                0x1ffff0f8                EDMA_DRV_IRQHandler
 .text.EDMA_DRV_ErrorIRQHandler
                0x1ffff118       0x48 ./SDK/platform/drivers/src/edma/edma_driver.o
                0x1ffff118                EDMA_DRV_ErrorIRQHandler
 .text.EDMA_DRV_ConfigSingleBlockTransfer
                0x1ffff160      0x1a0 ./SDK/platform/drivers/src/edma/edma_driver.o
                0x1ffff160                EDMA_DRV_ConfigSingleBlockTransfer
 .text.EDMA_DRV_ConfigMultiBlockTransfer
                0x1ffff300       0x6c ./SDK/platform/drivers/src/edma/edma_driver.o
                0x1ffff300                EDMA_DRV_ConfigMultiBlockTransfer
 .text.EDMA_DRV_StartChannel
                0x1ffff36c       0x38 ./SDK/platform/drivers/src/edma/edma_driver.o
                0x1ffff36c                EDMA_DRV_StartChannel
 .text.EDMA_DRV_StopChannel
                0x1ffff3a4       0x38 ./SDK/platform/drivers/src/edma/edma_driver.o
                0x1ffff3a4                EDMA_DRV_StopChannel
 .text.EDMA_DRV_SetChannelRequest
                0x1ffff3dc       0x40 ./SDK/platform/drivers/src/edma/edma_driver.o
                0x1ffff3dc                EDMA_DRV_SetChannelRequest
 .text.EDMA_DRV_SetSrcLastAddrAdjustment
                0x1ffff41c       0x30 ./SDK/platform/drivers/src/edma/edma_driver.o
                0x1ffff41c                EDMA_DRV_SetSrcLastAddrAdjustment
 .text.EDMA_DRV_GetRemainingMajorIterationsCount
                0x1ffff44c       0x34 ./SDK/platform/drivers/src/edma/edma_driver.o
                0x1ffff44c                EDMA_DRV_GetRemainingMajorIterationsCount
 .text.EDMA_DRV_GetDmaRegBaseAddr
                0x1ffff480       0x10 ./SDK/platform/drivers/src/edma/edma_driver.o
                0x1ffff480                EDMA_DRV_GetDmaRegBaseAddr
 .text.CLOCK_SYS_Init
                0x1ffff490       0x28 ./SDK/platform/drivers/src/clock/clock_manager.o
                0x1ffff490                CLOCK_SYS_Init
 .text.CLOCK_SYS_UpdateConfiguration
                0x1ffff4b8      0x104 ./SDK/platform/drivers/src/clock/clock_manager.o
                0x1ffff4b8                CLOCK_SYS_UpdateConfiguration
 .text.CLOCK_SYS_GetCurrentRunMode
                0x1ffff5bc       0x24 ./SDK/platform/drivers/src/clock/S32K1xx/clock_S32K1xx.o
 .text.CLOCK_SYS_GetSysOscFreq
                0x1ffff5e0       0x1c ./SDK/platform/drivers/src/clock/S32K1xx/clock_S32K1xx.o
 .text.CLOCK_SYS_ConfigureSOSC
                0x1ffff5fc      0x12c ./SDK/platform/drivers/src/clock/S32K1xx/clock_S32K1xx.o
 .text.CLOCK_SYS_GetSircFreq
                0x1ffff728       0x34 ./SDK/platform/drivers/src/clock/S32K1xx/clock_S32K1xx.o
 .text.CLOCK_SYS_ConfigureSIRC
                0x1ffff75c       0xc0 ./SDK/platform/drivers/src/clock/S32K1xx/clock_S32K1xx.o
 .text.CLOCK_SYS_GetFircFreq
                0x1ffff81c       0x2c ./SDK/platform/drivers/src/clock/S32K1xx/clock_S32K1xx.o
 .text.CLOCK_SYS_ConfigureFIRC
                0x1ffff848       0xb8 ./SDK/platform/drivers/src/clock/S32K1xx/clock_S32K1xx.o
 .text.CLOCK_SYS_GetSysPllFreq
                0x1ffff900       0x44 ./SDK/platform/drivers/src/clock/S32K1xx/clock_S32K1xx.o
 .text.CLOCK_SYS_ConfigureSPLL
                0x1ffff944      0x130 ./SDK/platform/drivers/src/clock/S32K1xx/clock_S32K1xx.o
 .text.CLOCK_SYS_SetSystemClockConfig
                0x1ffffa74      0x178 ./SDK/platform/drivers/src/clock/S32K1xx/clock_S32K1xx.o
 .text.CLOCK_SYS_TransitionSystemClock
                0x1ffffbec       0x54 ./SDK/platform/drivers/src/clock/S32K1xx/clock_S32K1xx.o
 .text.CLOCK_SYS_GetSystemClockFreq
                0x1ffffc40       0x84 ./SDK/platform/drivers/src/clock/S32K1xx/clock_S32K1xx.o
 .text.CLOCK_SYS_GetScgClkOutFreq
                0x1ffffcc4       0x4c ./SDK/platform/drivers/src/clock/S32K1xx/clock_S32K1xx.o
 .text.CLOCK_SYS_GetSysAsyncFreq
                0x1ffffd10       0xd4 ./SDK/platform/drivers/src/clock/S32K1xx/clock_S32K1xx.o
 .text.CLOCK_SYS_GetSimRtcClkFreq
                0x1ffffde4       0x54 ./SDK/platform/drivers/src/clock/S32K1xx/clock_S32K1xx.o
 .text.CLOCK_SYS_GetPeripheralClock
                0x1ffffe38       0x80 ./SDK/platform/drivers/src/clock/S32K1xx/clock_S32K1xx.o
 .text.CLOCK_SYS_GetLpoFreq
                0x1ffffeb8       0x54 ./SDK/platform/drivers/src/clock/S32K1xx/clock_S32K1xx.o
 .text.CLOCK_SYS_GetSimClkOutFreq
                0x1fffff0c       0x94 ./SDK/platform/drivers/src/clock/S32K1xx/clock_S32K1xx.o
 .text.CLOCK_SYS_SetConfiguration
                0x1fffffa0      0x5a0 ./SDK/platform/drivers/src/clock/S32K1xx/clock_S32K1xx.o
                0x1fffffa0                CLOCK_SYS_SetConfiguration
 .text.CLOCK_SYS_GetFreq
                0x20000540      0x40c ./SDK/platform/drivers/src/clock/S32K1xx/clock_S32K1xx.o
                0x20000540                CLOCK_SYS_GetFreq
 .text.init_data_bss
                0x2000094c       0xb0 ./SDK/platform/devices/startup.o
                0x2000094c                init_data_bss
 .text.SystemInit
                0x200009fc       0x3c ./SDK/platform/devices/S32K144/startup/system_S32K144.o
                0x200009fc                SystemInit
 .text.memset   0x20000a38       0x10 C:/NXP/S32DS_ARM_v2018.R1/Cross_Tools/gcc-arm-none-eabi-4_9/arm-none-eabi/newlib/lib/armv7e-m/fpu\libc_nano.a(lib_a-memset.o)
                0x20000a38                memset
 .text.rand     0x20000a48       0x74 C:/NXP/S32DS_ARM_v2018.R1/Cross_Tools/gcc-arm-none-eabi-4_9/arm-none-eabi/newlib/lib/armv7e-m/fpu\libc_nano.a(lib_a-rand.o)
                0x20000a48                rand
 .text.malloc   0x20000abc       0x10 C:/NXP/S32DS_ARM_v2018.R1/Cross_Tools/gcc-arm-none-eabi-4_9/arm-none-eabi/newlib/lib/armv7e-m/fpu\libc_nano.a(lib_a-malloc.o)
                0x20000abc                malloc
 .text._malloc_r
                0x20000acc       0xac C:/NXP/S32DS_ARM_v2018.R1/Cross_Tools/gcc-arm-none-eabi-4_9/arm-none-eabi/newlib/lib/armv7e-m/fpu\libc_nano.a(lib_a-nano-mallocr.o)
                0x20000acc                _malloc_r
 .text._sbrk_r  0x20000b78       0x20 C:/NXP/S32DS_ARM_v2018.R1/Cross_Tools/gcc-arm-none-eabi-4_9/arm-none-eabi/newlib/lib/armv7e-m/fpu\libc_nano.a(lib_a-sbrkr.o)
                0x20000b78                _sbrk_r
 .text._sbrk    0x20000b98       0x48 C:/NXP/S32DS_ARM_v2018.R1/Cross_Tools/gcc-arm-none-eabi-4_9/arm-none-eabi/newlib/lib/armv7e-m/fpu\librdimon_nano.a(rdimon-syscalls.o)
                0x20000b98                _sbrk
 .text.__errno  0x20000be0        0xc C:/NXP/S32DS_ARM_v2018.R1/Cross_Tools/gcc-arm-none-eabi-4_9/arm-none-eabi/newlib/lib/armv7e-m/fpu\libc_nano.a(lib_a-errno.o)
                0x20000be0                __errno
 *(.rodata)
 .rodata        0x20000bec       0x10 ./Sources/uart_receiver.o
 .rodata        0x20000bfc       0x28 ./Sources/test.o
 .rodata        0x20000c24        0x9 ./Sources/ledstrip.o
 *fill*         0x20000c2d        0x3 
 .rodata        0x20000c30       0x18 ./SDK/platform/drivers/src/flexcan/flexcan_hw_access.o
 *(.rodata*)
 .rodata.s_lpuartBase
                0x20000c48        0xc ./SDK/platform/drivers/src/lpuart/lpuart_driver.o
 .rodata.s_lpuartRxTxIrqId
                0x20000c54        0x3 ./SDK/platform/drivers/src/lpuart/lpuart_driver.o
 *fill*         0x20000c57        0x1 
 .rodata.s_lpuartClkNames
                0x20000c58        0x3 ./SDK/platform/drivers/src/lpuart/lpuart_driver.o
 *fill*         0x20000c5b        0x1 
 .rodata.s_baudratePrescaler
                0x20000c5c       0x20 ./SDK/platform/drivers/src/lpspi/lpspi_hw_access.o
 .rodata.g_lpi2cDMASrc
                0x20000c7c        0x2 ./SDK/platform/drivers/src/lpi2c/lpi2c_driver.o
                0x20000c7c                g_lpi2cDMASrc
 *fill*         0x20000c7e        0x2 
 .rodata.g_ftmExtClockSel
                0x20000c80        0x8 ./SDK/platform/drivers/src/ftm/ftm_common.o
 .rodata.g_ftmOverflowIrqId
                0x20000c88        0x4 ./SDK/platform/drivers/src/ftm/ftm_common.o
                0x20000c88                g_ftmOverflowIrqId
 .rodata.g_ftmBase
                0x20000c8c       0x10 ./SDK/platform/drivers/src/ftm/ftm_common.o
                0x20000c8c                g_ftmBase
 .rodata.g_flexcanBusOffIrqId
                0x20000c9c        0x3 ./SDK/platform/drivers/src/flexcan/flexcan_driver.o
 *fill*         0x20000c9f        0x1 
 .rodata.g_flexcanErrorIrqId
                0x20000ca0        0x3 ./SDK/platform/drivers/src/flexcan/flexcan_driver.o
 *fill*         0x20000ca3        0x1 
 .rodata.g_flexcanOredMessageBufferIrqId
                0x20000ca4        0x6 ./SDK/platform/drivers/src/flexcan/flexcan_driver.o
 *fill*         0x20000caa        0x2 
 .rodata.g_flexcanBase
                0x20000cac        0xc ./SDK/platform/drivers/src/flexcan/flexcan_driver.o
 .rodata.g_flexcanWakeUpIrqId
                0x20000cb8        0x3 ./SDK/platform/drivers/src/flexcan/flexcan_driver.o
 *fill*         0x20000cbb        0x1 
 .rodata.s_edmaIrqId
                0x20000cbc       0x10 ./SDK/platform/drivers/src/edma/edma_driver.o
 .rodata.maxClocksFreq.6282
                0x20000ccc       0x24 ./SDK/platform/drivers/src/clock/S32K1xx/clock_S32K1xx.o
 .rodata.clockNameMappings
                0x20000cf0       0x9e ./SDK/platform/drivers/src/clock/S32K1xx/clock_S32K1xx.o
                0x20000cf0                clockNameMappings
 *fill*         0x20000d8e        0x2 
 .rodata.fircFreq.6337
                0x20000d90       0x10 ./SDK/platform/drivers/src/clock/S32K1xx/clock_S32K1xx.o
 .rodata.peripheralFeaturesList
                0x20000da0       0x4f ./SDK/platform/drivers/src/clock/S32K1xx/clock_S32K1xx.o
                0x20000da0                peripheralFeaturesList
 *fill*         0x20000def        0x1 
 .rodata.wdg_pal1_Config0
                0x20000df0       0x10 ./Generated_Code/wdg_pal1.o
                0x20000df0                wdg_pal1_Config0
 .rodata.edmaChnConfigArray
                0x20000e00        0x8 ./Generated_Code/dmaController1.o
                0x20000e00                edmaChnConfigArray
 .rodata.dmaController1_InitConfig0
                0x20000e08        0x2 ./Generated_Code/dmaController1.o
                0x20000e08                dmaController1_InitConfig0
 *fill*         0x20000e0a        0x2 
 .rodata.edmaChnStateArray
                0x20000e0c        0x8 ./Generated_Code/dmaController1.o
                0x20000e0c                edmaChnStateArray
 .rodata.can_pal1_Config0
                0x20000e14       0x34 ./Generated_Code/can_pal1.o
                0x20000e14                can_pal1_Config0
 .rodata.can_pal0_Config0
                0x20000e48       0x34 ./Generated_Code/can_pal0.o
                0x20000e48                can_pal0_Config0
 .rodata.Send1_MasterConfig0
                0x20000e7c       0x20 ./Generated_Code/Send1.o
                0x20000e7c                Send1_MasterConfig0
 .rodata.Send_MasterConfig0
                0x20000e9c       0x20 ./Generated_Code/Send.o
                0x20000e9c                Send_MasterConfig0
 .rodata.str1.1
                0x20000ebc        0x2 C:/NXP/S32DS_ARM_v2018.R1/Cross_Tools/gcc-arm-none-eabi-4_9/arm-none-eabi/newlib/lib/armv7e-m/fpu\libc_nano.a(lib_a-impure.o)
 *fill*         0x20000ebe        0x2 
 .rodata.__sf_fake_stdin
                0x20000ec0       0x20 C:/NXP/S32DS_ARM_v2018.R1/Cross_Tools/gcc-arm-none-eabi-4_9/arm-none-eabi/newlib/lib/armv7e-m/fpu\libc_nano.a(lib_a-findfp.o)
                0x20000ec0                __sf_fake_stdin
 .rodata.__sf_fake_stdout
                0x20000ee0       0x20 C:/NXP/S32DS_ARM_v2018.R1/Cross_Tools/gcc-arm-none-eabi-4_9/arm-none-eabi/newlib/lib/armv7e-m/fpu\libc_nano.a(lib_a-findfp.o)
                0x20000ee0                __sf_fake_stdout
 .rodata.__sf_fake_stderr
                0x20000f00       0x20 C:/NXP/S32DS_ARM_v2018.R1/Cross_Tools/gcc-arm-none-eabi-4_9/arm-none-eabi/newlib/lib/armv7e-m/fpu\libc_nano.a(lib_a-findfp.o)
                0x20000f00                __sf_fake_stderr
 *(.glue_7)
 .glue_7        0x00000000        0x0 linker stubs
 *(.glue_7t)
 .glue_7t       0x00000000        0x0 linker stubs
 *(.eh_frame)
 .eh_frame      0x20000f20        0x0 c:/nxp/s32ds_arm_v2018.r1/cross_tools/gcc-arm-none-eabi-4_9/bin/../lib/gcc/arm-none-eabi/4.9.3/armv7e-m/fpu/crtbegin.o
 *(.init)
 .init          0x20000f20        0x4 c:/nxp/s32ds_arm_v2018.r1/cross_tools/gcc-arm-none-eabi-4_9/bin/../lib/gcc/arm-none-eabi/4.9.3/armv7e-m/fpu/crti.o
                0x20000f20                _init
 .init          0x20000f24        0x8 c:/nxp/s32ds_arm_v2018.r1/cross_tools/gcc-arm-none-eabi-4_9/bin/../lib/gcc/arm-none-eabi/4.9.3/armv7e-m/fpu/crtn.o
 *(.fini)
 .fini          0x20000f2c        0x4 c:/nxp/s32ds_arm_v2018.r1/cross_tools/gcc-arm-none-eabi-4_9/bin/../lib/gcc/arm-none-eabi/4.9.3/armv7e-m/fpu/crti.o
                0x20000f2c                _fini
 .fini          0x20000f30        0x8 c:/nxp/s32ds_arm_v2018.r1/cross_tools/gcc-arm-none-eabi-4_9/bin/../lib/gcc/arm-none-eabi/4.9.3/armv7e-m/fpu/crtn.o
                0x20000f38                . = ALIGN (0x4)

.vfp11_veneer   0x20000f38        0x0
 .vfp11_veneer  0x00000000        0x0 linker stubs

.v4_bx          0x20000f38        0x0
 .v4_bx         0x00000000        0x0 linker stubs

.iplt           0x20000f38        0x0
 .iplt          0x00000000        0x0 c:/nxp/s32ds_arm_v2018.r1/cross_tools/gcc-arm-none-eabi-4_9/bin/../lib/gcc/arm-none-eabi/4.9.3/armv7e-m/fpu/crtbegin.o

.rel.dyn        0x20000f38        0x0
 .rel.iplt      0x00000000        0x0 c:/nxp/s32ds_arm_v2018.r1/cross_tools/gcc-arm-none-eabi-4_9/bin/../lib/gcc/arm-none-eabi/4.9.3/armv7e-m/fpu/crtbegin.o

.code_ram       0x20000f38        0x0
                0x20000f38                . = ALIGN (0x4)
                0x20000f38                __CODE_RAM = .
 *(.code_ram)
                0x20000f38                __CODE_ROM = .
                0x20000f38                __CODE_END = .
                0x20000f38                . = ALIGN (0x4)

.ARM.extab
 *(.ARM.extab* .gnu.linkonce.armextab.*)

.ARM            0x20000f38        0x0
                0x20000f38                __exidx_start = .
 *(.ARM.exidx*)
                0x20000f38                __exidx_end = .

.ctors          0x20000f38        0x0
                0x20000f38                __CTOR_LIST__ = .
 *crtbegin.o(.ctors)
 *crtbegin?.o(.ctors)
 *(EXCLUDE_FILE(*crtend.o *crtend?.o) .ctors)
 *(SORT(.ctors.*))
 *(.ctors)
                0x20000f38                __CTOR_END__ = .

.dtors          0x20000f38        0x0
                0x20000f38                __DTOR_LIST__ = .
 *crtbegin.o(.dtors)
 *crtbegin?.o(.dtors)
 *(EXCLUDE_FILE(*crtend.o *crtend?.o) .dtors)
 *(SORT(.dtors.*))
 *(.dtors)
                0x20000f38                __DTOR_END__ = .

.preinit_array  0x20000f38        0x0
                0x20000f38                PROVIDE (__preinit_array_start, .)
 *(.preinit_array*)
                0x20000f38                PROVIDE (__preinit_array_end, .)

.init_array     0x20000f38        0x4
                0x20000f38                PROVIDE (__init_array_start, .)
 *(SORT(.init_array.*))
 *(.init_array*)
 .init_array    0x20000f38        0x4 c:/nxp/s32ds_arm_v2018.r1/cross_tools/gcc-arm-none-eabi-4_9/bin/../lib/gcc/arm-none-eabi/4.9.3/armv7e-m/fpu/crtbegin.o
                0x20000f3c                PROVIDE (__init_array_end, .)

.fini_array     0x20000f3c        0x4
                0x20000f3c                PROVIDE (__fini_array_start, .)
 *(SORT(.fini_array.*))
 *(.fini_array*)
 .fini_array    0x20000f3c        0x4 c:/nxp/s32ds_arm_v2018.r1/cross_tools/gcc-arm-none-eabi-4_9/bin/../lib/gcc/arm-none-eabi/4.9.3/armv7e-m/fpu/crtbegin.o
                0x20000f40                PROVIDE (__fini_array_end, .)
                0x20000f40                __etext = .
                0x20000f40                __DATA_ROM = .
                0x20000f40                __DATA_END = __DATA_ROM

.customSectionBlock
 *(.customSection)

.data           0x20000000      0xb00
                0x20000000                . = ALIGN (0x4)
                0x20000000                __DATA_RAM = .
                0x20000000                __data_start__ = .
 *(.data)
 *(.data*)
 .data.g_lpuartIsr
                0x20000000        0xc ./SDK/platform/drivers/src/lpuart/lpuart_irq.o
                0x20000000                g_lpuartIsr
 .data.g_lpspiIrqId
                0x2000000c        0x3 ./SDK/platform/drivers/src/lpspi/lpspi_shared_function.o
                0x2000000c                g_lpspiIrqId
 *fill*         0x2000000f        0x1 
 .data.g_lpspiBase
                0x20000010        0xc ./SDK/platform/drivers/src/lpspi/lpspi_shared_function.o
                0x20000010                g_lpspiBase
 .data.peripheralClockConfig.6062
                0x2000001c       0xa0 ./SDK/platform/drivers/src/clock/S32K1xx/clock_S32K1xx.o
 .data.g_pin_mux_InitConfigArr
                0x200000bc      0x858 ./Generated_Code/pin_mux.o
                0x200000bc                g_pin_mux_InitConfigArr
 .data.lpuart1_uart_Config0
                0x20000914       0x20 ./Generated_Code/lpuart1_uart.o
                0x20000914                lpuart1_uart_Config0
 .data.lpuart0_uart_Config0
                0x20000934       0x20 ./Generated_Code/lpuart0_uart.o
                0x20000934                lpuart0_uart_Config0
 .data.flexTimer_pwm1_PwmConfig
                0x20000954       0x18 ./Generated_Code/flexTimer_pwm1.o
                0x20000954                flexTimer_pwm1_PwmConfig
 .data.flexTimer_pwm1_InitConfig
                0x2000096c       0x12 ./Generated_Code/flexTimer_pwm1.o
                0x2000096c                flexTimer_pwm1_InitConfig
 *fill*         0x2000097e        0x2 
 .data.flexTimer_pwm1_IndependentChannelsConfig
                0x20000980        0xa ./Generated_Code/flexTimer_pwm1.o
                0x20000980                flexTimer_pwm1_IndependentChannelsConfig
 *fill*         0x2000098a        0x2 
 .data.dmaController1Chn0_Config
                0x2000098c        0xc ./Generated_Code/dmaController1.o
                0x2000098c                dmaController1Chn0_Config
 .data.dmaController1Chn1_Config
                0x20000998        0xc ./Generated_Code/dmaController1.o
                0x20000998                dmaController1Chn1_Config
 .data.clockMan1_InitConfig0
                0x200009a4       0x78 ./Generated_Code/clockMan1.o
                0x200009a4                clockMan1_InitConfig0
 .data.peripheralClockConfig0
                0x20000a1c       0x73 ./Generated_Code/clockMan1.o
                0x20000a1c                peripheralClockConfig0
 *fill*         0x20000a8f        0x1 
 .data.g_clockManConfigsArr
                0x20000a90        0x4 ./Generated_Code/clockMan1.o
                0x20000a90                g_clockManConfigsArr
 .data.impure_data
                0x20000a94       0x60 C:/NXP/S32DS_ARM_v2018.R1/Cross_Tools/gcc-arm-none-eabi-4_9/arm-none-eabi/newlib/lib/armv7e-m/fpu\libc_nano.a(lib_a-impure.o)
 .data._impure_ptr
                0x20000af4        0x4 C:/NXP/S32DS_ARM_v2018.R1/Cross_Tools/gcc-arm-none-eabi-4_9/arm-none-eabi/newlib/lib/armv7e-m/fpu\libc_nano.a(lib_a-impure.o)
                0x20000af4                _impure_ptr
 .data.__heap_limit
                0x20000af8        0x4 C:/NXP/S32DS_ARM_v2018.R1/Cross_Tools/gcc-arm-none-eabi-4_9/arm-none-eabi/newlib/lib/armv7e-m/fpu\librdimon_nano.a(rdimon-syscalls.o)
 *(.jcr*)
 .jcr           0x20000afc        0x0 c:/nxp/s32ds_arm_v2018.r1/cross_tools/gcc-arm-none-eabi-4_9/bin/../lib/gcc/arm-none-eabi/4.9.3/armv7e-m/fpu/crtbegin.o
 .jcr           0x20000afc        0x4 c:/nxp/s32ds_arm_v2018.r1/cross_tools/gcc-arm-none-eabi-4_9/bin/../lib/gcc/arm-none-eabi/4.9.3/armv7e-m/fpu/crtend.o
                0x20000b00                . = ALIGN (0x4)
                0x20000b00                __data_end__ = .

.igot.plt       0x20000b00        0x0
 .igot.plt      0x00000000        0x0 c:/nxp/s32ds_arm_v2018.r1/cross_tools/gcc-arm-none-eabi-4_9/bin/../lib/gcc/arm-none-eabi/4.9.3/armv7e-m/fpu/crtbegin.o

.bss            0x20000b00      0xb84
                0x20000b00                . = ALIGN (0x4)
                0x20000b00                __BSS_START = .
                0x20000b00                __bss_start__ = .
 *(.bss)
 .bss           0x20000b00       0x1c c:/nxp/s32ds_arm_v2018.r1/cross_tools/gcc-arm-none-eabi-4_9/bin/../lib/gcc/arm-none-eabi/4.9.3/armv7e-m/fpu/crtbegin.o
 *(.bss*)
 .bss.master_send
                0x20000b1c        0xc ./Sources/ledstrip.o
                0x20000b1c                master_send
 .bss.master_receive
                0x20000b28        0xc ./Sources/ledstrip.o
                0x20000b28                master_receive
 .bss.spi_transfer_number
                0x20000b34        0x4 ./Sources/ledstrip.o
                0x20000b34                spi_transfer_number
 .bss.master_send_buffer
                0x20000b38      0x50a ./Sources/ledstrip.o
                0x20000b38                master_send_buffer
 *fill*         0x20001042        0x2 
 .bss.s_osif_tick_cnt
                0x20001044        0x4 ./SDK/rtos/osif/osif_baremetal.o
 .bss.s_lpuartStateInstanceMapping
                0x20001048        0x2 ./SDK/platform/pal/uart/src/uart_pal.o
 *fill*         0x2000104a        0x2 
 .bss.s_lpuartState
                0x2000104c       0x68 ./SDK/platform/pal/uart/src/uart_pal.o
 .bss.s_lpuartStateIsAllocated
                0x200010b4        0x2 ./SDK/platform/pal/uart/src/uart_pal.o
 *fill*         0x200010b6        0x2 
 .bss.s_hwObjConfigs
                0x200010b8      0x100 ./SDK/platform/pal/can/src/can_pal.o
 .bss.s_flexcanRxFifoState
                0x200011b8        0x4 ./SDK/platform/pal/can/src/can_pal.o
 .bss.s_flexcanStateIsAllocated
                0x200011bc        0x2 ./SDK/platform/pal/can/src/can_pal.o
 *fill*         0x200011be        0x2 
 .bss.s_flexcanState
                0x200011c0      0x218 ./SDK/platform/pal/can/src/can_pal.o
 .bss.s_flexcanStateInstanceMapping
                0x200013d8        0x2 ./SDK/platform/pal/can/src/can_pal.o
 *fill*         0x200013da        0x2 
 .bss.s_lpuartStatePtr
                0x200013dc        0xc ./SDK/platform/drivers/src/lpuart/lpuart_driver.o
 .bss.g_lpspiStatePtr
                0x200013e8        0xc ./SDK/platform/drivers/src/lpspi/lpspi_shared_function.o
                0x200013e8                g_lpspiStatePtr
 .bss.g_lpi2cSlaveStatePtr
                0x200013f4        0x4 ./SDK/platform/drivers/src/lpi2c/lpi2c_driver.o
                0x200013f4                g_lpi2cSlaveStatePtr
 .bss.g_lpi2cMasterStatePtr
                0x200013f8        0x4 ./SDK/platform/drivers/src/lpi2c/lpi2c_driver.o
                0x200013f8                g_lpi2cMasterStatePtr
 .bss.g_interruptDisableCount
                0x200013fc        0x4 ./SDK/platform/drivers/src/interrupt/interrupt_manager.o
 .bss.ftmStatePtr
                0x20001400       0x10 ./SDK/platform/drivers/src/ftm/ftm_common.o
                0x20001400                ftmStatePtr
 .bss.g_flexcanStatePtr
                0x20001410        0xc ./SDK/platform/drivers/src/flexcan/flexcan_driver.o
 .bss.s_virtEdmaState
                0x2000141c        0x4 ./SDK/platform/drivers/src/edma/edma_driver.o
 .bss.g_clockState
                0x20001420       0x10 ./SDK/platform/drivers/src/clock/clock_manager.o
 .bss.flexTimer_pwm1_FaultConfig
                0x20001430       0x10 ./Generated_Code/flexTimer_pwm1.o
                0x20001430                flexTimer_pwm1_FaultConfig
 .bss.g_clockManCallbacksArr
                0x20001440        0x4 ./Generated_Code/clockMan1.o
                0x20001440                g_clockManCallbacksArr
 .bss.__malloc_sbrk_start
                0x20001444        0x4 C:/NXP/S32DS_ARM_v2018.R1/Cross_Tools/gcc-arm-none-eabi-4_9/arm-none-eabi/newlib/lib/armv7e-m/fpu\libc_nano.a(lib_a-nano-mallocr.o)
                0x20001444                __malloc_sbrk_start
 .bss.__malloc_free_list
                0x20001448        0x4 C:/NXP/S32DS_ARM_v2018.R1/Cross_Tools/gcc-arm-none-eabi-4_9/arm-none-eabi/newlib/lib/armv7e-m/fpu\libc_nano.a(lib_a-nano-mallocr.o)
                0x20001448                __malloc_free_list
 .bss.heap_end.6001
                0x2000144c        0x4 C:/NXP/S32DS_ARM_v2018.R1/Cross_Tools/gcc-arm-none-eabi-4_9/arm-none-eabi/newlib/lib/armv7e-m/fpu\librdimon_nano.a(rdimon-syscalls.o)
 *(COMMON)
 COMMON         0x20001450        0x1 ./Sources/uart_receiver.o
                0x20001450                uart_ledsrip_status
 *fill*         0x20001451        0x3 
 COMMON         0x20001454       0x4c ./Sources/test.o
                0x20001454                can_tranvMsg_2
 COMMON         0x200014a0       0x71 ./Sources/ledstrip.o
                0x200014a0                de_light_count
                0x200014a4                ledsrip_status
                0x200014a6                de_flag
                0x200014a8                de_light_index
 *fill*         0x20001511        0x3 
 COMMON         0x20001514       0x98 ./Sources/can_receiver.o
                0x20001514                can_recvMsg_1
                0x20001560                can_tranvMsg_1
 COMMON         0x200015ac       0x14 ./SDK/platform/drivers/src/clock/S32K1xx/clock_S32K1xx.o
                0x200015ac                g_xtal0ClkFreq
                0x200015b0                g_RtcClkInFreq
                0x200015b4                g_TClkFreq
 COMMON         0x200015c0       0x60 ./Generated_Code/dmaController1.o
                0x200015c0                dmaController1Chn1_State
                0x200015d0                dmaController1_State
                0x20001610                dmaController1Chn0_State
 COMMON         0x20001620       0x30 ./Generated_Code/Send1.o
                0x20001620                Send1State
 COMMON         0x20001650       0x30 ./Generated_Code/Send.o
                0x20001650                SendState
 COMMON         0x20001680        0x4 C:/NXP/S32DS_ARM_v2018.R1/Cross_Tools/gcc-arm-none-eabi-4_9/arm-none-eabi/newlib/lib/armv7e-m/fpu\libc_nano.a(lib_a-reent.o)
                0x20001680                errno
                0x20001684                . = ALIGN (0x4)
                0x20001684                __bss_end__ = .
                0x20001684                __BSS_END = .

.heap           0x20001684      0x404
                0x20001688                . = ALIGN (0x8)
 *fill*         0x20001684        0x4 
                0x20001688                __end__ = .
                0x20001688                PROVIDE (end, .)
                0x20001688                PROVIDE (_end, .)
                0x20001688                PROVIDE (__end, .)
                0x20001688                __HeapBase = .
                0x20001a88                . = (. + HEAP_SIZE)
 *fill*         0x20001688      0x400 
                0x20001a88                __HeapLimit = .
                0x20001a88                __heap_limit = .

.stack          0x20001a88      0x400
                0x20001a88                . = ALIGN (0x8)
                0x20001e88                . = (. + STACK_SIZE)
 *fill*         0x20001a88      0x400 
                0x20007000                __StackTop = (ORIGIN (m_data) + 0x7000)
                0x20006c00                __StackLimit = (__StackTop - STACK_SIZE)
                0x20007000                PROVIDE (__stack, __StackTop)

.ARM.attributes
                0x00000000       0x30
 *(.ARM.attributes)
 .ARM.attributes
                0x00000000       0x22 c:/nxp/s32ds_arm_v2018.r1/cross_tools/gcc-arm-none-eabi-4_9/bin/../lib/gcc/arm-none-eabi/4.9.3/armv7e-m/fpu/crti.o
 .ARM.attributes
                0x00000022       0x34 c:/nxp/s32ds_arm_v2018.r1/cross_tools/gcc-arm-none-eabi-4_9/bin/../lib/gcc/arm-none-eabi/4.9.3/armv7e-m/fpu/crtbegin.o
 .ARM.attributes
                0x00000056       0x39 ./Sources/uart_receiver.o
 .ARM.attributes
                0x0000008f       0x39 ./Sources/test.o
 .ARM.attributes
                0x000000c8       0x39 ./Sources/main.o
 .ARM.attributes
                0x00000101       0x39 ./Sources/ledstrip.o
 .ARM.attributes
                0x0000013a       0x39 ./Sources/init.o
 .ARM.attributes
                0x00000173       0x39 ./Sources/can_receiver.o
 .ARM.attributes
                0x000001ac       0x39 ./SDK/rtos/osif/osif_baremetal.o
 .ARM.attributes
                0x000001e5       0x39 ./SDK/platform/pal/wdg/src/wdg_pal.o
 .ARM.attributes
                0x0000021e       0x39 ./SDK/platform/pal/uart/src/uart_pal.o
 .ARM.attributes
                0x00000257       0x39 ./SDK/platform/pal/can/src/can_pal.o
 .ARM.attributes
                0x00000290       0x39 ./SDK/platform/drivers/src/wdog/wdog_hw_access.o
 .ARM.attributes
                0x000002c9       0x39 ./SDK/platform/drivers/src/wdog/wdog_driver.o
 .ARM.attributes
                0x00000302       0x39 ./SDK/platform/drivers/src/pins/pins_port_hw_access.o
 .ARM.attributes
                0x0000033b       0x39 ./SDK/platform/drivers/src/pins/pins_driver.o
 .ARM.attributes
                0x00000374       0x39 ./SDK/platform/drivers/src/lpuart/lpuart_irq.o
 .ARM.attributes
                0x000003ad       0x39 ./SDK/platform/drivers/src/lpuart/lpuart_hw_access.o
 .ARM.attributes
                0x000003e6       0x39 ./SDK/platform/drivers/src/lpuart/lpuart_driver.o
 .ARM.attributes
                0x0000041f       0x39 ./SDK/platform/drivers/src/lpspi/lpspi_slave_driver.o
 .ARM.attributes
                0x00000458       0x39 ./SDK/platform/drivers/src/lpspi/lpspi_shared_function.o
 .ARM.attributes
                0x00000491       0x39 ./SDK/platform/drivers/src/lpspi/lpspi_master_driver.o
 .ARM.attributes
                0x000004ca       0x39 ./SDK/platform/drivers/src/lpspi/lpspi_irq.o
 .ARM.attributes
                0x00000503       0x39 ./SDK/platform/drivers/src/lpspi/lpspi_hw_access.o
 .ARM.attributes
                0x0000053c       0x39 ./SDK/platform/drivers/src/lpi2c/lpi2c_irq.o
 .ARM.attributes
                0x00000575       0x39 ./SDK/platform/drivers/src/lpi2c/lpi2c_driver.o
 .ARM.attributes
                0x000005ae       0x39 ./SDK/platform/drivers/src/interrupt/interrupt_manager.o
 .ARM.attributes
                0x000005e7       0x39 ./SDK/platform/drivers/src/ftm/ftm_pwm_driver.o
 .ARM.attributes
                0x00000620       0x39 ./SDK/platform/drivers/src/ftm/ftm_hw_access.o
 .ARM.attributes
                0x00000659       0x39 ./SDK/platform/drivers/src/ftm/ftm_common.o
 .ARM.attributes
                0x00000692       0x39 ./SDK/platform/drivers/src/flexcan/flexcan_irq.o
 .ARM.attributes
                0x000006cb       0x39 ./SDK/platform/drivers/src/flexcan/flexcan_hw_access.o
 .ARM.attributes
                0x00000704       0x39 ./SDK/platform/drivers/src/flexcan/flexcan_driver.o
 .ARM.attributes
                0x0000073d       0x39 ./SDK/platform/drivers/src/edma/edma_irq.o
 .ARM.attributes
                0x00000776       0x39 ./SDK/platform/drivers/src/edma/edma_hw_access.o
 .ARM.attributes
                0x000007af       0x39 ./SDK/platform/drivers/src/edma/edma_driver.o
 .ARM.attributes
                0x000007e8       0x39 ./SDK/platform/drivers/src/clock/clock_manager.o
 .ARM.attributes
                0x00000821       0x39 ./SDK/platform/drivers/src/clock/S32K1xx/clock_S32K1xx.o
 .ARM.attributes
                0x0000085a       0x39 ./SDK/platform/devices/startup.o
 .ARM.attributes
                0x00000893       0x39 ./SDK/platform/devices/S32K144/startup/system_S32K144.o
 .ARM.attributes
                0x000008cc       0x1f ./Project_Settings/Startup_Code/startup_S32K144.o
 .ARM.attributes
                0x000008eb       0x39 ./Generated_Code/wdg_pal1.o
 .ARM.attributes
                0x00000924       0x39 ./Generated_Code/pin_mux.o
 .ARM.attributes
                0x0000095d       0x39 ./Generated_Code/lpuart1_uart.o
 .ARM.attributes
                0x00000996       0x39 ./Generated_Code/lpuart0_uart.o
 .ARM.attributes
                0x000009cf       0x39 ./Generated_Code/flexTimer_pwm1.o
 .ARM.attributes
                0x00000a08       0x39 ./Generated_Code/dmaController1.o
 .ARM.attributes
                0x00000a41       0x39 ./Generated_Code/clockMan1.o
 .ARM.attributes
                0x00000a7a       0x39 ./Generated_Code/can_pal1.o
 .ARM.attributes
                0x00000ab3       0x39 ./Generated_Code/can_pal0.o
 .ARM.attributes
                0x00000aec       0x39 ./Generated_Code/Send1.o
 .ARM.attributes
                0x00000b25       0x39 ./Generated_Code/Send.o
 .ARM.attributes
                0x00000b5e       0x34 C:/NXP/S32DS_ARM_v2018.R1/Cross_Tools/gcc-arm-none-eabi-4_9/arm-none-eabi/newlib/lib/armv7e-m/fpu\libc_nano.a(lib_a-impure.o)
 .ARM.attributes
                0x00000b92       0x34 C:/NXP/S32DS_ARM_v2018.R1/Cross_Tools/gcc-arm-none-eabi-4_9/arm-none-eabi/newlib/lib/armv7e-m/fpu\libc_nano.a(lib_a-memset.o)
 .ARM.attributes
                0x00000bc6       0x34 C:/NXP/S32DS_ARM_v2018.R1/Cross_Tools/gcc-arm-none-eabi-4_9/arm-none-eabi/newlib/lib/armv7e-m/fpu\libc_nano.a(lib_a-rand.o)
 .ARM.attributes
                0x00000bfa       0x34 C:/NXP/S32DS_ARM_v2018.R1/Cross_Tools/gcc-arm-none-eabi-4_9/arm-none-eabi/newlib/lib/armv7e-m/fpu\libc_nano.a(lib_a-malloc.o)
 .ARM.attributes
                0x00000c2e       0x34 C:/NXP/S32DS_ARM_v2018.R1/Cross_Tools/gcc-arm-none-eabi-4_9/arm-none-eabi/newlib/lib/armv7e-m/fpu\libc_nano.a(lib_a-nano-mallocr.o)
 .ARM.attributes
                0x00000c62       0x34 C:/NXP/S32DS_ARM_v2018.R1/Cross_Tools/gcc-arm-none-eabi-4_9/arm-none-eabi/newlib/lib/armv7e-m/fpu\libc_nano.a(lib_a-sbrkr.o)
 .ARM.attributes
                0x00000c96       0x34 C:/NXP/S32DS_ARM_v2018.R1/Cross_Tools/gcc-arm-none-eabi-4_9/arm-none-eabi/newlib/lib/armv7e-m/fpu\libc_nano.a(lib_a-reent.o)
 .ARM.attributes
                0x00000cca       0x34 C:/NXP/S32DS_ARM_v2018.R1/Cross_Tools/gcc-arm-none-eabi-4_9/arm-none-eabi/newlib/lib/armv7e-m/fpu\librdimon_nano.a(rdimon-syscalls.o)
 .ARM.attributes
                0x00000cfe       0x34 C:/NXP/S32DS_ARM_v2018.R1/Cross_Tools/gcc-arm-none-eabi-4_9/arm-none-eabi/newlib/lib/armv7e-m/fpu\libc_nano.a(lib_a-errno.o)
 .ARM.attributes
                0x00000d32       0x34 C:/NXP/S32DS_ARM_v2018.R1/Cross_Tools/gcc-arm-none-eabi-4_9/arm-none-eabi/newlib/lib/armv7e-m/fpu\libc_nano.a(lib_a-findfp.o)
 .ARM.attributes
                0x00000d66       0x34 c:/nxp/s32ds_arm_v2018.r1/cross_tools/gcc-arm-none-eabi-4_9/bin/../lib/gcc/arm-none-eabi/4.9.3/armv7e-m/fpu/crtend.o
 .ARM.attributes
                0x00000d9a       0x22 c:/nxp/s32ds_arm_v2018.r1/cross_tools/gcc-arm-none-eabi-4_9/bin/../lib/gcc/arm-none-eabi/4.9.3/armv7e-m/fpu/crtn.o
                0x00000001                ASSERT ((__StackLimit >= __HeapLimit), region m_data overflowed with stack and heap)

/DISCARD/
 *(.FlashConfig)
OUTPUT(s32k144.elf elf32-littlearm)

.debug_info     0x00000000    0x3b322
 .debug_info    0x00000000      0xe3f ./Sources/uart_receiver.o
 .debug_info    0x00000e3f     0x1087 ./Sources/test.o
 .debug_info    0x00001ec6     0x165f ./Sources/main.o
 .debug_info    0x00003525     0x165b ./Sources/ledstrip.o
 .debug_info    0x00004b80     0x180a ./Sources/init.o
 .debug_info    0x0000638a      0xaae ./Sources/can_receiver.o
 .debug_info    0x00006e38      0xb47 ./SDK/rtos/osif/osif_baremetal.o
 .debug_info    0x0000797f      0x933 ./SDK/platform/pal/wdg/src/wdg_pal.o
 .debug_info    0x000082b2      0xf35 ./SDK/platform/pal/uart/src/uart_pal.o
 .debug_info    0x000091e7     0x1944 ./SDK/platform/pal/can/src/can_pal.o
 .debug_info    0x0000ab2b      0x60f ./SDK/platform/drivers/src/wdog/wdog_hw_access.o
 .debug_info    0x0000b13a     0x139e ./SDK/platform/drivers/src/wdog/wdog_driver.o
 .debug_info    0x0000c4d8      0x8cb ./SDK/platform/drivers/src/pins/pins_port_hw_access.o
 .debug_info    0x0000cda3     0x153d ./SDK/platform/drivers/src/pins/pins_driver.o
 .debug_info    0x0000e2e0      0x138 ./SDK/platform/drivers/src/lpuart/lpuart_irq.o
 .debug_info    0x0000e418      0x89c ./SDK/platform/drivers/src/lpuart/lpuart_hw_access.o
 .debug_info    0x0000ecb4     0x2cd3 ./SDK/platform/drivers/src/lpuart/lpuart_driver.o
 .debug_info    0x00011987     0x1ca4 ./SDK/platform/drivers/src/lpspi/lpspi_slave_driver.o
 .debug_info    0x0001362b      0xdae ./SDK/platform/drivers/src/lpspi/lpspi_shared_function.o
 .debug_info    0x000143d9     0x26c1 ./SDK/platform/drivers/src/lpspi/lpspi_master_driver.o
 .debug_info    0x00016a9a      0x10c ./SDK/platform/drivers/src/lpspi/lpspi_irq.o
 .debug_info    0x00016ba6     0x132a ./SDK/platform/drivers/src/lpspi/lpspi_hw_access.o
 .debug_info    0x00017ed0       0xfa ./SDK/platform/drivers/src/lpi2c/lpi2c_irq.o
 .debug_info    0x00017fca     0x5d68 ./SDK/platform/drivers/src/lpi2c/lpi2c_driver.o
 .debug_info    0x0001dd32      0xb39 ./SDK/platform/drivers/src/interrupt/interrupt_manager.o
 .debug_info    0x0001e86b     0x2a4d ./SDK/platform/drivers/src/ftm/ftm_pwm_driver.o
 .debug_info    0x000212b8      0x4bb ./SDK/platform/drivers/src/ftm/ftm_hw_access.o
 .debug_info    0x00021773     0x2bdf ./SDK/platform/drivers/src/ftm/ftm_common.o
 .debug_info    0x00024352      0x288 ./SDK/platform/drivers/src/flexcan/flexcan_irq.o
 .debug_info    0x000245da     0x1b92 ./SDK/platform/drivers/src/flexcan/flexcan_hw_access.o
 .debug_info    0x0002616c     0x417d ./SDK/platform/drivers/src/flexcan/flexcan_driver.o
 .debug_info    0x0002a2e9      0x6ec ./SDK/platform/drivers/src/edma/edma_irq.o
 .debug_info    0x0002a9d5      0xa6e ./SDK/platform/drivers/src/edma/edma_hw_access.o
 .debug_info    0x0002b443     0x48ce ./SDK/platform/drivers/src/edma/edma_driver.o
 .debug_info    0x0002fd11     0x12e3 ./SDK/platform/drivers/src/clock/clock_manager.o
 .debug_info    0x00030ff4     0x5677 ./SDK/platform/drivers/src/clock/S32K1xx/clock_S32K1xx.o
 .debug_info    0x0003666b      0x430 ./SDK/platform/devices/startup.o
 .debug_info    0x00036a9b      0x516 ./SDK/platform/devices/S32K144/startup/system_S32K144.o
 .debug_info    0x00036fb1       0xc4 ./Project_Settings/Startup_Code/startup_S32K144.o
 .debug_info    0x00037075      0x368 ./Generated_Code/wdg_pal1.o
 .debug_info    0x000373dd      0x3e8 ./Generated_Code/pin_mux.o
 .debug_info    0x000377c5      0x41f ./Generated_Code/lpuart1_uart.o
 .debug_info    0x00037be4      0x41f ./Generated_Code/lpuart0_uart.o
 .debug_info    0x00038003      0x831 ./Generated_Code/flexTimer_pwm1.o
 .debug_info    0x00038834      0x67d ./Generated_Code/dmaController1.o
 .debug_info    0x00038eb1     0x11e9 ./Generated_Code/clockMan1.o
 .debug_info    0x0003a09a      0x384 ./Generated_Code/can_pal1.o
 .debug_info    0x0003a41e      0x384 ./Generated_Code/can_pal0.o
 .debug_info    0x0003a7a2      0x5c0 ./Generated_Code/Send1.o
 .debug_info    0x0003ad62      0x5c0 ./Generated_Code/Send.o

.debug_abbrev   0x00000000     0x6203
 .debug_abbrev  0x00000000      0x207 ./Sources/uart_receiver.o
 .debug_abbrev  0x00000207      0x1fa ./Sources/test.o
 .debug_abbrev  0x00000401      0x1ee ./Sources/main.o
 .debug_abbrev  0x000005ef      0x2c5 ./Sources/ledstrip.o
 .debug_abbrev  0x000008b4      0x179 ./Sources/init.o
 .debug_abbrev  0x00000a2d      0x18c ./Sources/can_receiver.o
 .debug_abbrev  0x00000bb9      0x2b8 ./SDK/rtos/osif/osif_baremetal.o
 .debug_abbrev  0x00000e71      0x209 ./SDK/platform/pal/wdg/src/wdg_pal.o
 .debug_abbrev  0x0000107a      0x23b ./SDK/platform/pal/uart/src/uart_pal.o
 .debug_abbrev  0x000012b5      0x2ac ./SDK/platform/pal/can/src/can_pal.o
 .debug_abbrev  0x00001561      0x1a3 ./SDK/platform/drivers/src/wdog/wdog_hw_access.o
 .debug_abbrev  0x00001704      0x397 ./SDK/platform/drivers/src/wdog/wdog_driver.o
 .debug_abbrev  0x00001a9b      0x1ac ./SDK/platform/drivers/src/pins/pins_port_hw_access.o
 .debug_abbrev  0x00001c47      0x327 ./SDK/platform/drivers/src/pins/pins_driver.o
 .debug_abbrev  0x00001f6e       0xb4 ./SDK/platform/drivers/src/lpuart/lpuart_irq.o
 .debug_abbrev  0x00002022      0x1b7 ./SDK/platform/drivers/src/lpuart/lpuart_hw_access.o
 .debug_abbrev  0x000021d9      0x3b5 ./SDK/platform/drivers/src/lpuart/lpuart_driver.o
 .debug_abbrev  0x0000258e      0x348 ./SDK/platform/drivers/src/lpspi/lpspi_slave_driver.o
 .debug_abbrev  0x000028d6      0x28b ./SDK/platform/drivers/src/lpspi/lpspi_shared_function.o
 .debug_abbrev  0x00002b61      0x36d ./SDK/platform/drivers/src/lpspi/lpspi_master_driver.o
 .debug_abbrev  0x00002ece       0x81 ./SDK/platform/drivers/src/lpspi/lpspi_irq.o
 .debug_abbrev  0x00002f4f      0x28b ./SDK/platform/drivers/src/lpspi/lpspi_hw_access.o
 .debug_abbrev  0x000031da       0x94 ./SDK/platform/drivers/src/lpi2c/lpi2c_irq.o
 .debug_abbrev  0x0000326e      0x467 ./SDK/platform/drivers/src/lpi2c/lpi2c_driver.o
 .debug_abbrev  0x000036d5      0x237 ./SDK/platform/drivers/src/interrupt/interrupt_manager.o
 .debug_abbrev  0x0000390c      0x338 ./SDK/platform/drivers/src/ftm/ftm_pwm_driver.o
 .debug_abbrev  0x00003c44      0x192 ./SDK/platform/drivers/src/ftm/ftm_hw_access.o
 .debug_abbrev  0x00003dd6      0x364 ./SDK/platform/drivers/src/ftm/ftm_common.o
 .debug_abbrev  0x0000413a       0x94 ./SDK/platform/drivers/src/flexcan/flexcan_irq.o
 .debug_abbrev  0x000041ce      0x35f ./SDK/platform/drivers/src/flexcan/flexcan_hw_access.o
 .debug_abbrev  0x0000452d      0x478 ./SDK/platform/drivers/src/flexcan/flexcan_driver.o
 .debug_abbrev  0x000049a5      0x1d7 ./SDK/platform/drivers/src/edma/edma_irq.o
 .debug_abbrev  0x00004b7c      0x23c ./SDK/platform/drivers/src/edma/edma_hw_access.o
 .debug_abbrev  0x00004db8      0x473 ./SDK/platform/drivers/src/edma/edma_driver.o
 .debug_abbrev  0x0000522b      0x20a ./SDK/platform/drivers/src/clock/clock_manager.o
 .debug_abbrev  0x00005435      0x346 ./SDK/platform/drivers/src/clock/S32K1xx/clock_S32K1xx.o
 .debug_abbrev  0x0000577b      0x12a ./SDK/platform/devices/startup.o
 .debug_abbrev  0x000058a5      0x134 ./SDK/platform/devices/S32K144/startup/system_S32K144.o
 .debug_abbrev  0x000059d9       0x14 ./Project_Settings/Startup_Code/startup_S32K144.o
 .debug_abbrev  0x000059ed       0x94 ./Generated_Code/wdg_pal1.o
 .debug_abbrev  0x00005a81       0xbe ./Generated_Code/pin_mux.o
 .debug_abbrev  0x00005b3f       0xa6 ./Generated_Code/lpuart1_uart.o
 .debug_abbrev  0x00005be5       0xa6 ./Generated_Code/lpuart0_uart.o
 .debug_abbrev  0x00005c8b       0xd1 ./Generated_Code/flexTimer_pwm1.o
 .debug_abbrev  0x00005d5c       0xef ./Generated_Code/dmaController1.o
 .debug_abbrev  0x00005e4b      0x10a ./Generated_Code/clockMan1.o
 .debug_abbrev  0x00005f55       0x94 ./Generated_Code/can_pal1.o
 .debug_abbrev  0x00005fe9       0x94 ./Generated_Code/can_pal0.o
 .debug_abbrev  0x0000607d       0xc3 ./Generated_Code/Send1.o
 .debug_abbrev  0x00006140       0xc3 ./Generated_Code/Send.o

.debug_loc      0x00000000    0x22467
 .debug_loc     0x00000000      0x45f ./Sources/uart_receiver.o
 .debug_loc     0x0000045f      0x5ca ./Sources/test.o
 .debug_loc     0x00000a29     0x101c ./Sources/ledstrip.o
 .debug_loc     0x00001a45      0x2d5 ./Sources/can_receiver.o
 .debug_loc     0x00001d1a      0x3ef ./SDK/rtos/osif/osif_baremetal.o
 .debug_loc     0x00002109      0x67b ./SDK/platform/pal/wdg/src/wdg_pal.o
 .debug_loc     0x00002784      0x8f0 ./SDK/platform/pal/uart/src/uart_pal.o
 .debug_loc     0x00003074     0x12dd ./SDK/platform/pal/can/src/can_pal.o
 .debug_loc     0x00004351      0x38f ./SDK/platform/drivers/src/wdog/wdog_hw_access.o
 .debug_loc     0x000046e0      0x723 ./SDK/platform/drivers/src/wdog/wdog_driver.o
 .debug_loc     0x00004e03      0x2fd ./SDK/platform/drivers/src/pins/pins_port_hw_access.o
 .debug_loc     0x00005100      0x49c ./SDK/platform/drivers/src/pins/pins_driver.o
 .debug_loc     0x0000559c      0x923 ./SDK/platform/drivers/src/lpuart/lpuart_hw_access.o
 .debug_loc     0x00005ebf     0x2a10 ./SDK/platform/drivers/src/lpuart/lpuart_driver.o
 .debug_loc     0x000088cf      0xe13 ./SDK/platform/drivers/src/lpspi/lpspi_slave_driver.o
 .debug_loc     0x000096e2      0x32b ./SDK/platform/drivers/src/lpspi/lpspi_shared_function.o
 .debug_loc     0x00009a0d     0x1547 ./SDK/platform/drivers/src/lpspi/lpspi_master_driver.o
 .debug_loc     0x0000af54      0xd49 ./SDK/platform/drivers/src/lpspi/lpspi_hw_access.o
 .debug_loc     0x0000bc9d     0x4458 ./SDK/platform/drivers/src/lpi2c/lpi2c_driver.o
 .debug_loc     0x000100f5      0x62b ./SDK/platform/drivers/src/interrupt/interrupt_manager.o
 .debug_loc     0x00010720     0x27dc ./SDK/platform/drivers/src/ftm/ftm_pwm_driver.o
 .debug_loc     0x00012efc      0x235 ./SDK/platform/drivers/src/ftm/ftm_hw_access.o
 .debug_loc     0x00013131     0x1c01 ./SDK/platform/drivers/src/ftm/ftm_common.o
 .debug_loc     0x00014d32     0x1b24 ./SDK/platform/drivers/src/flexcan/flexcan_hw_access.o
 .debug_loc     0x00016856     0x2911 ./SDK/platform/drivers/src/flexcan/flexcan_driver.o
 .debug_loc     0x00019167       0x3d ./SDK/platform/drivers/src/edma/edma_irq.o
 .debug_loc     0x000191a4      0x7f0 ./SDK/platform/drivers/src/edma/edma_hw_access.o
 .debug_loc     0x00019994     0x330f ./SDK/platform/drivers/src/edma/edma_driver.o
 .debug_loc     0x0001cca3      0x21f ./SDK/platform/drivers/src/clock/clock_manager.o
 .debug_loc     0x0001cec2     0x53e2 ./SDK/platform/drivers/src/clock/S32K1xx/clock_S32K1xx.o
 .debug_loc     0x000222a4       0xae ./SDK/platform/devices/startup.o
 .debug_loc     0x00022352      0x115 ./SDK/platform/devices/S32K144/startup/system_S32K144.o

.debug_aranges  0x00000000     0x1360
 .debug_aranges
                0x00000000       0x30 ./Sources/uart_receiver.o
 .debug_aranges
                0x00000030       0x50 ./Sources/test.o
 .debug_aranges
                0x00000080       0x28 ./Sources/main.o
 .debug_aranges
                0x000000a8       0x78 ./Sources/ledstrip.o
 .debug_aranges
                0x00000120       0x48 ./Sources/init.o
 .debug_aranges
                0x00000168       0x28 ./Sources/can_receiver.o
 .debug_aranges
                0x00000190       0x70 ./SDK/rtos/osif/osif_baremetal.o
 .debug_aranges
                0x00000200       0x60 ./SDK/platform/pal/wdg/src/wdg_pal.o
 .debug_aranges
                0x00000260       0x78 ./SDK/platform/pal/uart/src/uart_pal.o
 .debug_aranges
                0x000002d8       0x88 ./SDK/platform/pal/can/src/can_pal.o
 .debug_aranges
                0x00000360       0x28 ./SDK/platform/drivers/src/wdog/wdog_hw_access.o
 .debug_aranges
                0x00000388       0x88 ./SDK/platform/drivers/src/wdog/wdog_driver.o
 .debug_aranges