Archive member included because of file (symbol)

C:/NXP/S32DS_ARM_v2018.R1/Cross_Tools/gcc-arm-none-eabi-4_9/arm-none-eabi/newlib/lib/armv7e-m/fpu\libc_nano.a(lib_a-exit.o)
                              C:/NXP/S32DS_ARM_v2018.R1/Cross_Tools/gcc-arm-none-eabi-4_9/arm-none-eabi/newlib/lib/armv7e-m/fpu/crt0.o (exit)
C:/NXP/S32DS_ARM_v2018.R1/Cross_Tools/gcc-arm-none-eabi-4_9/arm-none-eabi/newlib/lib/armv7e-m/fpu\libc_nano.a(lib_a-impure.o)
                              C:/NXP/S32DS_ARM_v2018.R1/Cross_Tools/gcc-arm-none-eabi-4_9/arm-none-eabi/newlib/lib/armv7e-m/fpu\libc_nano.a(lib_a-exit.o) (_global_impure_ptr)
C:/NXP/S32DS_ARM_v2018.R1/Cross_Tools/gcc-arm-none-eabi-4_9/arm-none-eabi/newlib/lib/armv7e-m/fpu\libc_nano.a(lib_a-init.o)
                              C:/NXP/S32DS_ARM_v2018.R1/Cross_Tools/gcc-arm-none-eabi-4_9/arm-none-eabi/newlib/lib/armv7e-m/fpu/crt0.o (__libc_init_array)
C:/NXP/S32DS_ARM_v2018.R1/Cross_Tools/gcc-arm-none-eabi-4_9/arm-none-eabi/newlib/lib/armv7e-m/fpu\libc_nano.a(lib_a-memset.o)
                              C:/NXP/S32DS_ARM_v2018.R1/Cross_Tools/gcc-arm-none-eabi-4_9/arm-none-eabi/newlib/lib/armv7e-m/fpu/crt0.o (memset)
C:/NXP/S32DS_ARM_v2018.R1/Cross_Tools/gcc-arm-none-eabi-4_9/arm-none-eabi/newlib/lib/armv7e-m/fpu\libc_nano.a(lib_a-rand.o)
                              ./Sources/ledstrip.o (rand)
C:/NXP/S32DS_ARM_v2018.R1/Cross_Tools/gcc-arm-none-eabi-4_9/arm-none-eabi/newlib/lib/armv7e-m/fpu\libc_nano.a(lib_a-malloc.o)
                              C:/NXP/S32DS_ARM_v2018.R1/Cross_Tools/gcc-arm-none-eabi-4_9/arm-none-eabi/newlib/lib/armv7e-m/fpu\libc_nano.a(lib_a-rand.o) (malloc)
C:/NXP/S32DS_ARM_v2018.R1/Cross_Tools/gcc-arm-none-eabi-4_9/arm-none-eabi/newlib/lib/armv7e-m/fpu\libc_nano.a(lib_a-nano-freer.o)
                              C:/NXP/S32DS_ARM_v2018.R1/Cross_Tools/gcc-arm-none-eabi-4_9/arm-none-eabi/newlib/lib/armv7e-m/fpu\libc_nano.a(lib_a-malloc.o) (_free_r)
C:/NXP/S32DS_ARM_v2018.R1/Cross_Tools/gcc-arm-none-eabi-4_9/arm-none-eabi/newlib/lib/armv7e-m/fpu\libc_nano.a(lib_a-nano-mallocr.o)
                              C:/NXP/S32DS_ARM_v2018.R1/Cross_Tools/gcc-arm-none-eabi-4_9/arm-none-eabi/newlib/lib/armv7e-m/fpu\libc_nano.a(lib_a-malloc.o) (_malloc_r)
C:/NXP/S32DS_ARM_v2018.R1/Cross_Tools/gcc-arm-none-eabi-4_9/arm-none-eabi/newlib/lib/armv7e-m/fpu\libc_nano.a(lib_a-sbrkr.o)
                              C:/NXP/S32DS_ARM_v2018.R1/Cross_Tools/gcc-arm-none-eabi-4_9/arm-none-eabi/newlib/lib/armv7e-m/fpu\libc_nano.a(lib_a-nano-mallocr.o) (_sbrk_r)
C:/NXP/S32DS_ARM_v2018.R1/Cross_Tools/gcc-arm-none-eabi-4_9/arm-none-eabi/newlib/lib/armv7e-m/fpu\libc_nano.a(lib_a-reent.o)
                              C:/NXP/S32DS_ARM_v2018.R1/Cross_Tools/gcc-arm-none-eabi-4_9/arm-none-eabi/newlib/lib/armv7e-m/fpu\libc_nano.a(lib_a-sbrkr.o) (errno)
C:/NXP/S32DS_ARM_v2018.R1/Cross_Tools/gcc-arm-none-eabi-4_9/arm-none-eabi/newlib/lib/armv7e-m/fpu\librdimon_nano.a(rdimon-syscalls.o)
                              C:/NXP/S32DS_ARM_v2018.R1/Cross_Tools/gcc-arm-none-eabi-4_9/arm-none-eabi/newlib/lib/armv7e-m/fpu\libc_nano.a(lib_a-sbrkr.o) (_sbrk)
C:/NXP/S32DS_ARM_v2018.R1/Cross_Tools/gcc-arm-none-eabi-4_9/arm-none-eabi/newlib/lib/armv7e-m/fpu\librdimon_nano.a(rdimon-_exit.o)
                              C:/NXP/S32DS_ARM_v2018.R1/Cross_Tools/gcc-arm-none-eabi-4_9/arm-none-eabi/newlib/lib/armv7e-m/fpu\libc_nano.a(lib_a-exit.o) (_exit)
C:/NXP/S32DS_ARM_v2018.R1/Cross_Tools/gcc-arm-none-eabi-4_9/arm-none-eabi/newlib/lib/armv7e-m/fpu\librdimon_nano.a(rdimon-_kill.o)
                              C:/NXP/S32DS_ARM_v2018.R1/Cross_Tools/gcc-arm-none-eabi-4_9/arm-none-eabi/newlib/lib/armv7e-m/fpu\librdimon_nano.a(rdimon-_exit.o) (_kill)
C:/NXP/S32DS_ARM_v2018.R1/Cross_Tools/gcc-arm-none-eabi-4_9/arm-none-eabi/newlib/lib/armv7e-m/fpu\libc_nano.a(lib_a-errno.o)
                              C:/NXP/S32DS_ARM_v2018.R1/Cross_Tools/gcc-arm-none-eabi-4_9/arm-none-eabi/newlib/lib/armv7e-m/fpu\librdimon_nano.a(rdimon-syscalls.o) (__errno)
C:/NXP/S32DS_ARM_v2018.R1/Cross_Tools/gcc-arm-none-eabi-4_9/arm-none-eabi/newlib/lib/armv7e-m/fpu\libc_nano.a(lib_a-findfp.o)
                              C:/NXP/S32DS_ARM_v2018.R1/Cross_Tools/gcc-arm-none-eabi-4_9/arm-none-eabi/newlib/lib/armv7e-m/fpu\librdimon_nano.a(rdimon-syscalls.o) (__sinit)
C:/NXP/S32DS_ARM_v2018.R1/Cross_Tools/gcc-arm-none-eabi-4_9/arm-none-eabi/newlib/lib/armv7e-m/fpu\libc_nano.a(lib_a-fwalk.o)
                              C:/NXP/S32DS_ARM_v2018.R1/Cross_Tools/gcc-arm-none-eabi-4_9/arm-none-eabi/newlib/lib/armv7e-m/fpu\libc_nano.a(lib_a-findfp.o) (_fwalk)
C:/NXP/S32DS_ARM_v2018.R1/Cross_Tools/gcc-arm-none-eabi-4_9/arm-none-eabi/newlib/lib/armv7e-m/fpu\libc_nano.a(lib_a-stdio.o)
                              C:/NXP/S32DS_ARM_v2018.R1/Cross_Tools/gcc-arm-none-eabi-4_9/arm-none-eabi/newlib/lib/armv7e-m/fpu\libc_nano.a(lib_a-findfp.o) (__sread)
[...]
Memory Configuration

Name             Origin             Length             Attributes
m_interrupts     0x00000000         0x00000400         xr
m_flash_config   0x00000400         0x00000010         xr
m_text           0x00000410         0x0007fbf0         xr
m_data           0x1fff8000         0x00008000         rw
m_data_2         0x20000000         0x00007000         rw
*default*        0x00000000         0xffffffff

Linker script and memory map

LOAD c:/nxp/s32ds_arm_v2018.r1/cross_tools/gcc-arm-none-eabi-4_9/bin/../lib/gcc/arm-none-eabi/4.9.3/armv7e-m/fpu/crti.o
LOAD c:/nxp/s32ds_arm_v2018.r1/cross_tools/gcc-arm-none-eabi-4_9/bin/../lib/gcc/arm-none-eabi/4.9.3/armv7e-m/fpu/crtbegin.o
LOAD C:/NXP/S32DS_ARM_v2018.R1/Cross_Tools/gcc-arm-none-eabi-4_9/arm-none-eabi/newlib/lib/armv7e-m/fpu/crt0.o
LOAD ./Sources/uart_receiver.o
LOAD ./Sources/test.o
LOAD ./Sources/main.o
LOAD ./Sources/ledstrip.o
LOAD ./Sources/init.o
LOAD ./Sources/can_receiver.o
LOAD ./SDK/rtos/osif/osif_baremetal.o
LOAD ./SDK/platform/pal/wdg/src/wdg_pal.o
LOAD ./SDK/platform/pal/uart/src/uart_pal.o
LOAD ./SDK/platform/pal/i2c/src/i2c_pal.o
LOAD ./SDK/platform/pal/can/src/can_pal.o
LOAD ./SDK/platform/drivers/src/wdog/wdog_hw_access.o
LOAD ./SDK/platform/drivers/src/wdog/wdog_driver.o
LOAD ./SDK/platform/drivers/src/pins/pins_port_hw_access.o
LOAD ./SDK/platform/drivers/src/pins/pins_driver.o
LOAD ./SDK/platform/drivers/src/lpuart/lpuart_irq.o
LOAD ./SDK/platform/drivers/src/lpuart/lpuart_hw_access.o
LOAD ./SDK/platform/drivers/src/lpuart/lpuart_driver.o
LOAD ./SDK/platform/drivers/src/lpspi/lpspi_slave_driver.o
LOAD ./SDK/platform/drivers/src/lpspi/lpspi_shared_function.o
LOAD ./SDK/platform/drivers/src/lpspi/lpspi_master_driver.o
LOAD ./SDK/platform/drivers/src/lpspi/lpspi_irq.o
LOAD ./SDK/platform/drivers/src/lpspi/lpspi_hw_access.o
LOAD ./SDK/platform/drivers/src/lpi2c/lpi2c_irq.o
LOAD ./SDK/platform/drivers/src/lpi2c/lpi2c_hw_access.o
LOAD ./SDK/platform/drivers/src/lpi2c/lpi2c_driver.o
LOAD ./SDK/platform/drivers/src/interrupt/interrupt_manager.o
LOAD ./SDK/platform/drivers/src/ftm/ftm_pwm_driver.o
LOAD ./SDK/platform/drivers/src/ftm/ftm_hw_access.o
LOAD ./SDK/platform/drivers/src/ftm/ftm_common.o
LOAD ./SDK/platform/drivers/src/flexcan/flexcan_irq.o
LOAD ./SDK/platform/drivers/src/flexcan/flexcan_hw_access.o
LOAD ./SDK/platform/drivers/src/flexcan/flexcan_driver.o
LOAD ./SDK/platform/drivers/src/ewm/ewm_driver.o
LOAD ./SDK/platform/drivers/src/edma/edma_irq.o
LOAD ./SDK/platform/drivers/src/edma/edma_hw_access.o
LOAD ./SDK/platform/drivers/src/edma/edma_driver.o
LOAD ./SDK/platform/drivers/src/clock/clock_manager.o
LOAD ./SDK/platform/drivers/src/clock/S32K1xx/clock_S32K1xx.o
LOAD ./SDK/platform/devices/startup.o
LOAD ./SDK/platform/devices/S32K144/startup/system_S32K144.o
LOAD ./Project_Settings/Startup_Code/startup_S32K144.o
LOAD ./Generated_Code/wdg_pal1.o
LOAD ./Generated_Code/pin_mux.o
LOAD ./Generated_Code/lpuart1_uart.o
LOAD ./Generated_Code/lpuart0_uart.o
LOAD ./Generated_Code/i2c1.o
LOAD ./Generated_Code/flexTimer_pwm1.o
LOAD ./Generated_Code/dmaController1.o
LOAD ./Generated_Code/clockMan1.o
LOAD ./Generated_Code/can_pal1.o
LOAD ./Generated_Code/can_pal0.o
LOAD ./Generated_Code/Send1.o
LOAD ./Generated_Code/Send.o
LOAD ./Generated_Code/Cpu.o
LOAD C:/NXP/S32DS_ARM_v2018.R1/Cross_Tools/gcc-arm-none-eabi-4_9/arm-none-eabi/newlib/lib/armv7e-m/fpu\libc_nano.a
LOAD c:/nxp/s32ds_arm_v2018.r1/cross_tools/gcc-arm-none-eabi-4_9/bin/../lib/gcc/arm-none-eabi/4.9.3/armv7e-m/fpu\libgcc.a
LOAD C:/NXP/S32DS_ARM_v2018.R1/Cross_Tools/gcc-arm-none-eabi-4_9/arm-none-eabi/newlib/lib/armv7e-m/fpu\libm.a
LOAD C:/NXP/S32DS_ARM_v2018.R1/Cross_Tools/gcc-arm-none-eabi-4_9/arm-none-eabi/newlib/lib/armv7e-m/fpu\librdimon_nano.a
START GROUP
LOAD c:/nxp/s32ds_arm_v2018.r1/cross_tools/gcc-arm-none-eabi-4_9/bin/../lib/gcc/arm-none-eabi/4.9.3/armv7e-m/fpu\libgcc.a
LOAD C:/NXP/S32DS_ARM_v2018.R1/Cross_Tools/gcc-arm-none-eabi-4_9/arm-none-eabi/newlib/lib/armv7e-m/fpu\libc_nano.a
END GROUP
START GROUP
LOAD c:/nxp/s32ds_arm_v2018.r1/cross_tools/gcc-arm-none-eabi-4_9/bin/../lib/gcc/arm-none-eabi/4.9.3/armv7e-m/fpu\libgcc.a
LOAD C:/NXP/S32DS_ARM_v2018.R1/Cross_Tools/gcc-arm-none-eabi-4_9/arm-none-eabi/newlib/lib/armv7e-m/fpu\libc_nano.a
LOAD C:/NXP/S32DS_ARM_v2018.R1/Cross_Tools/gcc-arm-none-eabi-4_9/arm-none-eabi/newlib/lib/armv7e-m/fpu\libnosys.a
END GROUP
START GROUP
LOAD c:/nxp/s32ds_arm_v2018.r1/cross_tools/gcc-arm-none-eabi-4_9/bin/../lib/gcc/arm-none-eabi/4.9.3/armv7e-m/fpu\libgcc.a
LOAD C:/NXP/S32DS_ARM_v2018.R1/Cross_Tools/gcc-arm-none-eabi-4_9/arm-none-eabi/newlib/lib/armv7e-m/fpu\libc_nano.a
LOAD C:/NXP/S32DS_ARM_v2018.R1/Cross_Tools/gcc-arm-none-eabi-4_9/arm-none-eabi/newlib/lib/armv7e-m/fpu\libnosys.a
END GROUP
LOAD c:/nxp/s32ds_arm_v2018.r1/cross_tools/gcc-arm-none-eabi-4_9/bin/../lib/gcc/arm-none-eabi/4.9.3/armv7e-m/fpu/crtend.o
LOAD c:/nxp/s32ds_arm_v2018.r1/cross_tools/gcc-arm-none-eabi-4_9/bin/../lib/gcc/arm-none-eabi/4.9.3/armv7e-m/fpu/crtn.o
                0x00000400                HEAP_SIZE = DEFINED (__heap_size__)?__heap_size__:0x400
                0x00000400                STACK_SIZE = DEFINED (__stack_size__)?__stack_size__:0x400
                0x00000400                M_VECTOR_RAM_SIZE = DEFINED (__flash_vector_table__)?0x0:0x400

.interrupts     0x00000000      0x400
                0x00000000                __VECTOR_TABLE = .
                0x00000000                . = ALIGN (0x4)
 *(.isr_vector)
 .isr_vector    0x00000000      0x400 ./Project_Settings/Startup_Code/startup_S32K144.o
                0x00000000                __isr_vector
                0x00000400                . = ALIGN (0x4)

.flash_config   0x00000400       0x10
                0x00000400                . = ALIGN (0x4)
 *(.FlashConfig)
 .FlashConfig   0x00000400       0x10 ./Project_Settings/Startup_Code/startup_S32K144.o
                0x00000410                . = ALIGN (0x4)

.text           0x00000410     0x6790
                0x00000410                . = ALIGN (0x4)
 *(.text)
 .text          0x00000410       0x5c c:/nxp/s32ds_arm_v2018.r1/cross_tools/gcc-arm-none-eabi-4_9/bin/../lib/gcc/arm-none-eabi/4.9.3/armv7e-m/fpu/crtbegin.o
 .text          0x0000046c       0x44 ./Project_Settings/Startup_Code/startup_S32K144.o
                0x0000046c                Reset_Handler
                0x000004ac                DebugMon_Handler
                0x000004ac                Reserved88_IRQHandler
                0x000004ac                HardFault_Handler
                0x000004ac                Reserved86_IRQHandler
                0x000004ac                Reserved103_IRQHandler
                0x000004ac                FTM2_Ovf_Reload_IRQHandler
                0x000004ac                Reserved50_IRQHandler
                0x000004ac                FTFC_Fault_IRQHandler
                0x000004ac                FTM0_Ch6_Ch7_IRQHandler
                0x000004ac                Reserved114_IRQHandler
                0x000004ac                PendSV_Handler
                0x000004ac                NMI_Handler
                0x000004ac                Reserved89_IRQHandler
                0x000004ac                ERM_double_fault_IRQHandler
                0x000004ac                Reserved59_IRQHandler
                0x000004ac                LPIT0_Ch0_IRQHandler
                0x000004ac                Reserved99_IRQHandler
                0x000004ac                FTM3_Ch6_Ch7_IRQHandler
                0x000004ac                LPIT0_Ch3_IRQHandler
                0x000004ac                Reserved92_IRQHandler
                0x000004ac                FTM0_Ch4_Ch5_IRQHandler
                0x000004ac                FTM3_Ch0_Ch1_IRQHandler
                0x000004ac                SWI_IRQHandler
                0x000004ac                ADC0_IRQHandler
                0x000004ac                FTM2_Ch4_Ch5_IRQHandler
                0x000004ac                UsageFault_Handler
                0x000004ac                FTM0_Ovf_Reload_IRQHandler
                0x000004ac                DefaultISR
                0x000004ac                Reserved58_IRQHandler
                0x000004ac                FTM1_Ch2_Ch3_IRQHandler
                0x000004ac                Reserved82_IRQHandler
                0x000004ac                Reserved71_IRQHandler
                0x000004ac                PORTD_IRQHandler
                0x000004ac                Reserved69_IRQHandler
                0x000004ac                PORTB_IRQHandler
                0x000004ac                Reserved70_IRQHandler
                0x000004ac                ADC1_IRQHandler
                0x000004ac                FTM2_Ch2_Ch3_IRQHandler
                0x000004ac                Reserved53_IRQHandler
                0x000004ac                RTC_IRQHandler
                0x000004ac                PDB0_IRQHandler
                0x000004ac                Reserved54_IRQHandler
                0x000004ac                FTM2_Ch6_Ch7_IRQHandler
                0x000004ac                FTM3_Ch2_Ch3_IRQHandler
                0x000004ac                FTM2_Ch0_Ch1_IRQHandler
                0x000004ac                LPUART1_RxTx_IRQHandler
                0x000004ac                RTC_Seconds_IRQHandler
                0x000004ac                Reserved72_IRQHandler
                0x000004ac                Reserved110_IRQHandler
                0x000004ac                Reserved107_IRQHandler
                0x000004ac                Read_Collision_IRQHandler
                0x000004ac                FTFC_IRQHandler
                0x000004ac                FTM1_Ch6_Ch7_IRQHandler
                0x000004ac                Reserved105_IRQHandler
                0x000004ac                LPIT0_Ch1_IRQHandler
                0x000004ac                FTM1_Ch4_Ch5_IRQHandler
                0x000004ac                FTM3_Ovf_Reload_IRQHandler
                0x000004ac                LPUART2_RxTx_IRQHandler
                0x000004ac                WDOG_EWM_IRQHandler
                0x000004ac                MemManage_Handler
                0x000004ac                Reserved90_IRQHandler
                0x000004ac                Reserved83_IRQHandler
                0x000004ac                FTM0_Fault_IRQHandler
                0x000004ac                Reserved48_IRQHandler
                0x000004ac                SVC_Handler
                0x000004ac                ERM_single_fault_IRQHandler
                0x000004ac                FTM2_Fault_IRQHandler
                0x000004ac                FTM0_Ch2_Ch3_IRQHandler
                0x000004ac                FTM0_Ch0_Ch1_IRQHandler
                0x000004ac                FTM3_Fault_IRQHandler
                0x000004ac                RCM_IRQHandler
                0x000004ac                Reserved100_IRQHandler
                0x000004ac                Reserved91_IRQHandler
                0x000004ac                SCG_IRQHandler
                0x000004ac                PDB1_IRQHandler
                0x000004ac                Reserved81_IRQHandler
                0x000004ac                Reserved46_IRQHandler
                0x000004ac                Reserved45_IRQHandler
                0x000004ac                Reserved112_IRQHandler
                0x000004ac                FTM1_Fault_IRQHandler
                0x000004ac                Reserved106_IRQHandler
                0x000004ac                LVD_LVW_IRQHandler
                0x000004ac                LPIT0_Ch2_IRQHandler
                0x000004ac                PORTA_IRQHandler
                0x000004ac                MCM_IRQHandler
                0x000004ac                FTM3_Ch4_Ch5_IRQHandler
                0x000004ac                PORTE_IRQHandler
                0x000004ac                LPUART0_RxTx_IRQHandler
                0x000004ac                LPTMR0_IRQHandler
                0x000004ac                BusFault_Handler
                0x000004ac                Reserved87_IRQHandler
                0x000004ac                FTM1_Ovf_Reload_IRQHandler
                0x000004ac                Reserved93_IRQHandler
                0x000004ac                CMP0_IRQHandler
                0x000004ac                Reserved52_IRQHandler
                0x000004ac                PORTC_IRQHandler
                0x000004ac                FTM1_Ch0_Ch1_IRQHandler
                0x000004ac                FLEXIO_IRQHandler
                0x000004ac                Reserved113_IRQHandler
 *(.text*)
 .text.hx8880_spi
                0x000004b0       0xb4 ./Sources/test.o
                0x000004b0                hx8880_spi
 .text.board_init
                0x00000564       0x2c ./Sources/main.o
                0x00000564                board_init
 .text.main     0x00000590       0x60 ./Sources/main.o
                0x00000590                main
 .text.uart_init
                0x000005f0       0x1c ./Sources/init.o
                0x000005f0                uart_init
 .text.can_init
                0x0000060c       0x64 ./Sources/init.o
                0x0000060c                can_init
 .text.ledsrip_spi_init
                0x00000670       0x2c ./Sources/init.o
                0x00000670                ledsrip_spi_init
 .text.wdg_init
                0x0000069c       0x10 ./Sources/init.o
                0x0000069c                wdg_init
 .text.pwm_init
                0x000006ac       0x24 ./Sources/init.o
                0x000006ac                pwm_init
 .text.hx8880_spi_init
                0x000006d0       0x28 ./Sources/init.o
                0x000006d0                hx8880_spi_init
 .text.SysTick_Handler
                0x000006f8       0x10 ./SDK/rtos/osif/osif_baremetal.o
                0x000006f8                SysTick_Handler
 .text.OSIF_TimeDelay
                0x00000708       0x58 ./SDK/rtos/osif/osif_baremetal.o
                0x00000708                OSIF_TimeDelay
 .text.OSIF_SemaPost
                0x00000760       0x2c ./SDK/rtos/osif/osif_baremetal.o
                0x00000760                OSIF_SemaPost
 .text.OSIF_SemaCreate
                0x0000078c       0x1c ./SDK/rtos/osif/osif_baremetal.o
                0x0000078c                OSIF_SemaCreate
 .text.OSIF_SemaDestroy
                0x000007a8        0xc ./SDK/rtos/osif/osif_baremetal.o
                0x000007a8                OSIF_SemaDestroy
 .text.WDG_Init
                0x000007b4       0x7c ./SDK/platform/pal/wdg/src/wdg_pal.o
                0x000007b4                WDG_Init
 .text.UART_Init
                0x00000830       0xc8 ./SDK/platform/pal/uart/src/uart_pal.o
                0x00000830                UART_Init
 .text.UART_SendData
                0x000008f8       0x10 ./SDK/platform/pal/uart/src/uart_pal.o
                0x000008f8                UART_SendData
 .text.UART_GetTransmitStatus
                0x00000908       0x10 ./SDK/platform/pal/uart/src/uart_pal.o
                0x00000908                UART_GetTransmitStatus
 .text.CAN_Init
                0x00000918      0x108 ./SDK/platform/pal/can/src/can_pal.o
                0x00000918                CAN_Init
 .text.CAN_ConfigTxBuff
                0x00000a20       0x88 ./SDK/platform/pal/can/src/can_pal.o
                0x00000a20                CAN_ConfigTxBuff
 .text.CAN_ConfigRxBuff
                0x00000aa8       0x84 ./SDK/platform/pal/can/src/can_pal.o
                0x00000aa8                CAN_ConfigRxBuff
 .text.WDOG_Config
                0x00000b2c       0xec ./SDK/platform/drivers/src/wdog/wdog_hw_access.o
                0x00000b2c                WDOG_Config
 .text.WDOG_DRV_GetClockSourceFreq
                0x00000c18       0x48 ./SDK/platform/drivers/src/wdog/wdog_driver.o
 .text.WDOG_DRV_Init
                0x00000c60       0x68 ./SDK/platform/drivers/src/wdog/wdog_driver.o
                0x00000c60                WDOG_DRV_Init
 .text.PINS_Init
                0x00000cc8      0x10c ./SDK/platform/drivers/src/pins/pins_port_hw_access.o
                0x00000cc8                PINS_Init
 .text.PINS_DRV_Init
                0x00000dd4       0x28 ./SDK/platform/drivers/src/pins/pins_driver.o
                0x00000dd4                PINS_DRV_Init
 .text.LPUART0_IrqHandler
                0x00000dfc        0xc ./SDK/platform/drivers/src/lpuart/lpuart_irq.o
                0x00000dfc                LPUART0_IrqHandler
 .text.LPUART1_IrqHandler
                0x00000e08        0xc ./SDK/platform/drivers/src/lpuart/lpuart_irq.o
                0x00000e08                LPUART1_IrqHandler
 .text.LPUART2_IrqHandler
                0x00000e14        0xc ./SDK/platform/drivers/src/lpuart/lpuart_irq.o
                0x00000e14                LPUART2_IrqHandler
 .text.LPUART_Init
                0x00000e20       0x24 ./SDK/platform/drivers/src/lpuart/lpuart_hw_access.o
                0x00000e20                LPUART_Init
 .text.LPUART_SetBitCountPerChar
                0x00000e44       0x24 ./SDK/platform/drivers/src/lpuart/lpuart_hw_access.o
                0x00000e44                LPUART_SetBitCountPerChar
 .text.LPUART_SetParityMode
                0x00000e68       0x20 ./SDK/platform/drivers/src/lpuart/lpuart_hw_access.o
                0x00000e68                LPUART_SetParityMode
 .text.LPUART_Putchar9
                0x00000e88       0x18 ./SDK/platform/drivers/src/lpuart/lpuart_hw_access.o
                0x00000e88                LPUART_Putchar9
 .text.LPUART_Putchar10
                0x00000ea0       0x24 ./SDK/platform/drivers/src/lpuart/lpuart_hw_access.o
                0x00000ea0                LPUART_Putchar10
 .text.LPUART_Getchar9
                0x00000ec4       0x20 ./SDK/platform/drivers/src/lpuart/lpuart_hw_access.o
                0x00000ec4                LPUART_Getchar9
 .text.LPUART_Getchar10
                0x00000ee4       0x2c ./SDK/platform/drivers/src/lpuart/lpuart_hw_access.o
                0x00000ee4                LPUART_Getchar10
 .text.LPUART_SetIntMode
                0x00000f10       0xb4 ./SDK/platform/drivers/src/lpuart/lpuart_hw_access.o
                0x00000f10                LPUART_SetIntMode
 .text.LPUART_GetIntMode
                0x00000fc4       0x78 ./SDK/platform/drivers/src/lpuart/lpuart_hw_access.o
                0x00000fc4                LPUART_GetIntMode
 .text.LPUART_GetStatusFlag
                0x0000103c       0x78 ./SDK/platform/drivers/src/lpuart/lpuart_hw_access.o
                0x0000103c                LPUART_GetStatusFlag
 .text.LPUART_ClearStatusFlag
                0x000010b4      0x138 ./SDK/platform/drivers/src/lpuart/lpuart_hw_access.o
                0x000010b4                LPUART_ClearStatusFlag
 .text.LPUART_DRV_StartSendDataUsingInt
                0x000011ec       0x68 ./SDK/platform/drivers/src/lpuart/lpuart_driver.o
 .text.LPUART_DRV_StartSendDataUsingDma
                0x00001254       0x84 ./SDK/platform/drivers/src/lpuart/lpuart_driver.o
 .text.LPUART_DRV_CompleteSendDataUsingInt
                0x000012d8       0x44 ./SDK/platform/drivers/src/lpuart/lpuart_driver.o
 .text.LPUART_DRV_CompleteReceiveDataUsingInt
                0x0000131c       0x54 ./SDK/platform/drivers/src/lpuart/lpuart_driver.o
 .text.LPUART_DRV_CompleteSendDataUsingDma
                0x00001370       0x50 ./SDK/platform/drivers/src/lpuart/lpuart_driver.o
 .text.LPUART_DRV_PutData
                0x000013c0       0x44 ./SDK/platform/drivers/src/lpuart/lpuart_driver.o
 .text.LPUART_DRV_GetData
                0x00001404       0x60 ./SDK/platform/drivers/src/lpuart/lpuart_driver.o
 .text.LPUART_DRV_InstallRxCallback
                0x00001464       0x1c ./SDK/platform/drivers/src/lpuart/lpuart_driver.o
                0x00001464                LPUART_DRV_InstallRxCallback
 .text.LPUART_DRV_InstallTxCallback
                0x00001480       0x1c ./SDK/platform/drivers/src/lpuart/lpuart_driver.o
                0x00001480                LPUART_DRV_InstallTxCallback
 .text.LPUART_DRV_SendData
                0x0000149c       0x3c ./SDK/platform/drivers/src/lpuart/lpuart_driver.o
                0x0000149c                LPUART_DRV_SendData
 .text.LPUART_DRV_GetTransmitStatus
                0x000014d8       0x48 ./SDK/platform/drivers/src/lpuart/lpuart_driver.o
                0x000014d8                LPUART_DRV_GetTransmitStatus
 .text.LPUART_DRV_SetBaudRate
                0x00001520       0xd4 ./SDK/platform/drivers/src/lpuart/lpuart_driver.o
                0x00001520                LPUART_DRV_SetBaudRate
 .text.LPUART_DRV_Init
                0x000015f4      0x124 ./SDK/platform/drivers/src/lpuart/lpuart_driver.o
                0x000015f4                LPUART_DRV_Init
 .text.LPUART_DRV_IRQHandler
                0x00001718      0x104 ./SDK/platform/drivers/src/lpuart/lpuart_driver.o
                0x00001718                LPUART_DRV_IRQHandler
 .text.LPSPI_DRV_SlaveInit
                0x0000181c      0x104 ./SDK/platform/drivers/src/lpspi/lpspi_slave_driver.o
                0x0000181c                LPSPI_DRV_SlaveInit
 .text.LPSPI_DRV_SlaveTransfer
                0x00001920      0x1d8 ./SDK/platform/drivers/src/lpspi/lpspi_slave_driver.o
                0x00001920                LPSPI_DRV_SlaveTransfer
 .text.LPSPI_DRV_SlaveAbortTransfer
                0x00001af8       0x80 ./SDK/platform/drivers/src/lpspi/lpspi_slave_driver.o
                0x00001af8                LPSPI_DRV_SlaveAbortTransfer
 .text.LPSPI_DRV_SlaveCompleteDMATransfer
                0x00001b78       0x20 ./SDK/platform/drivers/src/lpspi/lpspi_slave_driver.o
 .text.LPSPI_DRV_SlaveIRQHandler
                0x00001b98       0xc0 ./SDK/platform/drivers/src/lpspi/lpspi_slave_driver.o
                0x00001b98                LPSPI_DRV_SlaveIRQHandler
 .text.LPSPI_DRV_IRQHandler
                0x00001c58       0x28 ./SDK/platform/drivers/src/lpspi/lpspi_shared_function.o
                0x00001c58                LPSPI_DRV_IRQHandler
 .text.LPSPI_DRV_FillupTxBuffer
                0x00001c80       0xd8 ./SDK/platform/drivers/src/lpspi/lpspi_shared_function.o
                0x00001c80                LPSPI_DRV_FillupTxBuffer
 .text.LPSPI_DRV_ReadRXBuffer
                0x00001d58      0x118 ./SDK/platform/drivers/src/lpspi/lpspi_shared_function.o
                0x00001d58                LPSPI_DRV_ReadRXBuffer
 .text.LPSPI_DRV_DisableTEIEInterrupts
                0x00001e70       0x30 ./SDK/platform/drivers/src/lpspi/lpspi_shared_function.o
                0x00001e70                LPSPI_DRV_DisableTEIEInterrupts
 .text.LPSPI_DRV_MasterClearCountinuous
                0x00001ea0       0x14 ./SDK/platform/drivers/src/lpspi/lpspi_master_driver.o
 .text.LPSPI_DRV_MasterStartTransfer
                0x00001eb4      0x1d4 ./SDK/platform/drivers/src/lpspi/lpspi_master_driver.o
 .text.LPSPI_DRV_MasterCompleteTransfer
                0x00002088       0x74 ./SDK/platform/drivers/src/lpspi/lpspi_master_driver.o
 .text.LPSPI_DRV_MasterCompleteDMATransfer
                0x000020fc        0x8 ./SDK/platform/drivers/src/lpspi/lpspi_master_driver.o
 .text.LPSPI_DRV_MasterConfigureBus
                0x00002104      0x120 ./SDK/platform/drivers/src/lpspi/lpspi_master_driver.o
                0x00002104                LPSPI_DRV_MasterConfigureBus
 .text.LPSPI_DRV_MasterInit
                0x00002224       0x90 ./SDK/platform/drivers/src/lpspi/lpspi_master_driver.o
                0x00002224                LPSPI_DRV_MasterInit
 .text.LPSPI_DRV_MasterTransfer
                0x000022b4       0x28 ./SDK/platform/drivers/src/lpspi/lpspi_master_driver.o
                0x000022b4                LPSPI_DRV_MasterTransfer
 .text.LPSPI_DRV_MasterAbortTransfer
                0x000022dc       0x40 ./SDK/platform/drivers/src/lpspi/lpspi_master_driver.o
                0x000022dc                LPSPI_DRV_MasterAbortTransfer
 .text.LPSPI_DRV_MasterIRQHandler
                0x0000231c       0xa4 ./SDK/platform/drivers/src/lpspi/lpspi_master_driver.o
                0x0000231c                LPSPI_DRV_MasterIRQHandler
 .text.LPSPI0_IRQHandler
                0x000023c0        0xc ./SDK/platform/drivers/src/lpspi/lpspi_irq.o
                0x000023c0                LPSPI0_IRQHandler
 .text.LPSPI1_IRQHandler
                0x000023cc        0xc ./SDK/platform/drivers/src/lpspi/lpspi_irq.o
                0x000023cc                LPSPI1_IRQHandler
 .text.LPSPI2_IRQHandler
                0x000023d8        0xc ./SDK/platform/drivers/src/lpspi/lpspi_irq.o
                0x000023d8                LPSPI2_IRQHandler
 .text.LPSPI_Init
                0x000023e4        0xc ./SDK/platform/drivers/src/lpspi/lpspi_hw_access.o
                0x000023e4                LPSPI_Init
 .text.LPSPI_Disable
                0x000023f0       0x18 ./SDK/platform/drivers/src/lpspi/lpspi_hw_access.o
                0x000023f0                LPSPI_Disable
 .text.LPSPI_SetMasterSlaveMode
                0x00002408       0x1c ./SDK/platform/drivers/src/lpspi/lpspi_hw_access.o
                0x00002408                LPSPI_SetMasterSlaveMode
 .text.LPSPI_GetFifoSizes
                0x00002424       0x24 ./SDK/platform/drivers/src/lpspi/lpspi_hw_access.o
                0x00002424                LPSPI_GetFifoSizes
 .text.LPSPI_SetFlushFifoCmd
                0x00002448       0x10 ./SDK/platform/drivers/src/lpspi/lpspi_hw_access.o
                0x00002448                LPSPI_SetFlushFifoCmd
 .text.LPSPI_ClearStatusFlag
                0x00002458       0x30 ./SDK/platform/drivers/src/lpspi/lpspi_hw_access.o
                0x00002458                LPSPI_ClearStatusFlag
 .text.LPSPI_SetPcsPolarityMode
                0x00002488       0x2c ./SDK/platform/drivers/src/lpspi/lpspi_hw_access.o
                0x00002488                LPSPI_SetPcsPolarityMode
 .text.LPSPI_SetPinConfigMode
                0x000024b4       0x30 ./SDK/platform/drivers/src/lpspi/lpspi_hw_access.o
                0x000024b4                LPSPI_SetPinConfigMode
 .text.LPSPI_SetDelay
                0x000024e4       0x3c ./SDK/platform/drivers/src/lpspi/lpspi_hw_access.o
                0x000024e4                LPSPI_SetDelay
 .text.LPSPI_SetBaudRate
                0x00002520       0xc4 ./SDK/platform/drivers/src/lpspi/lpspi_hw_access.o
                0x00002520                LPSPI_SetBaudRate
 .text.LPSPI_SetTxCommandReg
                0x000025e4       0x4c ./SDK/platform/drivers/src/lpspi/lpspi_hw_access.o
                0x000025e4                LPSPI_SetTxCommandReg
 .text.LPI2C0_Master_IRQHandler
                0x00002630        0xc ./SDK/platform/drivers/src/lpi2c/lpi2c_irq.o
                0x00002630                LPI2C0_Master_IRQHandler
 .text.LPI2C0_Slave_IRQHandler
                0x0000263c        0xc ./SDK/platform/drivers/src/lpi2c/lpi2c_irq.o
                0x0000263c                LPI2C0_Slave_IRQHandler
 .text.LPI2C_DRV_MasterQueueData
                0x00002648       0x5c ./SDK/platform/drivers/src/lpi2c/lpi2c_driver.o
 .text.LPI2C_DRV_MasterEndTransfer
                0x000026a4       0x68 ./SDK/platform/drivers/src/lpi2c/lpi2c_driver.o
 .text.LPI2C_DRV_SlaveEndTransfer
                0x0000270c       0x58 ./SDK/platform/drivers/src/lpi2c/lpi2c_driver.o
 .text.LPI2C_DRV_ConfigureDmaTransfer
                0x00002764       0x60 ./SDK/platform/drivers/src/lpi2c/lpi2c_driver.o
 .text.LPI2C_DRV_SlaveStartDmaTransfer
                0x000027c4       0x9c ./SDK/platform/drivers/src/lpi2c/lpi2c_driver.o
 .text.LPI2C_DRV_MasterIRQHandler
                0x00002860      0x248 ./SDK/platform/drivers/src/lpi2c/lpi2c_driver.o
                0x00002860                LPI2C_DRV_MasterIRQHandler
 .text.LPI2C_DRV_SlaveIRQHandler
                0x00002aa8      0x244 ./SDK/platform/drivers/src/lpi2c/lpi2c_driver.o
                0x00002aa8                LPI2C_DRV_SlaveIRQHandler
 .text.INT_SYS_InstallHandler
                0x00002cec       0x48 ./SDK/platform/drivers/src/interrupt/interrupt_manager.o
                0x00002cec                INT_SYS_InstallHandler
 .text.INT_SYS_EnableIRQ
                0x00002d34       0x2c ./SDK/platform/drivers/src/interrupt/interrupt_manager.o
                0x00002d34                INT_SYS_EnableIRQ
 .text.INT_SYS_DisableIRQ
                0x00002d60       0x2c ./SDK/platform/drivers/src/interrupt/interrupt_manager.o
                0x00002d60                INT_SYS_DisableIRQ
 .text.INT_SYS_EnableIRQGlobal
                0x00002d8c       0x1c ./SDK/platform/drivers/src/interrupt/interrupt_manager.o
                0x00002d8c                INT_SYS_EnableIRQGlobal
 .text.INT_SYS_DisableIRQGlobal
                0x00002da8       0x10 ./SDK/platform/drivers/src/interrupt/interrupt_manager.o
                0x00002da8                INT_SYS_DisableIRQGlobal
 .text.FTM_DRV_UpdatePwmChannel
                0x00002db8      0x178 ./SDK/platform/drivers/src/ftm/ftm_pwm_driver.o
                0x00002db8                FTM_DRV_UpdatePwmChannel
 .text.FTM_DRV_InitPwm
                0x00002f30      0x728 ./SDK/platform/drivers/src/ftm/ftm_pwm_driver.o
                0x00002f30                FTM_DRV_InitPwm
 .text.FTM_DRV_InitModule
                0x00003658       0x18 ./SDK/platform/drivers/src/ftm/ftm_hw_access.o
                0x00003658                FTM_DRV_InitModule
 .text.FTM_DRV_Reset
                0x00003670       0x68 ./SDK/platform/drivers/src/ftm/ftm_hw_access.o
                0x00003670                FTM_DRV_Reset
 .text.FTM_DRV_SetChnTriggerCmd
                0x000036d8       0x38 ./SDK/platform/drivers/src/ftm/ftm_hw_access.o
                0x000036d8                FTM_DRV_SetChnTriggerCmd
 .text.FTM_DRV_SetHardwareSyncTriggerSrc
                0x00003710       0x24 ./SDK/platform/drivers/src/ftm/ftm_common.o
 .text.FTM_DRV_SetSync
                0x00003734      0x1a0 ./SDK/platform/drivers/src/ftm/ftm_common.o
                0x00003734                FTM_DRV_SetSync
 .text.FTM_DRV_GetFrequency
                0x000038d4       0x94 ./SDK/platform/drivers/src/ftm/ftm_common.o
                0x000038d4                FTM_DRV_GetFrequency
 .text.FTM_DRV_Init
                0x00003968       0xf4 ./SDK/platform/drivers/src/ftm/ftm_common.o
                0x00003968                FTM_DRV_Init
 .text.FTM_DRV_ConvertFreqToPeriodTicks
                0x00003a5c       0x24 ./SDK/platform/drivers/src/ftm/ftm_common.o
                0x00003a5c                FTM_DRV_ConvertFreqToPeriodTicks
 .text.CAN0_ORed_IRQHandler
                0x00003a80        0xc ./SDK/platform/drivers/src/flexcan/flexcan_irq.o
                0x00003a80                CAN0_ORed_IRQHandler
 .text.CAN0_Error_IRQHandler
                0x00003a8c        0xc ./SDK/platform/drivers/src/flexcan/flexcan_irq.o
                0x00003a8c                CAN0_Error_IRQHandler
 .text.CAN0_Wake_Up_IRQHandler
                0x00003a98        0xc ./SDK/platform/drivers/src/flexcan/flexcan_irq.o
                0x00003a98                CAN0_Wake_Up_IRQHandler
 .text.CAN0_ORed_0_15_MB_IRQHandler
                0x00003aa4        0xc ./SDK/platform/drivers/src/flexcan/flexcan_irq.o
                0x00003aa4                CAN0_ORed_0_15_MB_IRQHandler
 .text.CAN0_ORed_16_31_MB_IRQHandler
                0x00003ab0        0xc ./SDK/platform/drivers/src/flexcan/flexcan_irq.o
                0x00003ab0                CAN0_ORed_16_31_MB_IRQHandler
 .text.CAN1_ORed_IRQHandler
                0x00003abc        0xc ./SDK/platform/drivers/src/flexcan/flexcan_irq.o
                0x00003abc                CAN1_ORed_IRQHandler
 .text.CAN1_Error_IRQHandler
                0x00003ac8        0xc ./SDK/platform/drivers/src/flexcan/flexcan_irq.o
                0x00003ac8                CAN1_Error_IRQHandler
 .text.CAN1_ORed_0_15_MB_IRQHandler
                0x00003ad4        0xc ./SDK/platform/drivers/src/flexcan/flexcan_irq.o
                0x00003ad4                CAN1_ORed_0_15_MB_IRQHandler
 .text.CAN2_ORed_IRQHandler
                0x00003ae0        0xc ./SDK/platform/drivers/src/flexcan/flexcan_irq.o
                0x00003ae0                CAN2_ORed_IRQHandler
 .text.CAN2_Error_IRQHandler
                0x00003aec        0xc ./SDK/platform/drivers/src/flexcan/flexcan_irq.o
                0x00003aec                CAN2_Error_IRQHandler
 .text.CAN2_ORed_0_15_MB_IRQHandler
                0x00003af8        0xc ./SDK/platform/drivers/src/flexcan/flexcan_irq.o
                0x00003af8                CAN2_ORed_0_15_MB_IRQHandler
 .text.FLEXCAN_ComputePayloadSize
                0x00003b04       0x44 ./SDK/platform/drivers/src/flexcan/flexcan_hw_access.o
 .text.FLEXCAN_GetMaxMbNum
                0x00003b48       0x40 ./SDK/platform/drivers/src/flexcan/flexcan_hw_access.o
 .text.FLEXCAN_Enable
                0x00003b88       0x2c ./SDK/platform/drivers/src/flexcan/flexcan_hw_access.o
                0x00003b88                FLEXCAN_Enable
 .text.FLEXCAN_Disable
                0x00003bb4       0x18 ./SDK/platform/drivers/src/flexcan/flexcan_hw_access.o
                0x00003bb4                FLEXCAN_Disable
 .text.FLEXCAN_Init
                0x00003bcc       0x5c ./SDK/platform/drivers/src/flexcan/flexcan_hw_access.o
                0x00003bcc                FLEXCAN_Init
 .text.FLEXCAN_EnableRxFifo
                0x00003c28       0x44 ./SDK/platform/drivers/src/flexcan/flexcan_hw_access.o
                0x00003c28                FLEXCAN_EnableRxFifo
 .text.FLEXCAN_SetRxFifoFilter
                0x00003c6c      0x16c ./SDK/platform/drivers/src/flexcan/flexcan_hw_access.o
                0x00003c6c                FLEXCAN_SetRxFifoFilter
 .text.FLEXCAN_SetMsgBuffIntCmd
                0x00003dd8       0x40 ./SDK/platform/drivers/src/flexcan/flexcan_hw_access.o
                0x00003dd8                FLEXCAN_SetMsgBuffIntCmd
 .text.FLEXCAN_SetErrIntCmd
                0x00003e18       0x28 ./SDK/platform/drivers/src/flexcan/flexcan_hw_access.o
                0x00003e18                FLEXCAN_SetErrIntCmd
 .text.FLEXCAN_ExitFreezeMode
                0x00003e40       0x1c ./SDK/platform/drivers/src/flexcan/flexcan_hw_access.o
                0x00003e40                FLEXCAN_ExitFreezeMode
 .text.FLEXCAN_EnterFreezeMode
                0x00003e5c       0x1c ./SDK/platform/drivers/src/flexcan/flexcan_hw_access.o
                0x00003e5c                FLEXCAN_EnterFreezeMode
 .text.FLEXCAN_ClearErrIntStatusFlag
                0x00003e78       0x10 ./SDK/platform/drivers/src/flexcan/flexcan_hw_access.o
                0x00003e78                FLEXCAN_ClearErrIntStatusFlag
 .text.FLEXCAN_ReadRxFifo
                0x00003e88       0x54 ./SDK/platform/drivers/src/flexcan/flexcan_hw_access.o
                0x00003e88                FLEXCAN_ReadRxFifo
 .text.FLEXCAN_SetOperationMode
                0x00003edc       0x5c ./SDK/platform/drivers/src/flexcan/flexcan_hw_access.o
                0x00003edc                FLEXCAN_SetOperationMode
 .text.FLEXCAN_SetPayloadSize
                0x00003f38       0x30 ./SDK/platform/drivers/src/flexcan/flexcan_hw_access.o
                0x00003f38                FLEXCAN_SetPayloadSize
 .text.FLEXCAN_GetPayloadSize
                0x00003f68       0x20 ./SDK/platform/drivers/src/flexcan/flexcan_hw_access.o
                0x00003f68                FLEXCAN_GetPayloadSize
 .text.FLEXCAN_GetMsgBuffRegion
                0x00003f88       0x30 ./SDK/platform/drivers/src/flexcan/flexcan_hw_access.o
 .text.FLEXCAN_SetTxMsgBuff
                0x00003fb8      0x1e8 ./SDK/platform/drivers/src/flexcan/flexcan_hw_access.o
                0x00003fb8                FLEXCAN_SetTxMsgBuff
 .text.FLEXCAN_SetRxMsgBuff
                0x000041a0       0xd0 ./SDK/platform/drivers/src/flexcan/flexcan_hw_access.o
                0x000041a0                FLEXCAN_SetRxMsgBuff
 .text.FLEXCAN_GetMsgBuff
                0x00004270       0xc8 ./SDK/platform/drivers/src/flexcan/flexcan_hw_access.o
                0x00004270                FLEXCAN_GetMsgBuff
 .text.FLEXCAN_LockRxMsgBuff
                0x00004338       0x20 ./SDK/platform/drivers/src/flexcan/flexcan_hw_access.o
                0x00004338                FLEXCAN_LockRxMsgBuff
 .text.FLEXCAN_SetMaxMsgBuffNum
                0x00004358       0x8c ./SDK/platform/drivers/src/flexcan/flexcan_hw_access.o
                0x00004358                FLEXCAN_SetMaxMsgBuffNum
 .text.FLEXCAN_SetTimeSegments
                0x000043e4       0x4c ./SDK/platform/drivers/src/flexcan/flexcan_driver.o
 .text.FLEXCAN_SetExtendedTimeSegments
                0x00004430       0x50 ./SDK/platform/drivers/src/flexcan/flexcan_driver.o
 .text.FLEXCAN_SetFDTimeSegments
                0x00004480       0x5c ./SDK/platform/drivers/src/flexcan/flexcan_driver.o
 .text.FLEXCAN_CompleteRxMessageFifoData
                0x000044dc       0x94 ./SDK/platform/drivers/src/flexcan/flexcan_driver.o
 .text.FLEXCAN_CompleteTransfer
                0x00004570       0x50 ./SDK/platform/drivers/src/flexcan/flexcan_driver.o
 .text.FLEXCAN_DRV_Init
                0x000045c0      0x234 ./SDK/platform/drivers/src/flexcan/flexcan_driver.o
                0x000045c0                FLEXCAN_DRV_Init
 .text.FLEXCAN_DRV_ConfigTxMb
                0x000047f4       0x44 ./SDK/platform/drivers/src/flexcan/flexcan_driver.o
                0x000047f4                FLEXCAN_DRV_ConfigTxMb
 .text.FLEXCAN_DRV_ConfigRxMb
                0x00004838       0x74 ./SDK/platform/drivers/src/flexcan/flexcan_driver.o
                0x00004838                FLEXCAN_DRV_ConfigRxMb
 .text.FLEXCAN_DRV_ConfigRxFifo
                0x000048ac       0x30 ./SDK/platform/drivers/src/flexcan/flexcan_driver.o
                0x000048ac                FLEXCAN_DRV_ConfigRxFifo
 .text.FLEXCAN_IRQHandler
                0x000048dc      0x178 ./SDK/platform/drivers/src/flexcan/flexcan_driver.o
                0x000048dc                FLEXCAN_IRQHandler
 .text.FLEXCAN_WakeUpHandler
                0x00004a54       0x78 ./SDK/platform/drivers/src/flexcan/flexcan_driver.o
                0x00004a54                FLEXCAN_WakeUpHandler
 .text.DMA0_IRQHandler
                0x00004acc        0xc ./SDK/platform/drivers/src/edma/edma_irq.o
                0x00004acc                DMA0_IRQHandler
 .text.DMA1_IRQHandler
                0x00004ad8        0xc ./SDK/platform/drivers/src/edma/edma_irq.o
                0x00004ad8                DMA1_IRQHandler
 .text.DMA2_IRQHandler
                0x00004ae4        0xc ./SDK/platform/drivers/src/edma/edma_irq.o
                0x00004ae4                DMA2_IRQHandler
 .text.DMA3_IRQHandler
                0x00004af0        0xc ./SDK/platform/drivers/src/edma/edma_irq.o
                0x00004af0                DMA3_IRQHandler
 .text.DMA4_IRQHandler
                0x00004afc        0xc ./SDK/platform/drivers/src/edma/edma_irq.o
                0x00004afc                DMA4_IRQHandler
 .text.DMA5_IRQHandler
                0x00004b08        0xc ./SDK/platform/drivers/src/edma/edma_irq.o
                0x00004b08                DMA5_IRQHandler
 .text.DMA6_IRQHandler
                0x00004b14        0xc ./SDK/platform/drivers/src/edma/edma_irq.o
                0x00004b14                DMA6_IRQHandler
 .text.DMA7_IRQHandler
                0x00004b20        0xc ./SDK/platform/drivers/src/edma/edma_irq.o
                0x00004b20                DMA7_IRQHandler
 .text.DMA8_IRQHandler
                0x00004b2c        0xc ./SDK/platform/drivers/src/edma/edma_irq.o
                0x00004b2c                DMA8_IRQHandler
 .text.DMA9_IRQHandler
                0x00004b38        0xc ./SDK/platform/drivers/src/edma/edma_irq.o
                0x00004b38                DMA9_IRQHandler
 .text.DMA10_IRQHandler
                0x00004b44        0xc ./SDK/platform/drivers/src/edma/edma_irq.o
                0x00004b44                DMA10_IRQHandler
 .text.DMA11_IRQHandler
                0x00004b50        0xc ./SDK/platform/drivers/src/edma/edma_irq.o
                0x00004b50                DMA11_IRQHandler
 .text.DMA12_IRQHandler
                0x00004b5c        0xc ./SDK/platform/drivers/src/edma/edma_irq.o
                0x00004b5c                DMA12_IRQHandler
 .text.DMA13_IRQHandler
                0x00004b68        0xc ./SDK/platform/drivers/src/edma/edma_irq.o
                0x00004b68                DMA13_IRQHandler
 .text.DMA14_IRQHandler
                0x00004b74        0xc ./SDK/platform/drivers/src/edma/edma_irq.o
                0x00004b74                DMA14_IRQHandler
 .text.DMA15_IRQHandler
                0x00004b80        0xc ./SDK/platform/drivers/src/edma/edma_irq.o
                0x00004b80                DMA15_IRQHandler
 .text.DMA_Error_IRQHandler
                0x00004b8c       0x24 ./SDK/platform/drivers/src/edma/edma_irq.o
                0x00004b8c                DMA_Error_IRQHandler
 .text.EDMA_SetErrorIntCmd
                0x00004bb0        0xc ./SDK/platform/drivers/src/edma/edma_hw_access.o
                0x00004bb0                EDMA_SetErrorIntCmd
 .text.EDMA_SetDmaRequestCmd
                0x00004bbc        0xc ./SDK/platform/drivers/src/edma/edma_hw_access.o
                0x00004bbc                EDMA_SetDmaRequestCmd
 .text.EDMA_TCDClearReg
                0x00004bc8       0x3c ./SDK/platform/drivers/src/edma/edma_hw_access.o
                0x00004bc8                EDMA_TCDClearReg
 .text.EDMA_Init
                0x00004c04       0x24 ./SDK/platform/drivers/src/edma/edma_hw_access.o
                0x00004c04                EDMA_Init
 .text.EDMA_TCDSetAttribute
                0x00004c28       0x38 ./SDK/platform/drivers/src/edma/edma_hw_access.o
                0x00004c28                EDMA_TCDSetAttribute
 .text.EDMA_TCDSetNbytes
                0x00004c60       0x64 ./SDK/platform/drivers/src/edma/edma_hw_access.o
                0x00004c60                EDMA_TCDSetNbytes
 .text.EDMA_TCDSetMajorCount
                0x00004cc4       0x6c ./SDK/platform/drivers/src/edma/edma_hw_access.o
                0x00004cc4                EDMA_TCDSetMajorCount
 .text.EDMA_TCDGetCurrentMajorCount
                0x00004d30       0x30 ./SDK/platform/drivers/src/edma/edma_hw_access.o
                0x00004d30                EDMA_TCDGetCurrentMajorCount
 .text.DMAMUX_Init
                0x00004d60       0x10 ./SDK/platform/drivers/src/edma/edma_hw_access.o
                0x00004d60                DMAMUX_Init
 .text.EDMA_DRV_ClearIntStatus
                0x00004d70       0x20 ./SDK/platform/drivers/src/edma/edma_driver.o
 .text.EDMA_DRV_InstallCallback
                0x00004d90       0x30 ./SDK/platform/drivers/src/edma/edma_driver.o
                0x00004d90                EDMA_DRV_InstallCallback
 .text.EDMA_DRV_ChannelInit
                0x00004dc0       0xe8 ./SDK/platform/drivers/src/edma/edma_driver.o
                0x00004dc0                EDMA_DRV_ChannelInit
 .text.EDMA_DRV_Init
                0x00004ea8       0xf8 ./SDK/platform/drivers/src/edma/edma_driver.o
                0x00004ea8                EDMA_DRV_Init
 .text.EDMA_DRV_IRQHandler
                0x00004fa0       0x20 ./SDK/platform/drivers/src/edma/edma_driver.o
                0x00004fa0                EDMA_DRV_IRQHandler
 .text.EDMA_DRV_ErrorIRQHandler
                0x00004fc0       0x48 ./SDK/platform/drivers/src/edma/edma_driver.o
                0x00004fc0                EDMA_DRV_ErrorIRQHandler
 .text.EDMA_DRV_ConfigSingleBlockTransfer
                0x00005008      0x1a0 ./SDK/platform/drivers/src/edma/edma_driver.o
                0x00005008                EDMA_DRV_ConfigSingleBlockTransfer
 .text.EDMA_DRV_ConfigMultiBlockTransfer
                0x000051a8       0x6c ./SDK/platform/drivers/src/edma/edma_driver.o
                0x000051a8                EDMA_DRV_ConfigMultiBlockTransfer
 .text.EDMA_DRV_StartChannel
                0x00005214       0x38 ./SDK/platform/drivers/src/edma/edma_driver.o
                0x00005214                EDMA_DRV_StartChannel
 .text.EDMA_DRV_StopChannel
                0x0000524c       0x38 ./SDK/platform/drivers/src/edma/edma_driver.o
                0x0000524c                EDMA_DRV_StopChannel
 .text.EDMA_DRV_SetChannelRequest
                0x00005284       0x40 ./SDK/platform/drivers/src/edma/edma_driver.o
                0x00005284                EDMA_DRV_SetChannelRequest
 .text.EDMA_DRV_SetSrcLastAddrAdjustment
                0x000052c4       0x30 ./SDK/platform/drivers/src/edma/edma_driver.o
                0x000052c4                EDMA_DRV_SetSrcLastAddrAdjustment
 .text.EDMA_DRV_GetRemainingMajorIterationsCount
                0x000052f4       0x34 ./SDK/platform/drivers/src/edma/edma_driver.o
                0x000052f4                EDMA_DRV_GetRemainingMajorIterationsCount
 .text.EDMA_DRV_GetDmaRegBaseAddr
                0x00005328       0x10 ./SDK/platform/drivers/src/edma/edma_driver.o
                0x00005328                EDMA_DRV_GetDmaRegBaseAddr
 .text.CLOCK_SYS_Init
                0x00005338       0x28 ./SDK/platform/drivers/src/clock/clock_manager.o
                0x00005338                CLOCK_SYS_Init
 .text.CLOCK_SYS_UpdateConfiguration
                0x00005360      0x104 ./SDK/platform/drivers/src/clock/clock_manager.o
                0x00005360                CLOCK_SYS_UpdateConfiguration
 .text.CLOCK_SYS_GetCurrentRunMode
                0x00005464       0x24 ./SDK/platform/drivers/src/clock/S32K1xx/clock_S32K1xx.o
 .text.CLOCK_SYS_GetSysOscFreq
                0x00005488       0x1c ./SDK/platform/drivers/src/clock/S32K1xx/clock_S32K1xx.o
 .text.CLOCK_SYS_ConfigureSOSC
                0x000054a4      0x12c ./SDK/platform/drivers/src/clock/S32K1xx/clock_S32K1xx.o
 .text.CLOCK_SYS_GetSircFreq
                0x000055d0       0x34 ./SDK/platform/drivers/src/clock/S32K1xx/clock_S32K1xx.o
 .text.CLOCK_SYS_ConfigureSIRC
                0x00005604       0xc0 ./SDK/platform/drivers/src/clock/S32K1xx/clock_S32K1xx.o
 .text.CLOCK_SYS_GetFircFreq
                0x000056c4       0x2c ./SDK/platform/drivers/src/clock/S32K1xx/clock_S32K1xx.o
 .text.CLOCK_SYS_ConfigureFIRC
                0x000056f0       0xb8 ./SDK/platform/drivers/src/clock/S32K1xx/clock_S32K1xx.o
 .text.CLOCK_SYS_GetSysPllFreq
                0x000057a8       0x44 ./SDK/platform/drivers/src/clock/S32K1xx/clock_S32K1xx.o
 .text.CLOCK_SYS_ConfigureSPLL
                0x000057ec      0x130 ./SDK/platform/drivers/src/clock/S32K1xx/clock_S32K1xx.o
 .text.CLOCK_SYS_SetSystemClockConfig
                0x0000591c      0x178 ./SDK/platform/drivers/src/clock/S32K1xx/clock_S32K1xx.o
 .text.CLOCK_SYS_TransitionSystemClock
                0x00005a94       0x54 ./SDK/platform/drivers/src/clock/S32K1xx/clock_S32K1xx.o
 .text.CLOCK_SYS_GetSystemClockFreq
                0x00005ae8       0x84 ./SDK/platform/drivers/src/clock/S32K1xx/clock_S32K1xx.o
 .text.CLOCK_SYS_GetScgClkOutFreq
                0x00005b6c       0x4c ./SDK/platform/drivers/src/clock/S32K1xx/clock_S32K1xx.o
 .text.CLOCK_SYS_GetSysAsyncFreq
                0x00005bb8       0xd4 ./SDK/platform/drivers/src/clock/S32K1xx/clock_S32K1xx.o
 .text.CLOCK_SYS_GetSimRtcClkFreq
                0x00005c8c       0x54 ./SDK/platform/drivers/src/clock/S32K1xx/clock_S32K1xx.o
 .text.CLOCK_SYS_GetPeripheralClock
                0x00005ce0       0x80 ./SDK/platform/drivers/src/clock/S32K1xx/clock_S32K1xx.o
 .text.CLOCK_SYS_GetLpoFreq
                0x00005d60       0x54 ./SDK/platform/drivers/src/clock/S32K1xx/clock_S32K1xx.o
 .text.CLOCK_SYS_GetSimClkOutFreq
                0x00005db4       0x94 ./SDK/platform/drivers/src/clock/S32K1xx/clock_S32K1xx.o
 .text.CLOCK_SYS_SetConfiguration
                0x00005e48      0x5a0 ./SDK/platform/drivers/src/clock/S32K1xx/clock_S32K1xx.o
                0x00005e48                CLOCK_SYS_SetConfiguration
 .text.CLOCK_SYS_GetFreq
                0x000063e8      0x40c ./SDK/platform/drivers/src/clock/S32K1xx/clock_S32K1xx.o
                0x000063e8                CLOCK_SYS_GetFreq
 .text.init_data_bss
                0x000067f4       0xb0 ./SDK/platform/devices/startup.o
                0x000067f4                init_data_bss
 .text.SystemInit
                0x000068a4       0x3c ./SDK/platform/devices/S32K144/startup/system_S32K144.o
                0x000068a4                SystemInit
 *(.rodata)
 .rodata        0x000068e0       0x28 ./Sources/test.o
 .rodata        0x00006908       0x18 ./SDK/platform/drivers/src/flexcan/flexcan_hw_access.o
 *(.rodata*)
 .rodata.s_lpuartBase
                0x00006920        0xc ./SDK/platform/drivers/src/lpuart/lpuart_driver.o
 .rodata.s_lpuartRxTxIrqId
                0x0000692c        0x3 ./SDK/platform/drivers/src/lpuart/lpuart_driver.o
 *fill*         0x0000692f        0x1 
 .rodata.s_lpuartClkNames
                0x00006930        0x3 ./SDK/platform/drivers/src/lpuart/lpuart_driver.o
 *fill*         0x00006933        0x1 
 .rodata.s_baudratePrescaler
                0x00006934       0x20 ./SDK/platform/drivers/src/lpspi/lpspi_hw_access.o
 .rodata.g_lpi2cDMASrc
                0x00006954        0x2 ./SDK/platform/drivers/src/lpi2c/lpi2c_driver.o
                0x00006954                g_lpi2cDMASrc
 *fill*         0x00006956        0x2 
 .rodata.g_ftmExtClockSel
                0x00006958        0x8 ./SDK/platform/drivers/src/ftm/ftm_common.o
 .rodata.g_ftmOverflowIrqId
                0x00006960        0x4 ./SDK/platform/drivers/src/ftm/ftm_common.o
                0x00006960                g_ftmOverflowIrqId
 .rodata.g_ftmBase
                0x00006964       0x10 ./SDK/platform/drivers/src/ftm/ftm_common.o
                0x00006964                g_ftmBase
 .rodata.g_flexcanBusOffIrqId
                0x00006974        0x3 ./SDK/platform/drivers/src/flexcan/flexcan_driver.o
 *fill*         0x00006977        0x1 
 .rodata.g_flexcanErrorIrqId
                0x00006978        0x3 ./SDK/platform/drivers/src/flexcan/flexcan_driver.o
 *fill*         0x0000697b        0x1 
 .rodata.g_flexcanOredMessageBufferIrqId
                0x0000697c        0x6 ./SDK/platform/drivers/src/flexcan/flexcan_driver.o
 *fill*         0x00006982        0x2 
 .rodata.g_flexcanBase
                0x00006984        0xc ./SDK/platform/drivers/src/flexcan/flexcan_driver.o
 .rodata.g_flexcanWakeUpIrqId
                0x00006990        0x3 ./SDK/platform/drivers/src/flexcan/flexcan_driver.o
 *fill*         0x00006993        0x1 
 .rodata.s_edmaIrqId
                0x00006994       0x10 ./SDK/platform/drivers/src/edma/edma_driver.o
 .rodata.maxClocksFreq.6282
                0x000069a4       0x24 ./SDK/platform/drivers/src/clock/S32K1xx/clock_S32K1xx.o
 .rodata.clockNameMappings
                0x000069c8       0x9e ./SDK/platform/drivers/src/clock/S32K1xx/clock_S32K1xx.o
                0x000069c8                clockNameMappings
 *fill*         0x00006a66        0x2 
 .rodata.fircFreq.6337
                0x00006a68       0x10 ./SDK/platform/drivers/src/clock/S32K1xx/clock_S32K1xx.o
 .rodata.peripheralFeaturesList
                0x00006a78       0x4f ./SDK/platform/drivers/src/clock/S32K1xx/clock_S32K1xx.o
                0x00006a78                peripheralFeaturesList
 *fill*         0x00006ac7        0x1 
 .rodata.wdg_pal1_Config0
                0x00006ac8       0x10 ./Generated_Code/wdg_pal1.o
                0x00006ac8                wdg_pal1_Config0
 .rodata.edmaChnConfigArray
                0x00006ad8        0x8 ./Generated_Code/dmaController1.o
                0x00006ad8                edmaChnConfigArray
 .rodata.dmaController1_InitConfig0
                0x00006ae0        0x2 ./Generated_Code/dmaController1.o
                0x00006ae0                dmaController1_InitConfig0
 *fill*         0x00006ae2        0x2 
 .rodata.edmaChnStateArray
                0x00006ae4        0x8 ./Generated_Code/dmaController1.o
                0x00006ae4                edmaChnStateArray
 .rodata.can_pal1_Config0
                0x00006aec       0x34 ./Generated_Code/can_pal1.o
                0x00006aec                can_pal1_Config0
 .rodata.can_pal0_Config0
                0x00006b20       0x34 ./Generated_Code/can_pal0.o
                0x00006b20                can_pal0_Config0
 .rodata.Send1_MasterConfig0
                0x00006b54       0x20 ./Generated_Code/Send1.o
                0x00006b54                Send1_MasterConfig0
 .rodata.Send_SlaveConfig0
                0x00006b74       0x14 ./Generated_Code/Send.o
                0x00006b74                Send_SlaveConfig0
 *(.glue_7)
 .glue_7        0x00000000        0x0 linker stubs
 *(.glue_7t)
 .glue_7t       0x00000000        0x0 linker stubs
 *(.eh_frame)
 .eh_frame      0x00006b88        0x0 c:/nxp/s32ds_arm_v2018.r1/cross_tools/gcc-arm-none-eabi-4_9/bin/../lib/gcc/arm-none-eabi/4.9.3/armv7e-m/fpu/crtbegin.o
 *(.init)
 .init          0x00006b88        0x4 c:/nxp/s32ds_arm_v2018.r1/cross_tools/gcc-arm-none-eabi-4_9/bin/../lib/gcc/arm-none-eabi/4.9.3/armv7e-m/fpu/crti.o
                0x00006b88                _init
 .init          0x00006b8c        0x8 c:/nxp/s32ds_arm_v2018.r1/cross_tools/gcc-arm-none-eabi-4_9/bin/../lib/gcc/arm-none-eabi/4.9.3/armv7e-m/fpu/crtn.o
 *(.fini)
 .fini          0x00006b94        0x4 c:/nxp/s32ds_arm_v2018.r1/cross_tools/gcc-arm-none-eabi-4_9/bin/../lib/gcc/arm-none-eabi/4.9.3/armv7e-m/fpu/crti.o
                0x00006b94                _fini
 .fini          0x00006b98        0x8 c:/nxp/s32ds_arm_v2018.r1/cross_tools/gcc-arm-none-eabi-4_9/bin/../lib/gcc/arm-none-eabi/4.9.3/armv7e-m/fpu/crtn.o
                0x00006ba0                . = ALIGN (0x4)

.vfp11_veneer   0x00006ba0        0x0
 .vfp11_veneer  0x00000000        0x0 linker stubs

.v4_bx          0x00006ba0        0x0
 .v4_bx         0x00000000        0x0 linker stubs

.iplt           0x00006ba0        0x0
 .iplt          0x00000000        0x0 c:/nxp/s32ds_arm_v2018.r1/cross_tools/gcc-arm-none-eabi-4_9/bin/../lib/gcc/arm-none-eabi/4.9.3/armv7e-m/fpu/crtbegin.o

.rel.dyn        0x00006ba0        0x0
 .rel.iplt      0x00000000        0x0 c:/nxp/s32ds_arm_v2018.r1/cross_tools/gcc-arm-none-eabi-4_9/bin/../lib/gcc/arm-none-eabi/4.9.3/armv7e-m/fpu/crtbegin.o

.ARM.extab
 *(.ARM.extab* .gnu.linkonce.armextab.*)

.ARM            0x00006ba0        0x0
                0x00006ba0                __exidx_start = .
 *(.ARM.exidx*)
                0x00006ba0                __exidx_end = .

.ctors          0x00006ba0        0x0
                0x00006ba0                __CTOR_LIST__ = .
 *crtbegin.o(.ctors)
 *crtbegin?.o(.ctors)
 *(EXCLUDE_FILE(*crtend.o *crtend?.o) .ctors)
 *(SORT(.ctors.*))
 *(.ctors)
                0x00006ba0                __CTOR_END__ = .

.dtors          0x00006ba0        0x0
                0x00006ba0                __DTOR_LIST__ = .
 *crtbegin.o(.dtors)
 *crtbegin?.o(.dtors)
 *(EXCLUDE_FILE(*crtend.o *crtend?.o) .dtors)
 *(SORT(.dtors.*))
 *(.dtors)
                0x00006ba0                __DTOR_END__ = .

.preinit_array  0x00006ba0        0x0
                0x00006ba0                PROVIDE (__preinit_array_start, .)
 *(.preinit_array*)
                0x00006ba0                PROVIDE (__preinit_array_end, .)

.init_array     0x00006ba0        0x4
                0x00006ba0                PROVIDE (__init_array_start, .)
 *(SORT(.init_array.*))
 *(.init_array*)
 .init_array    0x00006ba0        0x4 c:/nxp/s32ds_arm_v2018.r1/cross_tools/gcc-arm-none-eabi-4_9/bin/../lib/gcc/arm-none-eabi/4.9.3/armv7e-m/fpu/crtbegin.o
                0x00006ba4                PROVIDE (__init_array_end, .)

.fini_array     0x00006ba4        0x4
                0x00006ba4                PROVIDE (__fini_array_start, .)
 *(SORT(.fini_array.*))
 *(.fini_array*)
 .fini_array    0x00006ba4        0x4 c:/nxp/s32ds_arm_v2018.r1/cross_tools/gcc-arm-none-eabi-4_9/bin/../lib/gcc/arm-none-eabi/4.9.3/armv7e-m/fpu/crtbegin.o
                0x00006ba8                PROVIDE (__fini_array_end, .)
                0x00006ba8                __etext = .
                0x00006ba8                __DATA_ROM = .

.interrupts_ram
                0x1fff8000      0x400
                0x1fff8000                . = ALIGN (0x4)
                0x1fff8000                __VECTOR_RAM__ = .
                0x1fff8000                __interrupts_ram_start__ = .
 *(.m_interrupts_ram)
                0x1fff8400                . = (. + M_VECTOR_RAM_SIZE)
 *fill*         0x1fff8000      0x400 
                0x1fff8400                . = ALIGN (0x4)
                0x1fff8400                __interrupts_ram_end__ = .
                0x1fff8000                __VECTOR_RAM = DEFINED (__flash_vector_table__)?ORIGIN (m_interrupts):__VECTOR_RAM__
                0x00000400                __RAM_VECTOR_TABLE_SIZE = DEFINED (__flash_vector_table__)?0x0:(__interrupts_ram_end__ - __interrupts_ram_start__)

.data           0x1fff8400      0xa98 load address 0x00006ba8
                0x1fff8400                . = ALIGN (0x4)
                0x1fff8400                __DATA_RAM = .
                0x1fff8400                __data_start__ = .
 *(.data)
 *(.data*)
 .data.g_lpuartIsr
                0x1fff8400        0xc ./SDK/platform/drivers/src/lpuart/lpuart_irq.o
                0x1fff8400                g_lpuartIsr
 .data.g_lpspiIrqId
                0x1fff840c        0x3 ./SDK/platform/drivers/src/lpspi/lpspi_shared_function.o
                0x1fff840c                g_lpspiIrqId
 *fill*         0x1fff840f        0x1 
 .data.g_lpspiBase
                0x1fff8410        0xc ./SDK/platform/drivers/src/lpspi/lpspi_shared_function.o
                0x1fff8410                g_lpspiBase
 .data.peripheralClockConfig.6062
                0x1fff841c       0xa0 ./SDK/platform/drivers/src/clock/S32K1xx/clock_S32K1xx.o
 .data.g_pin_mux_InitConfigArr
                0x1fff84bc      0x858 ./Generated_Code/pin_mux.o
                0x1fff84bc                g_pin_mux_InitConfigArr
 .data.lpuart1_uart_Config0
                0x1fff8d14       0x20 ./Generated_Code/lpuart1_uart.o
                0x1fff8d14                lpuart1_uart_Config0
 .data.lpuart0_uart_Config0
                0x1fff8d34       0x20 ./Generated_Code/lpuart0_uart.o
                0x1fff8d34                lpuart0_uart_Config0
 .data.flexTimer_pwm1_PwmConfig
                0x1fff8d54       0x18 ./Generated_Code/flexTimer_pwm1.o
                0x1fff8d54                flexTimer_pwm1_PwmConfig
 .data.flexTimer_pwm1_InitConfig
                0x1fff8d6c       0x12 ./Generated_Code/flexTimer_pwm1.o
                0x1fff8d6c                flexTimer_pwm1_InitConfig
 *fill*         0x1fff8d7e        0x2 
 .data.flexTimer_pwm1_IndependentChannelsConfig
                0x1fff8d80        0xa ./Generated_Code/flexTimer_pwm1.o
                0x1fff8d80                flexTimer_pwm1_IndependentChannelsConfig
 *fill*         0x1fff8d8a        0x2 
 .data.dmaController1Chn0_Config
                0x1fff8d8c        0xc ./Generated_Code/dmaController1.o
                0x1fff8d8c                dmaController1Chn0_Config
 .data.dmaController1Chn1_Config
                0x1fff8d98        0xc ./Generated_Code/dmaController1.o
                0x1fff8d98                dmaController1Chn1_Config
 .data.clockMan1_InitConfig0
                0x1fff8da4       0x78 ./Generated_Code/clockMan1.o
                0x1fff8da4                clockMan1_InitConfig0
 .data.peripheralClockConfig0
                0x1fff8e1c       0x73 ./Generated_Code/clockMan1.o
                0x1fff8e1c                peripheralClockConfig0
 *fill*         0x1fff8e8f        0x1 
 .data.g_clockManConfigsArr
                0x1fff8e90        0x4 ./Generated_Code/clockMan1.o
                0x1fff8e90                g_clockManConfigsArr
 *(.jcr*)
 .jcr           0x1fff8e94        0x0 c:/nxp/s32ds_arm_v2018.r1/cross_tools/gcc-arm-none-eabi-4_9/bin/../lib/gcc/arm-none-eabi/4.9.3/armv7e-m/fpu/crtbegin.o
 .jcr           0x1fff8e94        0x4 c:/nxp/s32ds_arm_v2018.r1/cross_tools/gcc-arm-none-eabi-4_9/bin/../lib/gcc/arm-none-eabi/4.9.3/armv7e-m/fpu/crtend.o
                0x1fff8e98                . = ALIGN (0x4)
                0x1fff8e98                __data_end__ = .
                0x00007640                __DATA_END = (__DATA_ROM + (__data_end__ - __data_start__))
                0x00007640                __CODE_ROM = __DATA_END

.igot.plt       0x1fff8e98        0x0 load address 0x00007640
 .igot.plt      0x00000000        0x0 c:/nxp/s32ds_arm_v2018.r1/cross_tools/gcc-arm-none-eabi-4_9/bin/../lib/gcc/arm-none-eabi/4.9.3/armv7e-m/fpu/crtbegin.o

.code           0x1fff8e98        0x0 load address 0x00007640
                0x1fff8e98                . = ALIGN (0x4)
                0x1fff8e98                __CODE_RAM = .
                0x1fff8e98                __code_start__ = .
 *(.code_ram)
                0x1fff8e98                . = ALIGN (0x4)
                0x1fff8e98                __code_end__ = .
                0x00007640                __CODE_END = (__CODE_ROM + (__code_end__ - __code_start__))

.customSectionBlock
 *(.customSection)

.bss            0x20000000      0x4f0
                0x20000000                . = ALIGN (0x4)
                0x20000000                __BSS_START = .
                0x20000000                __bss_start__ = .
 *(.bss)
 .bss           0x20000000       0x1c c:/nxp/s32ds_arm_v2018.r1/cross_tools/gcc-arm-none-eabi-4_9/bin/../lib/gcc/arm-none-eabi/4.9.3/armv7e-m/fpu/crtbegin.o
 *(.bss*)
 .bss.s_osif_tick_cnt
                0x2000001c        0x4 ./SDK/rtos/osif/osif_baremetal.o
 .bss.s_lpuartStateInstanceMapping
                0x20000020        0x2 ./SDK/platform/pal/uart/src/uart_pal.o
 *fill*         0x20000022        0x2 
 .bss.s_lpuartState
                0x20000024       0x68 ./SDK/platform/pal/uart/src/uart_pal.o
 .bss.s_lpuartStateIsAllocated
                0x2000008c        0x2 ./SDK/platform/pal/uart/src/uart_pal.o
 *fill*         0x2000008e        0x2 
 .bss.s_hwObjConfigs
                0x20000090      0x100 ./SDK/platform/pal/can/src/can_pal.o
 .bss.s_flexcanRxFifoState
                0x20000190        0x4 ./SDK/platform/pal/can/src/can_pal.o
 .bss.s_flexcanStateIsAllocated
                0x20000194        0x2 ./SDK/platform/pal/can/src/can_pal.o
 *fill*         0x20000196        0x2 
 .bss.s_flexcanState
                0x20000198      0x218 ./SDK/platform/pal/can/src/can_pal.o
 .bss.s_flexcanStateInstanceMapping
                0x200003b0        0x2 ./SDK/platform/pal/can/src/can_pal.o
 *fill*         0x200003b2        0x2 
 .bss.s_lpuartStatePtr
                0x200003b4        0xc ./SDK/platform/drivers/src/lpuart/lpuart_driver.o
 .bss.g_lpspiStatePtr
                0x200003c0        0xc ./SDK/platform/drivers/src/lpspi/lpspi_shared_function.o
                0x200003c0                g_lpspiStatePtr
 .bss.g_lpi2cSlaveStatePtr
                0x200003cc        0x4 ./SDK/platform/drivers/src/lpi2c/lpi2c_driver.o
                0x200003cc                g_lpi2cSlaveStatePtr
 .bss.g_lpi2cMasterStatePtr
                0x200003d0        0x4 ./SDK/platform/drivers/src/lpi2c/lpi2c_driver.o
                0x200003d0                g_lpi2cMasterStatePtr
 .bss.g_interruptDisableCount
                0x200003d4        0x4 ./SDK/platform/drivers/src/interrupt/interrupt_manager.o
 .bss.ftmStatePtr
                0x200003d8       0x10 ./SDK/platform/drivers/src/ftm/ftm_common.o
                0x200003d8                ftmStatePtr
 .bss.g_flexcanStatePtr
                0x200003e8        0xc ./SDK/platform/drivers/src/flexcan/flexcan_driver.o
 .bss.s_virtEdmaState
                0x200003f4        0x4 ./SDK/platform/drivers/src/edma/edma_driver.o
 .bss.g_clockState
                0x200003f8       0x10 ./SDK/platform/drivers/src/clock/clock_manager.o
 .bss.flexTimer_pwm1_FaultConfig
                0x20000408       0x10 ./Generated_Code/flexTimer_pwm1.o
                0x20000408                flexTimer_pwm1_FaultConfig
 .bss.g_clockManCallbacksArr
                0x20000418        0x4 ./Generated_Code/clockMan1.o
                0x20000418                g_clockManCallbacksArr
 *(COMMON)
 COMMON         0x2000041c       0x14 ./SDK/platform/drivers/src/clock/S32K1xx/clock_S32K1xx.o
                0x2000041c                g_xtal0ClkFreq
                0x20000420                g_RtcClkInFreq
                0x20000424                g_TClkFreq
 COMMON         0x20000430       0x60 ./Generated_Code/dmaController1.o
                0x20000430                dmaController1Chn1_State
                0x20000440                dmaController1_State
                0x20000480                dmaController1Chn0_State
 COMMON         0x20000490       0x30 ./Generated_Code/Send1.o
                0x20000490                Send1State
 COMMON         0x200004c0       0x30 ./Generated_Code/Send.o
                0x200004c0                SendState
                0x200004f0                . = ALIGN (0x4)
                0x200004f0                __bss_end__ = .
                0x200004f0                __BSS_END = .

.heap           0x200004f0      0x400
                0x200004f0                . = ALIGN (0x8)
                0x200004f0                __end__ = .
                0x200004f0                PROVIDE (end, .)
                0x200004f0                PROVIDE (_end, .)
                0x200004f0                PROVIDE (__end, .)
                0x200004f0                __HeapBase = .
                0x200008f0                . = (. + HEAP_SIZE)
 *fill*         0x200004f0      0x400 
                0x200008f0                __HeapLimit = .
                0x200008f0                __heap_limit = .

.stack          0x200008f0      0x400
                0x200008f0                . = ALIGN (0x8)
                0x20000cf0                . = (. + STACK_SIZE)
 *fill*         0x200008f0      0x400 
                0x20007000                __StackTop = (ORIGIN (m_data_2) + 0x7000)
                0x20006c00                __StackLimit = (__StackTop - STACK_SIZE)
                0x20007000                PROVIDE (__stack, __StackTop)

.ARM.attributes
                0x00000000       0x30
 *(.ARM.attributes)
 .ARM.attributes
                0x00000000       0x22 c:/nxp/s32ds_arm_v2018.r1/cross_tools/gcc-arm-none-eabi-4_9/bin/../lib/gcc/arm-none-eabi/4.9.3/armv7e-m/fpu/crti.o
 .ARM.attributes
                0x00000022       0x34 c:/nxp/s32ds_arm_v2018.r1/cross_tools/gcc-arm-none-eabi-4_9/bin/../lib/gcc/arm-none-eabi/4.9.3/armv7e-m/fpu/crtbegin.o
 .ARM.attributes
                0x00000056       0x39 ./Sources/test.o
 .ARM.attributes
                0x0000008f       0x39 ./Sources/main.o
 .ARM.attributes
                0x000000c8       0x39 ./Sources/init.o
 .ARM.attributes
                0x00000101       0x39 ./SDK/rtos/osif/osif_baremetal.o
 .ARM.attributes
                0x0000013a       0x39 ./SDK/platform/pal/wdg/src/wdg_pal.o
 .ARM.attributes
                0x00000173       0x39 ./SDK/platform/pal/uart/src/uart_pal.o
 .ARM.attributes
                0x000001ac       0x39 ./SDK/platform/pal/can/src/can_pal.o
 .ARM.attributes
                0x000001e5       0x39 ./SDK/platform/drivers/src/wdog/wdog_hw_access.o
 .ARM.attributes
                0x0000021e       0x39 ./SDK/platform/drivers/src/wdog/wdog_driver.o
 .ARM.attributes
                0x00000257       0x39 ./SDK/platform/drivers/src/pins/pins_port_hw_access.o
 .ARM.attributes
                0x00000290       0x39 ./SDK/platform/drivers/src/pins/pins_driver.o
 .ARM.attributes
                0x000002c9       0x39 ./SDK/platform/drivers/src/lpuart/lpuart_irq.o
 .ARM.attributes
                0x00000302       0x39 ./SDK/platform/drivers/src/lpuart/lpuart_hw_access.o
 .ARM.attributes
                0x0000033b       0x39 ./SDK/platform/drivers/src/lpuart/lpuart_driver.o
 .ARM.attributes
                0x00000374       0x39 ./SDK/platform/drivers/src/lpspi/lpspi_slave_driver.o
 .ARM.attributes
                0x000003ad       0x39 ./SDK/platform/drivers/src/lpspi/lpspi_shared_function.o
 .ARM.attributes
                0x000003e6       0x39 ./SDK/platform/drivers/src/lpspi/lpspi_master_driver.o
 .ARM.attributes
                0x0000041f       0x39 ./SDK/platform/drivers/src/lpspi/lpspi_irq.o
 .ARM.attributes
                0x00000458       0x39 ./SDK/platform/drivers/src/lpspi/lpspi_hw_access.o
 .ARM.attributes
                0x00000491       0x39 ./SDK/platform/drivers/src/lpi2c/lpi2c_irq.o
 .ARM.attributes
                0x000004ca       0x39 ./SDK/platform/drivers/src/lpi2c/lpi2c_driver.o
 .ARM.attributes
                0x00000503       0x39 ./SDK/platform/drivers/src/interrupt/interrupt_manager.o
 .ARM.attributes
                0x0000053c       0x39 ./SDK/platform/drivers/src/ftm/ftm_pwm_driver.o
 .ARM.attributes
                0x00000575       0x39 ./SDK/platform/drivers/src/ftm/ftm_hw_access.o
 .ARM.attributes
                0x000005ae       0x39 ./SDK/platform/drivers/src/ftm/ftm_common.o
 .ARM.attributes
                0x000005e7       0x39 ./SDK/platform/drivers/src/flexcan/flexcan_irq.o
 .ARM.attributes
                0x00000620       0x39 ./SDK/platform/drivers/src/flexcan/flexcan_hw_access.o
 .ARM.attributes
                0x00000659       0x39 ./SDK/platform/drivers/src/flexcan/flexcan_driver.o
 .ARM.attributes
                0x00000692       0x39 ./SDK/platform/drivers/src/edma/edma_irq.o
 .ARM.attributes
                0x000006cb       0x39 ./SDK/platform/drivers/src/edma/edma_hw_access.o
 .ARM.attributes
                0x00000704       0x39 ./SDK/platform/drivers/src/edma/edma_driver.o
 .ARM.attributes
                0x0000073d       0x39 ./SDK/platform/drivers/src/clock/clock_manager.o
 .ARM.attributes
                0x00000776       0x39 ./SDK/platform/drivers/src/clock/S32K1xx/clock_S32K1xx.o
 .ARM.attributes
                0x000007af       0x39 ./SDK/platform/devices/startup.o
 .ARM.attributes
                0x000007e8       0x39 ./SDK/platform/devices/S32K144/startup/system_S32K144.o
 .ARM.attributes
                0x00000821       0x1f ./Project_Settings/Startup_Code/startup_S32K144.o
 .ARM.attributes
                0x00000840       0x39 ./Generated_Code/wdg_pal1.o
 .ARM.attributes
                0x00000879       0x39 ./Generated_Code/pin_mux.o
 .ARM.attributes
                0x000008b2       0x39 ./Generated_Code/lpuart1_uart.o
 .ARM.attributes
                0x000008eb       0x39 ./Generated_Code/lpuart0_uart.o
 .ARM.attributes
                0x00000924       0x39 ./Generated_Code/flexTimer_pwm1.o
 .ARM.attributes
                0x0000095d       0x39 ./Generated_Code/dmaController1.o
 .ARM.attributes
                0x00000996       0x39 ./Generated_Code/clockMan1.o
 .ARM.attributes
                0x000009cf       0x39 ./Generated_Code/can_pal1.o
 .ARM.attributes
                0x00000a08       0x39 ./Generated_Code/can_pal0.o
 .ARM.attributes
                0x00000a41       0x39 ./Generated_Code/Send1.o
 .ARM.attributes
                0x00000a7a       0x39 ./Generated_Code/Send.o
 .ARM.attributes
                0x00000ab3       0x34 c:/nxp/s32ds_arm_v2018.r1/cross_tools/gcc-arm-none-eabi-4_9/bin/../lib/gcc/arm-none-eabi/4.9.3/armv7e-m/fpu/crtend.o
 .ARM.attributes
                0x00000ae7       0x22 c:/nxp/s32ds_arm_v2018.r1/cross_tools/gcc-arm-none-eabi-4_9/bin/../lib/gcc/arm-none-eabi/4.9.3/armv7e-m/fpu/crtn.o
                0x00000001                ASSERT ((__StackLimit >= __HeapLimit), region m_data_2 overflowed with stack and heap)
OUTPUT(s32k144_test.elf elf32-littlearm)

.debug_info     0x00000000    0x384b1
 .debug_info    0x00000000     0x1087 ./Sources/test.o
 .debug_info    0x00001087     0x168c ./Sources/main.o
 .debug_info    0x00002713     0x18cc ./Sources/init.o
 .debug_info    0x00003fdf      0xb47 ./SDK/rtos/osif/osif_baremetal.o
 .debug_info    0x00004b26      0x933 ./SDK/platform/pal/wdg/src/wdg_pal.o
 .debug_info    0x00005459      0xf35 ./SDK/platform/pal/uart/src/uart_pal.o
 .debug_info    0x0000638e     0x1944 ./SDK/platform/pal/can/src/can_pal.o
 .debug_info    0x00007cd2      0x60f ./SDK/platform/drivers/src/wdog/wdog_hw_access.o
 .debug_info    0x000082e1     0x139e ./SDK/platform/drivers/src/wdog/wdog_driver.o
 .debug_info    0x0000967f      0x8cb ./SDK/platform/drivers/src/pins/pins_port_hw_access.o
 .debug_info    0x00009f4a     0x153d ./SDK/platform/drivers/src/pins/pins_driver.o
 .debug_info    0x0000b487      0x138 ./SDK/platform/drivers/src/lpuart/lpuart_irq.o
 .debug_info    0x0000b5bf      0x89c ./SDK/platform/drivers/src/lpuart/lpuart_hw_access.o
 .debug_info    0x0000be5b     0x2cd3 ./SDK/platform/drivers/src/lpuart/lpuart_driver.o
 .debug_info    0x0000eb2e     0x1ca4 ./SDK/platform/drivers/src/lpspi/lpspi_slave_driver.o
 .debug_info    0x000107d2      0xdae ./SDK/platform/drivers/src/lpspi/lpspi_shared_function.o
 .debug_info    0x00011580     0x26c1 ./SDK/platform/drivers/src/lpspi/lpspi_master_driver.o
 .debug_info    0x00013c41      0x10c ./SDK/platform/drivers/src/lpspi/lpspi_irq.o
 .debug_info    0x00013d4d     0x132a ./SDK/platform/drivers/src/lpspi/lpspi_hw_access.o
 .debug_info    0x00015077       0xfa ./SDK/platform/drivers/src/lpi2c/lpi2c_irq.o
 .debug_info    0x00015171     0x5d68 ./SDK/platform/drivers/src/lpi2c/lpi2c_driver.o
 .debug_info    0x0001aed9      0xb39 ./SDK/platform/drivers/src/interrupt/interrupt_manager.o
 .debug_info    0x0001ba12     0x2a4d ./SDK/platform/drivers/src/ftm/ftm_pwm_driver.o
 .debug_info    0x0001e45f      0x4bb ./SDK/platform/drivers/src/ftm/ftm_hw_access.o
 .debug_info    0x0001e91a     0x2bdf ./SDK/platform/drivers/src/ftm/ftm_common.o
 .debug_info    0x000214f9      0x288 ./SDK/platform/drivers/src/flexcan/flexcan_irq.o
 .debug_info    0x00021781     0x1b92 ./SDK/platform/drivers/src/flexcan/flexcan_hw_access.o
 .debug_info    0x00023313     0x417d ./SDK/platform/drivers/src/flexcan/flexcan_driver.o
 .debug_info    0x00027490      0x6ec ./SDK/platform/drivers/src/edma/edma_irq.o
 .debug_info    0x00027b7c      0xa6e ./SDK/platform/drivers/src/edma/edma_hw_access.o
 .debug_info    0x000285ea     0x48ce ./SDK/platform/drivers/src/edma/edma_driver.o
 .debug_info    0x0002ceb8     0x12e3 ./SDK/platform/drivers/src/clock/clock_manager.o
 .debug_info    0x0002e19b     0x5677 ./SDK/platform/drivers/src/clock/S32K1xx/clock_S32K1xx.o
 .debug_info    0x00033812      0x430 ./SDK/platform/devices/startup.o
 .debug_info    0x00033c42      0x516 ./SDK/platform/devices/S32K144/startup/system_S32K144.o
 .debug_info    0x00034158       0xd0 ./Project_Settings/Startup_Code/startup_S32K144.o
 .debug_info    0x00034228      0x368 ./Generated_Code/wdg_pal1.o
 .debug_info    0x00034590      0x3e8 ./Generated_Code/pin_mux.o
 .debug_info    0x00034978      0x41f ./Generated_Code/lpuart1_uart.o
 .debug_info    0x00034d97      0x41f ./Generated_Code/lpuart0_uart.o
 .debug_info    0x000351b6      0x831 ./Generated_Code/flexTimer_pwm1.o
 .debug_info    0x000359e7      0x67d ./Generated_Code/dmaController1.o
 .debug_info    0x00036064     0x11e9 ./Generated_Code/clockMan1.o
 .debug_info    0x0003724d      0x384 ./Generated_Code/can_pal1.o
 .debug_info    0x000375d1      0x384 ./Generated_Code/can_pal0.o
 .debug_info    0x00037955      0x5c0 ./Generated_Code/Send1.o
 .debug_info    0x00037f15      0x59c ./Generated_Code/Send.o

.debug_abbrev   0x00000000     0x5bbe
 .debug_abbrev  0x00000000      0x1fa ./Sources/test.o
 .debug_abbrev  0x000001fa      0x201 ./Sources/main.o
 .debug_abbrev  0x000003fb      0x179 ./Sources/init.o
 .debug_abbrev  0x00000574      0x2b8 ./SDK/rtos/osif/osif_baremetal.o
 .debug_abbrev  0x0000082c      0x209 ./SDK/platform/pal/wdg/src/wdg_pal.o
 .debug_abbrev  0x00000a35      0x23b ./SDK/platform/pal/uart/src/uart_pal.o
 .debug_abbrev  0x00000c70      0x2ac ./SDK/platform/pal/can/src/can_pal.o
 .debug_abbrev  0x00000f1c      0x1a3 ./SDK/platform/drivers/src/wdog/wdog_hw_access.o
 .debug_abbrev  0x000010bf      0x397 ./SDK/platform/drivers/src/wdog/wdog_driver.o
 .debug_abbrev  0x00001456      0x1ac ./SDK/platform/drivers/src/pins/pins_port_hw_access.o
 .debug_abbrev  0x00001602      0x327 ./SDK/platform/drivers/src/pins/pins_driver.o
 .debug_abbrev  0x00001929       0xb4 ./SDK/platform/drivers/src/lpuart/lpuart_irq.o
 .debug_abbrev  0x000019dd      0x1b7 ./SDK/platform/drivers/src/lpuart/lpuart_hw_access.o
 .debug_abbrev  0x00001b94      0x3b5 ./SDK/platform/drivers/src/lpuart/lpuart_driver.o
 .debug_abbrev  0x00001f49      0x348 ./SDK/platform/drivers/src/lpspi/lpspi_slave_driver.o
 .debug_abbrev  0x00002291      0x28b ./SDK/platform/drivers/src/lpspi/lpspi_shared_function.o
 .debug_abbrev  0x0000251c      0x36d ./SDK/platform/drivers/src/lpspi/lpspi_master_driver.o
 .debug_abbrev  0x00002889       0x81 ./SDK/platform/drivers/src/lpspi/lpspi_irq.o
 .debug_abbrev  0x0000290a      0x28b ./SDK/platform/drivers/src/lpspi/lpspi_hw_access.o
 .debug_abbrev  0x00002b95       0x94 ./SDK/platform/drivers/src/lpi2c/lpi2c_irq.o
 .debug_abbrev  0x00002c29      0x467 ./SDK/platform/drivers/src/lpi2c/lpi2c_driver.o
 .debug_abbrev  0x00003090      0x237 ./SDK/platform/drivers/src/interrupt/interrupt_manager.o
 .debug_abbrev  0x000032c7      0x338 ./SDK/platform/drivers/src/ftm/ftm_pwm_driver.o
 .debug_abbrev  0x000035ff      0x192 ./SDK/platform/drivers/src/ftm/ftm_hw_access.o
 .debug_abbrev  0x00003791      0x364 ./SDK/platform/drivers/src/ftm/ftm_common.o
 .debug_abbrev  0x00003af5       0x94 ./SDK/platform/drivers/src/flexcan/flexcan_irq.o
 .debug_abbrev  0x00003b89      0x35f ./SDK/platform/drivers/src/flexcan/flexcan_hw_access.o
 .debug_abbrev  0x00003ee8      0x478 ./SDK/platform/drivers/src/flexcan/flexcan_driver.o
 .debug_abbrev  0x00004360      0x1d7 ./SDK/platform/drivers/src/edma/edma_irq.o
 .debug_abbrev  0x00004537      0x23c ./SDK/platform/drivers/src/edma/edma_hw_access.o
 .debug_abbrev  0x00004773      0x473 ./SDK/platform/drivers/src/edma/edma_driver.o
 .debug_abbrev  0x00004be6      0x20a ./SDK/platform/drivers/src/clock/clock_manager.o
 .debug_abbrev  0x00004df0      0x346 ./SDK/platform/drivers/src/clock/S32K1xx/clock_S32K1xx.o
 .debug_abbrev  0x00005136      0x12a ./SDK/platform/devices/startup.o
 .debug_abbrev  0x00005260      0x134 ./SDK/platform/devices/S32K144/startup/system_S32K144.o
 .debug_abbrev  0x00005394       0x14 ./Project_Settings/Startup_Code/startup_S32K144.o
 .debug_abbrev  0x000053a8       0x94 ./Generated_Code/wdg_pal1.o
 .debug_abbrev  0x0000543c       0xbe ./Generated_Code/pin_mux.o
 .debug_abbrev  0x000054fa       0xa6 ./Generated_Code/lpuart1_uart.o
 .debug_abbrev  0x000055a0       0xa6 ./Generated_Code/lpuart0_uart.o
 .debug_abbrev  0x00005646       0xd1 ./Generated_Code/flexTimer_pwm1.o
 .debug_abbrev  0x00005717       0xef ./Generated_Code/dmaController1.o
 .debug_abbrev  0x00005806      0x10a ./Generated_Code/clockMan1.o
 .debug_abbrev  0x00005910       0x94 ./Generated_Code/can_pal1.o
 .debug_abbrev  0x000059a4       0x94 ./Generated_Code/can_pal0.o
 .debug_abbrev  0x00005a38       0xc3 ./Generated_Code/Send1.o
 .debug_abbrev  0x00005afb       0xc3 ./Generated_Code/Send.o

.debug_loc      0x00000000    0x20d17
 .debug_loc     0x00000000      0x5ca ./Sources/test.o
 .debug_loc     0x000005ca      0x3ef ./SDK/rtos/osif/osif_baremetal.o
 .debug_loc     0x000009b9      0x67b ./SDK/platform/pal/wdg/src/wdg_pal.o
 .debug_loc     0x00001034      0x8f0 ./SDK/platform/pal/uart/src/uart_pal.o
 .debug_loc     0x00001924     0x12dd ./SDK/platform/pal/can/src/can_pal.o
 .debug_loc     0x00002c01      0x38f ./SDK/platform/drivers/src/wdog/wdog_hw_access.o
 .debug_loc     0x00002f90      0x723 ./SDK/platform/drivers/src/wdog/wdog_driver.o
 .debug_loc     0x000036b3      0x2fd ./SDK/platform/drivers/src/pins/pins_port_hw_access.o
 .debug_loc     0x000039b0      0x49c ./SDK/platform/drivers/src/pins/pins_driver.o
 .debug_loc     0x00003e4c      0x923 ./SDK/platform/drivers/src/lpuart/lpuart_hw_access.o
 .debug_loc     0x0000476f     0x2a10 ./SDK/platform/drivers/src/lpuart/lpuart_driver.o
 .debug_loc     0x0000717f      0xe13 ./SDK/platform/drivers/src/lpspi/lpspi_slave_driver.o
 .debug_loc     0x00007f92      0x32b ./SDK/platform/drivers/src/lpspi/lpspi_shared_function.o
 .debug_loc     0x000082bd     0x1547 ./SDK/platform/drivers/src/lpspi/lpspi_master_driver.o
 .debug_loc     0x00009804      0xd49 ./SDK/platform/drivers/src/lpspi/lpspi_hw_access.o
 .debug_loc     0x0000a54d     0x4458 ./SDK/platform/drivers/src/lpi2c/lpi2c_driver.o
 .debug_loc     0x0000e9a5      0x62b ./SDK/platform/drivers/src/interrupt/interrupt_manager.o
 .debug_loc     0x0000efd0     0x27dc ./SDK/platform/drivers/src/ftm/ftm_pwm_driver.o
 .debug_loc     0x000117ac      0x235 ./SDK/platform/drivers/src/ftm/ftm_hw_access.o
 .debug_loc     0x000119e1     0x1c01 ./SDK/platform/drivers/src/ftm/ftm_common.o
 .debug_loc     0x000135e2     0x1b24 ./SDK/platform/drivers/src/flexcan/flexcan_hw_access.o
 .debug_loc     0x00015106     0x2911 ./SDK/platform/drivers/src/flexcan/flexcan_driver.o
 .debug_loc     0x00017a17       0x3d ./SDK/platform/drivers/src/edma/edma_irq.o
 .debug_loc     0x00017a54      0x7f0 ./SDK/platform/drivers/src/edma/edma_hw_access.o
 .debug_loc     0x00018244     0x330f ./SDK/platform/drivers/src/edma/edma_driver.o
 .debug_loc     0x0001b553      0x21f ./SDK/platform/drivers/src/clock/clock_manager.o
 .debug_loc     0x0001b772     0x53e2 ./SDK/platform/drivers/src/clock/S32K1xx/clock_S32K1xx.o
 .debug_loc     0x00020b54       0xae ./SDK/platform/devices/startup.o
 .debug_loc     0x00020c02      0x115 ./SDK/platform/devices/S32K144/startup/system_S32K144.o

.debug_aranges  0x00000000     0x1290
 .debug_aranges
                0x00000000       0x50 ./Sources/test.o
 .debug_aranges
                0x00000050       0x28 ./Sources/main.o
 .debug_aranges
                0x00000078       0x48 ./Sources/init.o
 .debug_aranges
                0x000000c0       0x70 ./SDK/rtos/osif/osif_baremetal.o
 .debug_aranges
                0x00000130       0x60 ./SDK/platform/pal/wdg/src/wdg_pal.o
 .debug_aranges
                0x00000190       0x78 ./SDK/platform/pal/uart/src/uart_pal.o
 .debug_aranges
                0x00000208       0x88 ./SDK/platform/pal/can/src/can_pal.o
 .debug_aranges
                0x00000290       0x28 ./SDK/platform/drivers/src/wdog/wdog_hw_access.o
 .debug_aranges
                0x000002b8       0x88 ./SDK/platform/drivers/src/wdog/wdog_driver.o
 .debug_aranges
                0x00000340       0x30 ./SDK/platform/drivers/src/pins/pins_port_hw_access.o
 .debug_aranges
                0x00000370       0xe0 ./SDK/platform/drivers/src/pins/pins_driver.o
 .debug_aranges
                0x00000450       0x30 ./SDK/platform/drivers/src/lpuart/lpuart_irq.o
 .debug_aranges
                0x00000480       0x70 ./SDK/platform/drivers/src/lpuart/lpuart_hw_access.o
 .debug_aranges
                0x000004f0       0xf0 ./SDK/platform/drivers/src/lpuart/lpuart_driver.o
 .debug_aranges
                0x000005e0       0x58 ./SDK/platform/drivers/src/lpspi/lpspi_slave_driver.o
 .debug_aranges
                0x00000638       0x38 ./SDK/platform/drivers/src/lpspi/lpspi_shared_function.o
 .debug_aranges
                0x00000670       0x88 ./SDK/platform/drivers/src/lpspi/lpspi_master_driver.o
 .debug_aranges
                0x000006f8       0x30 ./SDK/platform/drivers/src/lpspi/lpspi_irq.o
 .debug_aranges
                0x00000728       0xb0 ./SDK/platform/drivers/src/lpspi/lpspi_hw_access.o
 .debug_aranges
                0x000007d8       0x28 ./SDK/platform/drivers/src/lpi2c/lpi2c_irq.o
 .debug_aranges
                0x00000800      0x128 ./SDK/platform/drivers/src/lpi2c/lpi2c_driver.o
 .debug_aranges
                0x00000928       0x70 ./SDK/platform/drivers/src/interrupt/interrupt_manager.o
 .debug_aranges
                0x00000998       0x48 ./SDK/platform/drivers/src/ftm/ftm_pwm_driver.o
 .debug_aranges
                0x000009e0       0x38 ./SDK/platform/drivers/src/ftm/ftm_hw_access.o
 .debug_aranges
                0x00000a18       0xb8 ./SDK/platform/drivers/src/ftm/ftm_common.o
 .debug_aranges
                0x00000ad0       0x80 ./SDK/platform/drivers/src/flexcan/flexcan_irq.o
 .debug_aranges
                0x00000b50       0xd0 ./SDK/platform/drivers/src/flexcan/flexcan_hw_access.o
 .debug_aranges
                0x00000c20      0x168 ./SDK/platform/drivers/src/flexcan/flexcan_driver.o
 .debug_aranges
                0x00000d88       0xa0 ./SDK/platform/drivers/src/edma/edma_irq.o
 .debug_aranges
                0x00000e28       0x88 ./SDK/platform/drivers/src/edma/edma_hw_access.o
 .debug_aranges
                0x00000eb0      0x138 ./SDK/platform/drivers/src/edma/edma_driver.o
 .debug_aranges
                0x00000fe8       0x38 ./SDK/platform/drivers/src/clock/clock_manager.o
 .debug_aranges
                0x00001020       0xf8 ./SDK/platform/drivers/src/clock/S32K1xx/clock_S32K1xx.o
 .debug_aranges
                0x00001118       0x20 ./SDK/platform/devices/startup.o
 .debug_aranges
                0x00001138       0x30 ./SDK/platform/devices/S32K144/startup/system_S32K144.o
 .debug_aranges
                0x00001168       0x20 ./Project_Settings/Startup_Code/startup_S32K144.o
 .debug_aranges
                0x00001188       0x18 ./Generated_Code/wdg_pal1.o
 .debug_aranges
                0x000011a0       0x18 ./Generated_Code/pin_mux.o
 .debug_aranges
                0x000011b8       0x18 ./Generated_Code/lpuart1_uart.o
 .debug_aranges
                0x000011d0       0x18 ./Generated_Code/lpuart0_uart.o
 .debug_aranges
                0x000011e8       0x18 ./Generated_Code/flexTimer_pwm1.o
 .debug_aranges
                0x00001200       0x18 ./Generated_Code/dmaController1.o
 .debug_aranges
                0x00001218       0x18 ./Generated_Code/clockMan1.o
 .debug_aranges
                0x00001230       0x18 ./Generated_Code/can_pal1.o
 .debug_aranges
                0x00001248       0x18 ./Generated_Code/can_pal0.o
 .debug_aranges
                0x00001260       0x18 ./Generated_Code/Send1.o
 .debug_aranges
                0x00001278       0x18 ./Generated_Code/Send.o

.debug_ranges   0x00000000     0x1720
 .debug_ranges  0x00000000       0x40 ./Sources/test.o
 .debug_ranges  0x00000040       0x18 ./Sources/main.o
 .debug_ranges  0x00000058       0x38 ./Sources/init.o
 .debug_ranges  0x00000090       0x98 ./SDK/rtos/osif/osif_baremetal.o
 .debug_ranges  0x00000128       0x50 ./SDK/platform/pal/wdg/src/wdg_pal.o
 .debug_ranges  0x00000178       0x68 ./SDK/platform/pal/uart/src/uart_pal.o
 .debug_ranges  0x000001e0       0x78 ./SDK/platform/pal/can/src/can_pal.o
 .debug_ranges  0x00000258       0x18 ./SDK/platform/drivers/src/wdog/wdog_hw_access.o
 .debug_ranges  0x00000270       0xa8 ./SDK/platform/drivers/src/wdog/wdog_driver.o
 .debug_ranges  0x00000318       0x20 ./SDK/platform/drivers/src/pins/pins_port_hw_access.o
 .debug_ranges  0x00000338       0xd0 ./SDK/platform/drivers/src/pins/pins_driver.o
 .debug_ranges  0x00000408       0x20 ./SDK/platform/drivers/src/lpuart/lpuart_irq.o
 .debug_ranges  0x00000428       0x60 ./SDK/platform/drivers/src/lpuart/lpuart_hw_access.o
 .debug_ranges  0x00000488      0x128 ./SDK/platform/drivers/src/lpuart/lpuart_driver.o
 .debug_ranges  0x000005b0       0x60 ./SDK/platform/drivers/src/lpspi/lpspi_slave_driver.o
 .debug_ranges  0x00000610       0x28 ./SDK/platform/drivers/src/lpspi/lpspi_shared_function.o
 .debug_ranges  0x00000638       0x90 ./SDK/platform/drivers/src/lpspi/lpspi_master_driver.o
 .debug_ranges  0x000006c8       0x20 ./SDK/platform/drivers/src/lpspi/lpspi_irq.o
 .debug_ranges  0x000006e8       0xa0 ./SDK/platform/drivers/src/lpspi/lpspi_hw_access.o
 .debug_ranges  0x00000788       0x18 ./SDK/platform/drivers/src/lpi2c/lpi2c_irq.o
 .debug_ranges  0x000007a0      0x288 ./SDK/platform/drivers/src/lpi2c/lpi2c_driver.o
 .debug_ranges  0x00000a28       0x78 ./SDK/platform/drivers/src/interrupt/interrupt_manager.o
 .debug_ranges  0x00000aa0      0x290 ./SDK/platform/drivers/src/ftm/ftm_pwm_driver.o
 .debug_ranges  0x00000d30       0x28 ./SDK/platform/drivers/src/ftm/ftm_hw_access.o
 .debug_ranges  0x00000d58      0x138 ./SDK/platform/drivers/src/ftm/ftm_common.o
 .debug_ranges  0x00000e90       0x70 ./SDK/platform/drivers/src/flexcan/flexcan_irq.o
 .debug_ranges  0x00000f00       0xf0 ./SDK/platform/drivers/src/flexcan/flexcan_hw_access.o
 .debug_ranges  0x00000ff0      0x1e8 ./SDK/platform/drivers/src/flexcan/flexcan_driver.o
 .debug_ranges  0x000011d8       0x90 ./SDK/platform/drivers/src/edma/edma_irq.o
 .debug_ranges  0x00001268       0x90 ./SDK/platform/drivers/src/edma/edma_hw_access.o
 .debug_ranges  0x000012f8      0x158 ./SDK/platform/drivers/src/edma/edma_driver.o
 .debug_ranges  0x00001450       0x28 ./SDK/platform/drivers/src/clock/clock_manager.o
 .debug_ranges  0x00001478      0x278 ./SDK/platform/drivers/src/clock/S32K1xx/clock_S32K1xx.o
 .debug_ranges  0x000016f0       0x10 ./SDK/platform/devices/startup.o
 .debug_ranges  0x00001700       0x20 ./SDK/platform/devices/S32K144/startup/system_S32K144.o

.debug_macro    0x00000000    0x2dee4
 .debug_macro   0x00000000      0xc86 ./Sources/test.o
 .debug_macro   0x00000c86      0xc8a ./Sources/main.o
 .debug_macro   0x00001910       0x19 ./Sources/main.o
 .debug_macro   0x00001929     0xecad ./Sources/main.o
 .debug_macro   0x000105d6       0x10 ./Sources/main.o
 .debug_macro   0x000105e6       0x16 ./Sources/main.o
 .debug_macro   0x000105fc      0xbc9 ./Sources/init.o
 .debug_macro   0x000111c5      0xa3a ./SDK/rtos/osif/osif_baremetal.o
 .debug_macro   0x00011bff      0xa3f ./SDK/platform/pal/wdg/src/wdg_pal.o
 .debug_macro   0x0001263e       0x22 ./SDK/platform/pal/wdg/src/wdg_pal.o
 .debug_macro   0x00012660      0xa65 ./SDK/platform/pal/uart/src/uart_pal.o
 .debug_macro   0x000130c5       0x1c ./SDK/platform/pal/uart/src/uart_pal.o
 .debug_macro   0x000130e1      0xa4e ./SDK/platform/pal/can/src/can_pal.o
 .debug_macro   0x00013b2f       0x10 ./SDK/platform/pal/can/src/can_pal.o
 .debug_macro   0x00013b3f      0xa2c ./SDK/platform/drivers/src/wdog/wdog_hw_access.o
 .debug_macro   0x0001456b       0x16 ./SDK/platform/drivers/src/wdog/wdog_hw_access.o
 .debug_macro   0x00014581      0xa3f ./SDK/platform/drivers/src/wdog/wdog_driver.o
 .debug_macro   0x00014fc0      0xa27 ./SDK/platform/drivers/src/pins/pins_port_hw_access.o
 .debug_macro   0x000159e7      0xa27 ./SDK/platform/drivers/src/pins/pins_driver.o
 .debug_macro   0x0001640e      0xa0a ./SDK/platform/drivers/src/lpuart/lpuart_irq.o
 .debug_macro   0x00016e18      0xa52 ./SDK/platform/drivers/src/lpuart/lpuart_hw_access.o
 .debug_macro   0x0001786a       0x34 ./SDK/platform/drivers/src/lpuart/lpuart_hw_access.o
 .debug_macro   0x0001789e      0xa70 ./SDK/platform/drivers/src/lpuart/lpuart_driver.o
 .debug_macro   0x0001830e      0xb08 ./SDK/platform/drivers/src/lpspi/lpspi_slave_driver.o
 .debug_macro   0x00018e16       0x4a ./SDK/platform/drivers/src/lpspi/lpspi_slave_driver.o
 .debug_macro   0x00018e60      0xa7d ./SDK/platform/drivers/src/lpspi/lpspi_shared_function.o
 .debug_macro   0x000198dd       0x16 ./SDK/platform/drivers/src/lpspi/lpspi_shared_function.o
 .debug_macro   0x000198f3      0xb0e ./SDK/platform/drivers/src/lpspi/lpspi_master_driver.o
 .debug_macro   0x0001a401      0xa75 ./SDK/platform/drivers/src/lpspi/lpspi_irq.o
 .debug_macro   0x0001ae76      0xa49 ./SDK/platform/drivers/src/lpspi/lpspi_hw_access.o
 .debug_macro   0x0001b8bf      0xa3f ./SDK/platform/drivers/src/lpi2c/lpi2c_irq.o
 .debug_macro   0x0001c2fe      0xa82 ./SDK/platform/drivers/src/lpi2c/lpi2c_driver.o
 .debug_macro   0x0001cd80       0x88 ./SDK/platform/drivers/src/lpi2c/lpi2c_driver.o
 .debug_macro   0x0001ce08      0xa00 ./SDK/platform/drivers/src/interrupt/interrupt_manager.o
 .debug_macro   0x0001d808      0xa56 ./SDK/platform/drivers/src/ftm/ftm_pwm_driver.o
 .debug_macro   0x0001e25e      0xa3c ./SDK/platform/drivers/src/ftm/ftm_hw_access.o
 .debug_macro   0x0001ec9a      0xa43 ./SDK/platform/drivers/src/ftm/ftm_common.o
 .debug_macro   0x0001f6dd      0xa00 ./SDK/platform/drivers/src/flexcan/flexcan_irq.o
 .debug_macro   0x000200dd      0xb15 ./SDK/platform/drivers/src/flexcan/flexcan_hw_access.o
 .debug_macro   0x00020bf2       0xc8 ./SDK/platform/drivers/src/flexcan/flexcan_hw_access.o
 .debug_macro   0x00020cba      0xa7f ./SDK/platform/drivers/src/flexcan/flexcan_driver.o
 .debug_macro   0x00021739      0xa19 ./SDK/platform/drivers/src/edma/edma_irq.o
 .debug_macro   0x00022152      0xa15 ./SDK/platform/drivers/src/edma/edma_hw_access.o
 .debug_macro   0x00022b67      0xa36 ./SDK/platform/drivers/src/edma/edma_driver.o
 .debug_macro   0x0002359d      0xa26 ./SDK/platform/drivers/src/clock/clock_manager.o
 .debug_macro   0x00023fc3      0xbc4 ./SDK/platform/drivers/src/clock/S32K1xx/clock_S32K1xx.o
 .debug_macro   0x00024b87      0xa00 ./SDK/platform/devices/startup.o
 .debug_macro   0x00025587      0x9ff ./SDK/platform/devices/S32K144/startup/system_S32K144.o
 .debug_macro   0x00025f86      0xbbb ./Generated_Code/wdg_pal1.o
 .debug_macro   0x00026b41       0x10 ./Generated_Code/wdg_pal1.o
 .debug_macro   0x00026b51      0xa26 ./Generated_Code/pin_mux.o
 .debug_macro   0x00027577      0xbb8 ./Generated_Code/lpuart1_uart.o
 .debug_macro   0x0002812f      0xbb8 ./Generated_Code/lpuart0_uart.o
 .debug_macro   0x00028ce7      0xbb8 ./Generated_Code/flexTimer_pwm1.o
 .debug_macro   0x0002989f      0xbb8 ./Generated_Code/dmaController1.o
 .debug_macro   0x0002a457      0xbad ./Generated_Code/clockMan1.o
 .debug_macro   0x0002b004      0xbb8 ./Generated_Code/can_pal1.o
 .debug_macro   0x0002bbbc      0xbb8 ./Generated_Code/can_pal0.o
 .debug_macro   0x0002c774      0xbb8 ./Generated_Code/Send1.o
 .debug_macro   0x0002d32c      0xbb8 ./Generated_Code/Send.o

.debug_line     0x00000000    0x1776c
 .debug_line    0x00000000      0xb6b ./Sources/test.o
 .debug_line    0x00000b6b      0x9b7 ./Sources/main.o
 .debug_line    0x00001522      0x926 ./Sources/init.o
 .debug_line    0x00001e48      0x615 ./SDK/rtos/osif/osif_baremetal.o
 .debug_line    0x0000245d      0x5d6 ./SDK/platform/pal/wdg/src/wdg_pal.o
 .debug_line    0x00002a33      0x687 ./SDK/platform/pal/uart/src/uart_pal.o
 .debug_line    0x000030ba      0x8b0 ./SDK/platform/pal/can/src/can_pal.o
 .debug_line    0x0000396a      0x4de ./SDK/platform/drivers/src/wdog/wdog_hw_access.o
 .debug_line    0x00003e48      0x6f2 ./SDK/platform/drivers/src/wdog/wdog_driver.o
 .debug_line    0x0000453a      0x521 ./SDK/platform/drivers/src/pins/pins_port_hw_access.o
 .debug_line    0x00004a5b      0x6d6 ./SDK/platform/drivers/src/pins/pins_driver.o
 .debug_line    0x00005131      0x439 ./SDK/platform/drivers/src/lpuart/lpuart_irq.o
 .debug_line    0x0000556a      0x62a ./SDK/platform/drivers/src/lpuart/lpuart_hw_access.o