Archive member included because of file (symbol)

C:/NXP/S32DS_ARM_v2018.R1/Cross_Tools/gcc-arm-none-eabi-4_9/arm-none-eabi/newlib/lib/armv7e-m/fpu\libc_nano.a(lib_a-exit.o)
                              C:/NXP/S32DS_ARM_v2018.R1/Cross_Tools/gcc-arm-none-eabi-4_9/arm-none-eabi/newlib/lib/armv7e-m/fpu/crt0.o (exit)
C:/NXP/S32DS_ARM_v2018.R1/Cross_Tools/gcc-arm-none-eabi-4_9/arm-none-eabi/newlib/lib/armv7e-m/fpu\libc_nano.a(lib_a-impure.o)
                              C:/NXP/S32DS_ARM_v2018.R1/Cross_Tools/gcc-arm-none-eabi-4_9/arm-none-eabi/newlib/lib/armv7e-m/fpu\libc_nano.a(lib_a-exit.o) (_global_impure_ptr)
C:/NXP/S32DS_ARM_v2018.R1/Cross_Tools/gcc-arm-none-eabi-4_9/arm-none-eabi/newlib/lib/armv7e-m/fpu\libc_nano.a(lib_a-init.o)
                              C:/NXP/S32DS_ARM_v2018.R1/Cross_Tools/gcc-arm-none-eabi-4_9/arm-none-eabi/newlib/lib/armv7e-m/fpu/crt0.o (__libc_init_array)
C:/NXP/S32DS_ARM_v2018.R1/Cross_Tools/gcc-arm-none-eabi-4_9/arm-none-eabi/newlib/lib/armv7e-m/fpu\libc_nano.a(lib_a-memcpy.o)
                              ./SDK/platform/pal/i2c/src/i2c_pal.o (memcpy)
C:/NXP/S32DS_ARM_v2018.R1/Cross_Tools/gcc-arm-none-eabi-4_9/arm-none-eabi/newlib/lib/armv7e-m/fpu\libc_nano.a(lib_a-memset.o)
                              C:/NXP/S32DS_ARM_v2018.R1/Cross_Tools/gcc-arm-none-eabi-4_9/arm-none-eabi/newlib/lib/armv7e-m/fpu/crt0.o (memset)
C:/NXP/S32DS_ARM_v2018.R1/Cross_Tools/gcc-arm-none-eabi-4_9/arm-none-eabi/newlib/lib/armv7e-m/fpu\libc_nano.a(lib_a-rand.o)
                              ./Sources/ledstrip.o (rand)
C:/NXP/S32DS_ARM_v2018.R1/Cross_Tools/gcc-arm-none-eabi-4_9/arm-none-eabi/newlib/lib/armv7e-m/fpu\libc_nano.a(lib_a-malloc.o)
                              C:/NXP/S32DS_ARM_v2018.R1/Cross_Tools/gcc-arm-none-eabi-4_9/arm-none-eabi/newlib/lib/armv7e-m/fpu\libc_nano.a(lib_a-rand.o) (malloc)
C:/NXP/S32DS_ARM_v2018.R1/Cross_Tools/gcc-arm-none-eabi-4_9/arm-none-eabi/newlib/lib/armv7e-m/fpu\libc_nano.a(lib_a-nano-freer.o)
                              C:/NXP/S32DS_ARM_v2018.R1/Cross_Tools/gcc-arm-none-eabi-4_9/arm-none-eabi/newlib/lib/armv7e-m/fpu\libc_nano.a(lib_a-malloc.o) (_free_r)
C:/NXP/S32DS_ARM_v2018.R1/Cross_Tools/gcc-arm-none-eabi-4_9/arm-none-eabi/newlib/lib/armv7e-m/fpu\libc_nano.a(lib_a-nano-mallocr.o)
                              C:/NXP/S32DS_ARM_v2018.R1/Cross_Tools/gcc-arm-none-eabi-4_9/arm-none-eabi/newlib/lib/armv7e-m/fpu\libc_nano.a(lib_a-malloc.o) (_malloc_r)
C:/NXP/S32DS_ARM_v2018.R1/Cross_Tools/gcc-arm-none-eabi-4_9/arm-none-eabi/newlib/lib/armv7e-m/fpu\libc_nano.a(lib_a-sbrkr.o)
                              C:/NXP/S32DS_ARM_v2018.R1/Cross_Tools/gcc-arm-none-eabi-4_9/arm-none-eabi/newlib/lib/armv7e-m/fpu\libc_nano.a(lib_a-nano-mallocr.o) (_sbrk_r)
C:/NXP/S32DS_ARM_v2018.R1/Cross_Tools/gcc-arm-none-eabi-4_9/arm-none-eabi/newlib/lib/armv7e-m/fpu\libc_nano.a(lib_a-reent.o)
                              C:/NXP/S32DS_ARM_v2018.R1/Cross_Tools/gcc-arm-none-eabi-4_9/arm-none-eabi/newlib/lib/armv7e-m/fpu\libc_nano.a(lib_a-sbrkr.o) (errno)
C:/NXP/S32DS_ARM_v2018.R1/Cross_Tools/gcc-arm-none-eabi-4_9/arm-none-eabi/newlib/lib/armv7e-m/fpu\librdimon_nano.a(rdimon-syscalls.o)
                              C:/NXP/S32DS_ARM_v2018.R1/Cross_Tools/gcc-arm-none-eabi-4_9/arm-none-eabi/newlib/lib/armv7e-m/fpu\libc_nano.a(lib_a-sbrkr.o) (_sbrk)
C:/NXP/S32DS_ARM_v2018.R1/Cross_Tools/gcc-arm-none-eabi-4_9/arm-none-eabi/newlib/lib/armv7e-m/fpu\librdimon_nano.a(rdimon-_exit.o)
                              C:/NXP/S32DS_ARM_v2018.R1/Cross_Tools/gcc-arm-none-eabi-4_9/arm-none-eabi/newlib/lib/armv7e-m/fpu\libc_nano.a(lib_a-exit.o) (_exit)
C:/NXP/S32DS_ARM_v2018.R1/Cross_Tools/gcc-arm-none-eabi-4_9/arm-none-eabi/newlib/lib/armv7e-m/fpu\librdimon_nano.a(rdimon-_kill.o)
                              C:/NXP/S32DS_ARM_v2018.R1/Cross_Tools/gcc-arm-none-eabi-4_9/arm-none-eabi/newlib/lib/armv7e-m/fpu\librdimon_nano.a(rdimon-_exit.o) (_kill)
C:/NXP/S32DS_ARM_v2018.R1/Cross_Tools/gcc-arm-none-eabi-4_9/arm-none-eabi/newlib/lib/armv7e-m/fpu\libc_nano.a(lib_a-errno.o)
                              C:/NXP/S32DS_ARM_v2018.R1/Cross_Tools/gcc-arm-none-eabi-4_9/arm-none-eabi/newlib/lib/armv7e-m/fpu\librdimon_nano.a(rdimon-syscalls.o) (__errno)
C:/NXP/S32DS_ARM_v2018.R1/Cross_Tools/gcc-arm-none-eabi-4_9/arm-none-eabi/newlib/lib/armv7e-m/fpu\libc_nano.a(lib_a-findfp.o)
                              C:/NXP/S32DS_ARM_v2018.R1/Cross_Tools/gcc-arm-none-eabi-4_9/arm-none-eabi/newlib/lib/armv7e-m/fpu\librdimon_nano.a(rdimon-syscalls.o) (__sinit)
C:/NXP/S32DS_ARM_v2018.R1/Cross_Tools/gcc-arm-none-eabi-4_9/arm-none-eabi/newlib/lib/armv7e-m/fpu\libc_nano.a(lib_a-fwalk.o)
                              C:/NXP/S32DS_ARM_v2018.R1/Cross_Tools/gcc-arm-none-eabi-4_9/arm-none-eabi/newlib/lib/armv7e-m/fpu\libc_nano.a(lib_a-findfp.o) (_fwalk)
C:/NXP/S32DS_ARM_v2018.R1/Cross_Tools/gcc-arm-none-eabi-4_9/arm-none-eabi/newlib/lib/armv7e-m/fpu\libc_nano.a(lib_a-stdio.o)
[...]
Memory Configuration

Name             Origin             Length             Attributes
m_interrupts     0x00000000         0x00000400         xr
m_flash_config   0x00000400         0x00000010         xr
m_text           0x00000410         0x0007fbf0         xr
m_data           0x1fff8000         0x00008000         rw
m_data_2         0x20000000         0x00007000         rw
*default*        0x00000000         0xffffffff

Linker script and memory map

LOAD c:/nxp/s32ds_arm_v2018.r1/cross_tools/gcc-arm-none-eabi-4_9/bin/../lib/gcc/arm-none-eabi/4.9.3/armv7e-m/fpu/crti.o
LOAD c:/nxp/s32ds_arm_v2018.r1/cross_tools/gcc-arm-none-eabi-4_9/bin/../lib/gcc/arm-none-eabi/4.9.3/armv7e-m/fpu/crtbegin.o
LOAD C:/NXP/S32DS_ARM_v2018.R1/Cross_Tools/gcc-arm-none-eabi-4_9/arm-none-eabi/newlib/lib/armv7e-m/fpu/crt0.o
LOAD ./Sources/uart_receiver.o
LOAD ./Sources/test.o
LOAD ./Sources/main.o
LOAD ./Sources/ledstrip.o
LOAD ./Sources/init.o
LOAD ./Sources/can_receiver.o
LOAD ./SDK/rtos/osif/osif_baremetal.o
LOAD ./SDK/platform/pal/wdg/src/wdg_pal.o
LOAD ./SDK/platform/pal/uart/src/uart_pal.o
LOAD ./SDK/platform/pal/i2c/src/i2c_pal.o
LOAD ./SDK/platform/pal/can/src/can_pal.o
LOAD ./SDK/platform/drivers/src/wdog/wdog_hw_access.o
LOAD ./SDK/platform/drivers/src/wdog/wdog_driver.o
LOAD ./SDK/platform/drivers/src/pins/pins_port_hw_access.o
LOAD ./SDK/platform/drivers/src/pins/pins_driver.o
LOAD ./SDK/platform/drivers/src/lpuart/lpuart_irq.o
LOAD ./SDK/platform/drivers/src/lpuart/lpuart_hw_access.o
LOAD ./SDK/platform/drivers/src/lpuart/lpuart_driver.o
LOAD ./SDK/platform/drivers/src/lpspi/lpspi_slave_driver.o
LOAD ./SDK/platform/drivers/src/lpspi/lpspi_shared_function.o
LOAD ./SDK/platform/drivers/src/lpspi/lpspi_master_driver.o
LOAD ./SDK/platform/drivers/src/lpspi/lpspi_irq.o
LOAD ./SDK/platform/drivers/src/lpspi/lpspi_hw_access.o
LOAD ./SDK/platform/drivers/src/lpi2c/lpi2c_irq.o
LOAD ./SDK/platform/drivers/src/lpi2c/lpi2c_hw_access.o
LOAD ./SDK/platform/drivers/src/lpi2c/lpi2c_driver.o
LOAD ./SDK/platform/drivers/src/interrupt/interrupt_manager.o
LOAD ./SDK/platform/drivers/src/ftm/ftm_pwm_driver.o
LOAD ./SDK/platform/drivers/src/ftm/ftm_hw_access.o
LOAD ./SDK/platform/drivers/src/ftm/ftm_common.o
LOAD ./SDK/platform/drivers/src/flexio/flexio_i2c_driver.o
LOAD ./SDK/platform/drivers/src/flexio/flexio_common.o
LOAD ./SDK/platform/drivers/src/flexcan/flexcan_irq.o
LOAD ./SDK/platform/drivers/src/flexcan/flexcan_hw_access.o
LOAD ./SDK/platform/drivers/src/flexcan/flexcan_driver.o
LOAD ./SDK/platform/drivers/src/ewm/ewm_driver.o
LOAD ./SDK/platform/drivers/src/edma/edma_irq.o
LOAD ./SDK/platform/drivers/src/edma/edma_hw_access.o
LOAD ./SDK/platform/drivers/src/edma/edma_driver.o
LOAD ./SDK/platform/drivers/src/clock/clock_manager.o
LOAD ./SDK/platform/drivers/src/clock/S32K1xx/clock_S32K1xx.o
LOAD ./SDK/platform/devices/startup.o
LOAD ./SDK/platform/devices/S32K144/startup/system_S32K144.o
LOAD ./Project_Settings/Startup_Code/startup_S32K144.o
LOAD ./Generated_Code/wdg_pal1.o
LOAD ./Generated_Code/pin_mux.o
LOAD ./Generated_Code/lpuart1_uart.o
LOAD ./Generated_Code/lpuart0_uart.o
LOAD ./Generated_Code/i2c2.o
LOAD ./Generated_Code/i2c1.o
LOAD ./Generated_Code/flexTimer_pwm1.o
LOAD ./Generated_Code/dmaController1.o
LOAD ./Generated_Code/clockMan1.o
LOAD ./Generated_Code/can_pal1.o
LOAD ./Generated_Code/can_pal0.o
LOAD ./Generated_Code/Send1.o
LOAD ./Generated_Code/Send.o
LOAD ./Generated_Code/Cpu.o
LOAD C:/NXP/S32DS_ARM_v2018.R1/Cross_Tools/gcc-arm-none-eabi-4_9/arm-none-eabi/newlib/lib/armv7e-m/fpu\libc_nano.a
LOAD c:/nxp/s32ds_arm_v2018.r1/cross_tools/gcc-arm-none-eabi-4_9/bin/../lib/gcc/arm-none-eabi/4.9.3/armv7e-m/fpu\libgcc.a
LOAD C:/NXP/S32DS_ARM_v2018.R1/Cross_Tools/gcc-arm-none-eabi-4_9/arm-none-eabi/newlib/lib/armv7e-m/fpu\libm.a
LOAD C:/NXP/S32DS_ARM_v2018.R1/Cross_Tools/gcc-arm-none-eabi-4_9/arm-none-eabi/newlib/lib/armv7e-m/fpu\librdimon_nano.a
START GROUP
LOAD c:/nxp/s32ds_arm_v2018.r1/cross_tools/gcc-arm-none-eabi-4_9/bin/../lib/gcc/arm-none-eabi/4.9.3/armv7e-m/fpu\libgcc.a
LOAD C:/NXP/S32DS_ARM_v2018.R1/Cross_Tools/gcc-arm-none-eabi-4_9/arm-none-eabi/newlib/lib/armv7e-m/fpu\libc_nano.a
END GROUP
START GROUP
LOAD c:/nxp/s32ds_arm_v2018.r1/cross_tools/gcc-arm-none-eabi-4_9/bin/../lib/gcc/arm-none-eabi/4.9.3/armv7e-m/fpu\libgcc.a
LOAD C:/NXP/S32DS_ARM_v2018.R1/Cross_Tools/gcc-arm-none-eabi-4_9/arm-none-eabi/newlib/lib/armv7e-m/fpu\libc_nano.a
LOAD C:/NXP/S32DS_ARM_v2018.R1/Cross_Tools/gcc-arm-none-eabi-4_9/arm-none-eabi/newlib/lib/armv7e-m/fpu\libnosys.a
END GROUP
START GROUP
LOAD c:/nxp/s32ds_arm_v2018.r1/cross_tools/gcc-arm-none-eabi-4_9/bin/../lib/gcc/arm-none-eabi/4.9.3/armv7e-m/fpu\libgcc.a
LOAD C:/NXP/S32DS_ARM_v2018.R1/Cross_Tools/gcc-arm-none-eabi-4_9/arm-none-eabi/newlib/lib/armv7e-m/fpu\libc_nano.a
LOAD C:/NXP/S32DS_ARM_v2018.R1/Cross_Tools/gcc-arm-none-eabi-4_9/arm-none-eabi/newlib/lib/armv7e-m/fpu\libnosys.a
END GROUP
LOAD c:/nxp/s32ds_arm_v2018.r1/cross_tools/gcc-arm-none-eabi-4_9/bin/../lib/gcc/arm-none-eabi/4.9.3/armv7e-m/fpu/crtend.o
LOAD c:/nxp/s32ds_arm_v2018.r1/cross_tools/gcc-arm-none-eabi-4_9/bin/../lib/gcc/arm-none-eabi/4.9.3/armv7e-m/fpu/crtn.o
                0x00000400                HEAP_SIZE = DEFINED (__heap_size__)?__heap_size__:0x400
                0x00000400                STACK_SIZE = DEFINED (__stack_size__)?__stack_size__:0x400
                0x00000400                M_VECTOR_RAM_SIZE = DEFINED (__flash_vector_table__)?0x0:0x400

.interrupts     0x00000000      0x400
                0x00000000                __VECTOR_TABLE = .
                0x00000000                . = ALIGN (0x4)
 *(.isr_vector)
 .isr_vector    0x00000000      0x400 ./Project_Settings/Startup_Code/startup_S32K144.o
                0x00000000                __isr_vector
                0x00000400                . = ALIGN (0x4)

.flash_config   0x00000400       0x10
                0x00000400                . = ALIGN (0x4)
 *(.FlashConfig)
 .FlashConfig   0x00000400       0x10 ./Project_Settings/Startup_Code/startup_S32K144.o
                0x00000410                . = ALIGN (0x4)

.text           0x00000410     0x8e30
                0x00000410                . = ALIGN (0x4)
 *(.text)
 .text          0x00000410       0x5c c:/nxp/s32ds_arm_v2018.r1/cross_tools/gcc-arm-none-eabi-4_9/bin/../lib/gcc/arm-none-eabi/4.9.3/armv7e-m/fpu/crtbegin.o
 .text          0x0000046c       0x44 ./Project_Settings/Startup_Code/startup_S32K144.o
                0x0000046c                Reset_Handler
                0x000004ac                DebugMon_Handler
                0x000004ac                Reserved88_IRQHandler
                0x000004ac                HardFault_Handler
                0x000004ac                Reserved86_IRQHandler
                0x000004ac                Reserved103_IRQHandler
                0x000004ac                FTM2_Ovf_Reload_IRQHandler
                0x000004ac                Reserved50_IRQHandler
                0x000004ac                FTFC_Fault_IRQHandler
                0x000004ac                FTM0_Ch6_Ch7_IRQHandler
                0x000004ac                Reserved114_IRQHandler
                0x000004ac                PendSV_Handler
                0x000004ac                NMI_Handler
                0x000004ac                Reserved89_IRQHandler
                0x000004ac                ERM_double_fault_IRQHandler
                0x000004ac                Reserved59_IRQHandler
                0x000004ac                LPIT0_Ch0_IRQHandler
                0x000004ac                Reserved99_IRQHandler
                0x000004ac                FTM3_Ch6_Ch7_IRQHandler
                0x000004ac                LPIT0_Ch3_IRQHandler
                0x000004ac                Reserved92_IRQHandler
                0x000004ac                FTM0_Ch4_Ch5_IRQHandler
                0x000004ac                FTM3_Ch0_Ch1_IRQHandler
                0x000004ac                SWI_IRQHandler
                0x000004ac                ADC0_IRQHandler
                0x000004ac                FTM2_Ch4_Ch5_IRQHandler
                0x000004ac                UsageFault_Handler
                0x000004ac                FTM0_Ovf_Reload_IRQHandler
                0x000004ac                DefaultISR
                0x000004ac                Reserved58_IRQHandler
                0x000004ac                FTM1_Ch2_Ch3_IRQHandler
                0x000004ac                Reserved82_IRQHandler
                0x000004ac                Reserved71_IRQHandler
                0x000004ac                PORTD_IRQHandler
                0x000004ac                Reserved69_IRQHandler
                0x000004ac                PORTB_IRQHandler
                0x000004ac                Reserved70_IRQHandler
                0x000004ac                ADC1_IRQHandler
                0x000004ac                FTM2_Ch2_Ch3_IRQHandler
                0x000004ac                Reserved53_IRQHandler
                0x000004ac                RTC_IRQHandler
                0x000004ac                PDB0_IRQHandler
                0x000004ac                Reserved54_IRQHandler
                0x000004ac                FTM2_Ch6_Ch7_IRQHandler
                0x000004ac                FTM3_Ch2_Ch3_IRQHandler
                0x000004ac                FTM2_Ch0_Ch1_IRQHandler
                0x000004ac                LPUART1_RxTx_IRQHandler
                0x000004ac                RTC_Seconds_IRQHandler
                0x000004ac                Reserved72_IRQHandler
                0x000004ac                Reserved110_IRQHandler
                0x000004ac                Reserved107_IRQHandler
                0x000004ac                Read_Collision_IRQHandler
                0x000004ac                FTFC_IRQHandler
                0x000004ac                FTM1_Ch6_Ch7_IRQHandler
                0x000004ac                Reserved105_IRQHandler
                0x000004ac                LPIT0_Ch1_IRQHandler
                0x000004ac                FTM1_Ch4_Ch5_IRQHandler
                0x000004ac                FTM3_Ovf_Reload_IRQHandler
                0x000004ac                LPUART2_RxTx_IRQHandler
                0x000004ac                WDOG_EWM_IRQHandler
                0x000004ac                MemManage_Handler
                0x000004ac                Reserved90_IRQHandler
                0x000004ac                Reserved83_IRQHandler
                0x000004ac                FTM0_Fault_IRQHandler
                0x000004ac                Reserved48_IRQHandler
                0x000004ac                SVC_Handler
                0x000004ac                ERM_single_fault_IRQHandler
                0x000004ac                FTM2_Fault_IRQHandler
                0x000004ac                FTM0_Ch2_Ch3_IRQHandler
                0x000004ac                FTM0_Ch0_Ch1_IRQHandler
                0x000004ac                FTM3_Fault_IRQHandler
                0x000004ac                RCM_IRQHandler
                0x000004ac                Reserved100_IRQHandler
                0x000004ac                Reserved91_IRQHandler
                0x000004ac                SCG_IRQHandler
                0x000004ac                PDB1_IRQHandler
                0x000004ac                Reserved81_IRQHandler
                0x000004ac                Reserved46_IRQHandler
                0x000004ac                Reserved45_IRQHandler
                0x000004ac                Reserved112_IRQHandler
                0x000004ac                FTM1_Fault_IRQHandler
                0x000004ac                Reserved106_IRQHandler
                0x000004ac                LVD_LVW_IRQHandler
                0x000004ac                LPIT0_Ch2_IRQHandler
                0x000004ac                PORTA_IRQHandler
                0x000004ac                MCM_IRQHandler
                0x000004ac                FTM3_Ch4_Ch5_IRQHandler
                0x000004ac                PORTE_IRQHandler
                0x000004ac                LPUART0_RxTx_IRQHandler
                0x000004ac                LPTMR0_IRQHandler
                0x000004ac                BusFault_Handler
                0x000004ac                Reserved87_IRQHandler
                0x000004ac                FTM1_Ovf_Reload_IRQHandler
                0x000004ac                Reserved93_IRQHandler
                0x000004ac                CMP0_IRQHandler
                0x000004ac                Reserved52_IRQHandler
                0x000004ac                PORTC_IRQHandler
                0x000004ac                FTM1_Ch0_Ch1_IRQHandler
                0x000004ac                Reserved113_IRQHandler
 *(.text*)
 .text.dms_test
                0x000004b0       0xb8 ./Sources/uart_receiver.o
                0x000004b0                dms_test
 .text.uart_receive
                0x00000568      0x4f0 ./Sources/uart_receiver.o
                0x00000568                uart_receive
 .text.uart     0x00000a58       0x34 ./Sources/test.o
                0x00000a58                uart
 .text.hx8880_spi
                0x00000a8c       0xb4 ./Sources/test.o
                0x00000a8c                hx8880_spi
 .text.pwm_test
                0x00000b40       0x40 ./Sources/test.o
                0x00000b40                pwm_test
 .text.LED_strip
                0x00000b80       0x24 ./Sources/test.o
                0x00000b80                LED_strip
 .text.can_reply_status2
                0x00000ba4       0x74 ./Sources/test.o
                0x00000ba4                can_reply_status2
 .text.uart_can_uart_test
                0x00000c18      0x474 ./Sources/test.o
                0x00000c18                uart_can_uart_test
 .text.board_init
                0x0000108c       0x2c ./Sources/main.o
                0x0000108c                board_init
 .text.i2c1_SlaveCallback0
                0x000010b8       0x2c ./Sources/main.o
                0x000010b8                i2c1_SlaveCallback0
 .text.main     0x000010e4       0x64 ./Sources/main.o
                0x000010e4                main
 .text.dec_turn_spi_number
                0x00001148       0x6c ./Sources/ledstrip.o
                0x00001148                dec_turn_spi_number
 .text.rgb_select
                0x000011b4       0x54 ./Sources/ledstrip.o
                0x000011b4                rgb_select
 .text.rgb_color
                0x00001208       0x70 ./Sources/ledstrip.o
                0x00001208                rgb_color
 .text.Fade_Transition
                0x00001278      0x3f8 ./Sources/ledstrip.o
                0x00001278                Fade_Transition
 .text.Expand_to_Fill
                0x00001670      0x108 ./Sources/ledstrip.o
                0x00001670                Expand_to_Fill
 .text.Dashed_Expansion
                0x00001778      0x130 ./Sources/ledstrip.o
                0x00001778                Dashed_Expansion
 .text.Pixel_Light
                0x000018a8       0xf0 ./Sources/ledstrip.o
                0x000018a8                Pixel_Light
 .text.News_Ticker
                0x00001998      0x5d4 ./Sources/ledstrip.o
                0x00001998                News_Ticker
 .text.Breathing_Light
                0x00001f6c      0x220 ./Sources/ledstrip.o
                0x00001f6c                Breathing_Light
 .text.uart_init
                0x0000218c       0x1c ./Sources/init.o
                0x0000218c                uart_init
 .text.can_init
                0x000021a8       0x68 ./Sources/init.o
                0x000021a8                can_init
 .text.ledsrip_spi_init
                0x00002210       0x3c ./Sources/init.o
                0x00002210                ledsrip_spi_init
 .text.wdg_init
                0x0000224c       0x10 ./Sources/init.o
                0x0000224c                wdg_init
 .text.pwm_init
                0x0000225c       0x24 ./Sources/init.o
                0x0000225c                pwm_init
 .text.hx8880_spi_init
                0x00002280       0x18 ./Sources/init.o
                0x00002280                hx8880_spi_init
 .text.can_reply_status
                0x00002298       0x74 ./Sources/can_receiver.o
                0x00002298                can_reply_status
 .text.can_receive
                0x0000230c      0x2c4 ./Sources/can_receiver.o
                0x0000230c                can_receive
 .text.SysTick_Handler
                0x000025d0       0x10 ./SDK/rtos/osif/osif_baremetal.o
                0x000025d0                SysTick_Handler
 .text.OSIF_TimeDelay
                0x000025e0       0x58 ./SDK/rtos/osif/osif_baremetal.o
                0x000025e0                OSIF_TimeDelay
 .text.OSIF_SemaPost
                0x00002638       0x2c ./SDK/rtos/osif/osif_baremetal.o
                0x00002638                OSIF_SemaPost
 .text.OSIF_SemaCreate
                0x00002664       0x1c ./SDK/rtos/osif/osif_baremetal.o
                0x00002664                OSIF_SemaCreate
 .text.OSIF_SemaDestroy
                0x00002680        0xc ./SDK/rtos/osif/osif_baremetal.o
                0x00002680                OSIF_SemaDestroy
 .text.WDG_Init
                0x0000268c       0x7c ./SDK/platform/pal/wdg/src/wdg_pal.o
                0x0000268c                WDG_Init
 .text.WDG_Refresh
                0x00002708        0xc ./SDK/platform/pal/wdg/src/wdg_pal.o
                0x00002708                WDG_Refresh
 .text.UART_Init
                0x00002714       0xc8 ./SDK/platform/pal/uart/src/uart_pal.o
                0x00002714                UART_Init
 .text.UART_SendData
                0x000027dc       0x10 ./SDK/platform/pal/uart/src/uart_pal.o
                0x000027dc                UART_SendData
 .text.UART_GetTransmitStatus
                0x000027ec       0x10 ./SDK/platform/pal/uart/src/uart_pal.o
                0x000027ec                UART_GetTransmitStatus
 .text.UART_ReceiveData
                0x000027fc       0x10 ./SDK/platform/pal/uart/src/uart_pal.o
                0x000027fc                UART_ReceiveData
 .text.UART_GetReceiveStatus
                0x0000280c       0x10 ./SDK/platform/pal/uart/src/uart_pal.o
                0x0000280c                UART_GetReceiveStatus
 .text.I2C_SlaveSetRxBuffer
                0x0000281c       0x1c ./SDK/platform/pal/i2c/src/i2c_pal.o
                0x0000281c                I2C_SlaveSetRxBuffer
 .text.I2C_SlaveSetTxBuffer
                0x00002838       0x1c ./SDK/platform/pal/i2c/src/i2c_pal.o
                0x00002838                I2C_SlaveSetTxBuffer
 .text.CAN_Init
                0x00002854      0x108 ./SDK/platform/pal/can/src/can_pal.o
                0x00002854                CAN_Init
 .text.CAN_ConfigTxBuff
                0x0000295c       0x88 ./SDK/platform/pal/can/src/can_pal.o
                0x0000295c                CAN_ConfigTxBuff
 .text.CAN_ConfigRxBuff
                0x000029e4       0x84 ./SDK/platform/pal/can/src/can_pal.o
                0x000029e4                CAN_ConfigRxBuff
 .text.CAN_Send
                0x00002a68       0x88 ./SDK/platform/pal/can/src/can_pal.o
                0x00002a68                CAN_Send
 .text.CAN_Receive
                0x00002af0       0x40 ./SDK/platform/pal/can/src/can_pal.o
                0x00002af0                CAN_Receive
 .text.CAN_GetTransferStatus
                0x00002b30       0x34 ./SDK/platform/pal/can/src/can_pal.o
                0x00002b30                CAN_GetTransferStatus
 .text.WDOG_Config
                0x00002b64       0xec ./SDK/platform/drivers/src/wdog/wdog_hw_access.o
                0x00002b64                WDOG_Config
 .text.WDOG_DRV_GetClockSourceFreq
                0x00002c50       0x48 ./SDK/platform/drivers/src/wdog/wdog_driver.o
 .text.WDOG_DRV_Init
                0x00002c98       0x68 ./SDK/platform/drivers/src/wdog/wdog_driver.o
                0x00002c98                WDOG_DRV_Init
 .text.WDOG_DRV_Trigger
                0x00002d00       0x34 ./SDK/platform/drivers/src/wdog/wdog_driver.o
                0x00002d00                WDOG_DRV_Trigger
 .text.PINS_Init
                0x00002d34      0x10c ./SDK/platform/drivers/src/pins/pins_port_hw_access.o
                0x00002d34                PINS_Init
 .text.PINS_DRV_Init
                0x00002e40       0x28 ./SDK/platform/drivers/src/pins/pins_driver.o
                0x00002e40                PINS_DRV_Init
 .text.LPUART0_IrqHandler
                0x00002e68        0xc ./SDK/platform/drivers/src/lpuart/lpuart_irq.o
                0x00002e68                LPUART0_IrqHandler
 .text.LPUART1_IrqHandler
                0x00002e74        0xc ./SDK/platform/drivers/src/lpuart/lpuart_irq.o
                0x00002e74                LPUART1_IrqHandler
 .text.LPUART2_IrqHandler
                0x00002e80        0xc ./SDK/platform/drivers/src/lpuart/lpuart_irq.o
                0x00002e80                LPUART2_IrqHandler
 .text.LPUART_Init
                0x00002e8c       0x24 ./SDK/platform/drivers/src/lpuart/lpuart_hw_access.o
                0x00002e8c                LPUART_Init
 .text.LPUART_SetBitCountPerChar
                0x00002eb0       0x24 ./SDK/platform/drivers/src/lpuart/lpuart_hw_access.o
                0x00002eb0                LPUART_SetBitCountPerChar
 .text.LPUART_SetParityMode
                0x00002ed4       0x20 ./SDK/platform/drivers/src/lpuart/lpuart_hw_access.o
                0x00002ed4                LPUART_SetParityMode
 .text.LPUART_Putchar9
                0x00002ef4       0x18 ./SDK/platform/drivers/src/lpuart/lpuart_hw_access.o
                0x00002ef4                LPUART_Putchar9
 .text.LPUART_Putchar10
                0x00002f0c       0x24 ./SDK/platform/drivers/src/lpuart/lpuart_hw_access.o
                0x00002f0c                LPUART_Putchar10
 .text.LPUART_Getchar9
                0x00002f30       0x20 ./SDK/platform/drivers/src/lpuart/lpuart_hw_access.o
                0x00002f30                LPUART_Getchar9
 .text.LPUART_Getchar10
                0x00002f50       0x2c ./SDK/platform/drivers/src/lpuart/lpuart_hw_access.o
                0x00002f50                LPUART_Getchar10
 .text.LPUART_SetIntMode
                0x00002f7c       0xb4 ./SDK/platform/drivers/src/lpuart/lpuart_hw_access.o
                0x00002f7c                LPUART_SetIntMode
 .text.LPUART_GetIntMode
                0x00003030       0x78 ./SDK/platform/drivers/src/lpuart/lpuart_hw_access.o
                0x00003030                LPUART_GetIntMode
 .text.LPUART_GetStatusFlag
                0x000030a8       0x78 ./SDK/platform/drivers/src/lpuart/lpuart_hw_access.o
                0x000030a8                LPUART_GetStatusFlag
 .text.LPUART_ClearStatusFlag
                0x00003120      0x138 ./SDK/platform/drivers/src/lpuart/lpuart_hw_access.o
                0x00003120                LPUART_ClearStatusFlag
 .text.LPUART_DRV_StartSendDataUsingInt
                0x00003258       0x68 ./SDK/platform/drivers/src/lpuart/lpuart_driver.o
 .text.LPUART_DRV_StartReceiveDataUsingInt
                0x000032c0       0x7c ./SDK/platform/drivers/src/lpuart/lpuart_driver.o
 .text.LPUART_DRV_StartSendDataUsingDma
                0x0000333c       0x84 ./SDK/platform/drivers/src/lpuart/lpuart_driver.o
 .text.LPUART_DRV_StartReceiveDataUsingDma
                0x000033c0       0x9c ./SDK/platform/drivers/src/lpuart/lpuart_driver.o
 .text.LPUART_DRV_CompleteSendDataUsingInt
                0x0000345c       0x44 ./SDK/platform/drivers/src/lpuart/lpuart_driver.o
 .text.LPUART_DRV_CompleteReceiveDataUsingInt
                0x000034a0       0x54 ./SDK/platform/drivers/src/lpuart/lpuart_driver.o
 .text.LPUART_DRV_CompleteSendDataUsingDma
                0x000034f4       0x50 ./SDK/platform/drivers/src/lpuart/lpuart_driver.o
 .text.LPUART_DRV_CompleteReceiveDataUsingDma
                0x00003544       0x5c ./SDK/platform/drivers/src/lpuart/lpuart_driver.o
 .text.LPUART_DRV_PutData
                0x000035a0       0x44 ./SDK/platform/drivers/src/lpuart/lpuart_driver.o
 .text.LPUART_DRV_GetData
                0x000035e4       0x60 ./SDK/platform/drivers/src/lpuart/lpuart_driver.o
 .text.LPUART_DRV_InstallRxCallback
                0x00003644       0x1c ./SDK/platform/drivers/src/lpuart/lpuart_driver.o
                0x00003644                LPUART_DRV_InstallRxCallback
 .text.LPUART_DRV_InstallTxCallback
                0x00003660       0x1c ./SDK/platform/drivers/src/lpuart/lpuart_driver.o
                0x00003660                LPUART_DRV_InstallTxCallback
 .text.LPUART_DRV_SendData
                0x0000367c       0x3c ./SDK/platform/drivers/src/lpuart/lpuart_driver.o
                0x0000367c                LPUART_DRV_SendData
 .text.LPUART_DRV_GetTransmitStatus
                0x000036b8       0x48 ./SDK/platform/drivers/src/lpuart/lpuart_driver.o
                0x000036b8                LPUART_DRV_GetTransmitStatus
 .text.LPUART_DRV_ReceiveData
                0x00003700       0x3c ./SDK/platform/drivers/src/lpuart/lpuart_driver.o
                0x00003700                LPUART_DRV_ReceiveData
 .text.LPUART_DRV_GetReceiveStatus
                0x0000373c       0x48 ./SDK/platform/drivers/src/lpuart/lpuart_driver.o
                0x0000373c                LPUART_DRV_GetReceiveStatus
 .text.LPUART_DRV_SetBaudRate
                0x00003784       0xd4 ./SDK/platform/drivers/src/lpuart/lpuart_driver.o
                0x00003784                LPUART_DRV_SetBaudRate
 .text.LPUART_DRV_Init
                0x00003858      0x124 ./SDK/platform/drivers/src/lpuart/lpuart_driver.o
                0x00003858                LPUART_DRV_Init
 .text.LPUART_DRV_IRQHandler
                0x0000397c      0x104 ./SDK/platform/drivers/src/lpuart/lpuart_driver.o
                0x0000397c                LPUART_DRV_IRQHandler
 .text.LPSPI_DRV_SlaveTransfer
                0x00003a80      0x1d8 ./SDK/platform/drivers/src/lpspi/lpspi_slave_driver.o
                0x00003a80                LPSPI_DRV_SlaveTransfer
 .text.LPSPI_DRV_SlaveAbortTransfer
                0x00003c58       0x80 ./SDK/platform/drivers/src/lpspi/lpspi_slave_driver.o
                0x00003c58                LPSPI_DRV_SlaveAbortTransfer
 .text.LPSPI_DRV_SlaveCompleteDMATransfer
                0x00003cd8       0x20 ./SDK/platform/drivers/src/lpspi/lpspi_slave_driver.o
 .text.LPSPI_DRV_SlaveIRQHandler
                0x00003cf8       0xc0 ./SDK/platform/drivers/src/lpspi/lpspi_slave_driver.o
                0x00003cf8                LPSPI_DRV_SlaveIRQHandler
 .text.LPSPI_DRV_IRQHandler
                0x00003db8       0x28 ./SDK/platform/drivers/src/lpspi/lpspi_shared_function.o
                0x00003db8                LPSPI_DRV_IRQHandler
 .text.LPSPI_DRV_FillupTxBuffer
                0x00003de0       0xd8 ./SDK/platform/drivers/src/lpspi/lpspi_shared_function.o
                0x00003de0                LPSPI_DRV_FillupTxBuffer
 .text.LPSPI_DRV_ReadRXBuffer
                0x00003eb8      0x118 ./SDK/platform/drivers/src/lpspi/lpspi_shared_function.o
                0x00003eb8                LPSPI_DRV_ReadRXBuffer
 .text.LPSPI_DRV_DisableTEIEInterrupts
                0x00003fd0       0x30 ./SDK/platform/drivers/src/lpspi/lpspi_shared_function.o
                0x00003fd0                LPSPI_DRV_DisableTEIEInterrupts
 .text.LPSPI_DRV_MasterClearCountinuous
                0x00004000       0x14 ./SDK/platform/drivers/src/lpspi/lpspi_master_driver.o
 .text.LPSPI_DRV_MasterStartTransfer
                0x00004014      0x1d4 ./SDK/platform/drivers/src/lpspi/lpspi_master_driver.o
 .text.LPSPI_DRV_MasterCompleteTransfer
                0x000041e8       0x74 ./SDK/platform/drivers/src/lpspi/lpspi_master_driver.o
 .text.LPSPI_DRV_MasterCompleteDMATransfer
                0x0000425c        0x8 ./SDK/platform/drivers/src/lpspi/lpspi_master_driver.o
 .text.LPSPI_DRV_MasterConfigureBus
                0x00004264      0x120 ./SDK/platform/drivers/src/lpspi/lpspi_master_driver.o
                0x00004264                LPSPI_DRV_MasterConfigureBus
 .text.LPSPI_DRV_MasterInit
                0x00004384       0x90 ./SDK/platform/drivers/src/lpspi/lpspi_master_driver.o
                0x00004384                LPSPI_DRV_MasterInit
 .text.LPSPI_DRV_MasterTransfer
                0x00004414       0x28 ./SDK/platform/drivers/src/lpspi/lpspi_master_driver.o
                0x00004414                LPSPI_DRV_MasterTransfer
 .text.LPSPI_DRV_MasterAbortTransfer
                0x0000443c       0x40 ./SDK/platform/drivers/src/lpspi/lpspi_master_driver.o
                0x0000443c                LPSPI_DRV_MasterAbortTransfer
 .text.LPSPI_DRV_MasterIRQHandler
                0x0000447c       0xa4 ./SDK/platform/drivers/src/lpspi/lpspi_master_driver.o
                0x0000447c                LPSPI_DRV_MasterIRQHandler
 .text.LPSPI0_IRQHandler
                0x00004520        0xc ./SDK/platform/drivers/src/lpspi/lpspi_irq.o
                0x00004520                LPSPI0_IRQHandler
 .text.LPSPI1_IRQHandler
                0x0000452c        0xc ./SDK/platform/drivers/src/lpspi/lpspi_irq.o
                0x0000452c                LPSPI1_IRQHandler
 .text.LPSPI2_IRQHandler
                0x00004538        0xc ./SDK/platform/drivers/src/lpspi/lpspi_irq.o
                0x00004538                LPSPI2_IRQHandler
 .text.LPSPI_Init
                0x00004544        0xc ./SDK/platform/drivers/src/lpspi/lpspi_hw_access.o
                0x00004544                LPSPI_Init
 .text.LPSPI_Disable
                0x00004550       0x18 ./SDK/platform/drivers/src/lpspi/lpspi_hw_access.o
                0x00004550                LPSPI_Disable
 .text.LPSPI_SetMasterSlaveMode
                0x00004568       0x1c ./SDK/platform/drivers/src/lpspi/lpspi_hw_access.o
                0x00004568                LPSPI_SetMasterSlaveMode
 .text.LPSPI_GetFifoSizes
                0x00004584       0x24 ./SDK/platform/drivers/src/lpspi/lpspi_hw_access.o
                0x00004584                LPSPI_GetFifoSizes
 .text.LPSPI_SetFlushFifoCmd
                0x000045a8       0x10 ./SDK/platform/drivers/src/lpspi/lpspi_hw_access.o
                0x000045a8                LPSPI_SetFlushFifoCmd
 .text.LPSPI_ClearStatusFlag
                0x000045b8       0x30 ./SDK/platform/drivers/src/lpspi/lpspi_hw_access.o
                0x000045b8                LPSPI_ClearStatusFlag
 .text.LPSPI_SetPcsPolarityMode
                0x000045e8       0x2c ./SDK/platform/drivers/src/lpspi/lpspi_hw_access.o
                0x000045e8                LPSPI_SetPcsPolarityMode
 .text.LPSPI_SetPinConfigMode
                0x00004614       0x30 ./SDK/platform/drivers/src/lpspi/lpspi_hw_access.o
                0x00004614                LPSPI_SetPinConfigMode
 .text.LPSPI_SetDelay
                0x00004644       0x3c ./SDK/platform/drivers/src/lpspi/lpspi_hw_access.o
                0x00004644                LPSPI_SetDelay
 .text.LPSPI_SetBaudRate
                0x00004680       0xc4 ./SDK/platform/drivers/src/lpspi/lpspi_hw_access.o
                0x00004680                LPSPI_SetBaudRate
 .text.LPSPI_SetTxCommandReg
                0x00004744       0x4c ./SDK/platform/drivers/src/lpspi/lpspi_hw_access.o
                0x00004744                LPSPI_SetTxCommandReg
 .text.LPI2C0_Master_IRQHandler
                0x00004790        0xc ./SDK/platform/drivers/src/lpi2c/lpi2c_irq.o
                0x00004790                LPI2C0_Master_IRQHandler
 .text.LPI2C0_Slave_IRQHandler
                0x0000479c        0xc ./SDK/platform/drivers/src/lpi2c/lpi2c_irq.o
                0x0000479c                LPI2C0_Slave_IRQHandler
 .text.LPI2C_DRV_MasterQueueData
                0x000047a8       0x5c ./SDK/platform/drivers/src/lpi2c/lpi2c_driver.o
 .text.LPI2C_DRV_MasterEndTransfer
                0x00004804       0x68 ./SDK/platform/drivers/src/lpi2c/lpi2c_driver.o
 .text.LPI2C_DRV_SlaveEndTransfer
                0x0000486c       0x58 ./SDK/platform/drivers/src/lpi2c/lpi2c_driver.o
 .text.LPI2C_DRV_ConfigureDmaTransfer
                0x000048c4       0x60 ./SDK/platform/drivers/src/lpi2c/lpi2c_driver.o
 .text.LPI2C_DRV_SlaveStartDmaTransfer
                0x00004924       0x9c ./SDK/platform/drivers/src/lpi2c/lpi2c_driver.o
 .text.LPI2C_DRV_MasterIRQHandler
                0x000049c0      0x248 ./SDK/platform/drivers/src/lpi2c/lpi2c_driver.o
                0x000049c0                LPI2C_DRV_MasterIRQHandler
 .text.LPI2C_DRV_SlaveSetTxBuffer
                0x00004c08       0x30 ./SDK/platform/drivers/src/lpi2c/lpi2c_driver.o
                0x00004c08                LPI2C_DRV_SlaveSetTxBuffer
 .text.LPI2C_DRV_SlaveSetRxBuffer
                0x00004c38       0x30 ./SDK/platform/drivers/src/lpi2c/lpi2c_driver.o
                0x00004c38                LPI2C_DRV_SlaveSetRxBuffer
 .text.LPI2C_DRV_SlaveIRQHandler
                0x00004c68      0x244 ./SDK/platform/drivers/src/lpi2c/lpi2c_driver.o
                0x00004c68                LPI2C_DRV_SlaveIRQHandler
 .text.INT_SYS_InstallHandler
                0x00004eac       0x48 ./SDK/platform/drivers/src/interrupt/interrupt_manager.o
                0x00004eac                INT_SYS_InstallHandler
 .text.INT_SYS_EnableIRQ
                0x00004ef4       0x2c ./SDK/platform/drivers/src/interrupt/interrupt_manager.o
                0x00004ef4                INT_SYS_EnableIRQ
 .text.INT_SYS_DisableIRQ
                0x00004f20       0x2c ./SDK/platform/drivers/src/interrupt/interrupt_manager.o
                0x00004f20                INT_SYS_DisableIRQ
 .text.INT_SYS_EnableIRQGlobal
                0x00004f4c       0x1c ./SDK/platform/drivers/src/interrupt/interrupt_manager.o
                0x00004f4c                INT_SYS_EnableIRQGlobal
 .text.INT_SYS_DisableIRQGlobal
                0x00004f68       0x10 ./SDK/platform/drivers/src/interrupt/interrupt_manager.o
                0x00004f68                INT_SYS_DisableIRQGlobal
 .text.FTM_DRV_UpdatePwmChannel
                0x00004f78      0x178 ./SDK/platform/drivers/src/ftm/ftm_pwm_driver.o
                0x00004f78                FTM_DRV_UpdatePwmChannel
 .text.FTM_DRV_InitPwm
                0x000050f0      0x728 ./SDK/platform/drivers/src/ftm/ftm_pwm_driver.o
                0x000050f0                FTM_DRV_InitPwm
 .text.FTM_DRV_InitModule
                0x00005818       0x18 ./SDK/platform/drivers/src/ftm/ftm_hw_access.o
                0x00005818                FTM_DRV_InitModule
 .text.FTM_DRV_Reset
                0x00005830       0x68 ./SDK/platform/drivers/src/ftm/ftm_hw_access.o
                0x00005830                FTM_DRV_Reset
 .text.FTM_DRV_SetChnTriggerCmd
                0x00005898       0x38 ./SDK/platform/drivers/src/ftm/ftm_hw_access.o
                0x00005898                FTM_DRV_SetChnTriggerCmd
 .text.FTM_DRV_SetHardwareSyncTriggerSrc
                0x000058d0       0x24 ./SDK/platform/drivers/src/ftm/ftm_common.o
 .text.FTM_DRV_SetSync
                0x000058f4      0x1a0 ./SDK/platform/drivers/src/ftm/ftm_common.o
                0x000058f4                FTM_DRV_SetSync
 .text.FTM_DRV_GetFrequency
                0x00005a94       0x94 ./SDK/platform/drivers/src/ftm/ftm_common.o
                0x00005a94                FTM_DRV_GetFrequency
 .text.FTM_DRV_Init
                0x00005b28       0xf4 ./SDK/platform/drivers/src/ftm/ftm_common.o
                0x00005b28                FTM_DRV_Init
 .text.FTM_DRV_ConvertFreqToPeriodTicks
                0x00005c1c       0x24 ./SDK/platform/drivers/src/ftm/ftm_common.o
                0x00005c1c                FTM_DRV_ConvertFreqToPeriodTicks
 .text.FLEXIO_IRQHandler
                0x00005c40       0x54 ./SDK/platform/drivers/src/flexio/flexio_common.o
                0x00005c40                FLEXIO_IRQHandler
 .text.CAN0_ORed_IRQHandler
                0x00005c94        0xc ./SDK/platform/drivers/src/flexcan/flexcan_irq.o
                0x00005c94                CAN0_ORed_IRQHandler
 .text.CAN0_Error_IRQHandler
                0x00005ca0        0xc ./SDK/platform/drivers/src/flexcan/flexcan_irq.o
                0x00005ca0                CAN0_Error_IRQHandler
 .text.CAN0_Wake_Up_IRQHandler
                0x00005cac        0xc ./SDK/platform/drivers/src/flexcan/flexcan_irq.o
                0x00005cac                CAN0_Wake_Up_IRQHandler
 .text.CAN0_ORed_0_15_MB_IRQHandler
                0x00005cb8        0xc ./SDK/platform/drivers/src/flexcan/flexcan_irq.o
                0x00005cb8                CAN0_ORed_0_15_MB_IRQHandler
 .text.CAN0_ORed_16_31_MB_IRQHandler
                0x00005cc4        0xc ./SDK/platform/drivers/src/flexcan/flexcan_irq.o
                0x00005cc4                CAN0_ORed_16_31_MB_IRQHandler
 .text.CAN1_ORed_IRQHandler
                0x00005cd0        0xc ./SDK/platform/drivers/src/flexcan/flexcan_irq.o
                0x00005cd0                CAN1_ORed_IRQHandler
 .text.CAN1_Error_IRQHandler
                0x00005cdc        0xc ./SDK/platform/drivers/src/flexcan/flexcan_irq.o
                0x00005cdc                CAN1_Error_IRQHandler
 .text.CAN1_ORed_0_15_MB_IRQHandler
                0x00005ce8        0xc ./SDK/platform/drivers/src/flexcan/flexcan_irq.o
                0x00005ce8                CAN1_ORed_0_15_MB_IRQHandler
 .text.CAN2_ORed_IRQHandler
                0x00005cf4        0xc ./SDK/platform/drivers/src/flexcan/flexcan_irq.o
                0x00005cf4                CAN2_ORed_IRQHandler
 .text.CAN2_Error_IRQHandler
                0x00005d00        0xc ./SDK/platform/drivers/src/flexcan/flexcan_irq.o
                0x00005d00                CAN2_Error_IRQHandler
 .text.CAN2_ORed_0_15_MB_IRQHandler
                0x00005d0c        0xc ./SDK/platform/drivers/src/flexcan/flexcan_irq.o
                0x00005d0c                CAN2_ORed_0_15_MB_IRQHandler
 .text.FLEXCAN_ComputePayloadSize
                0x00005d18       0x44 ./SDK/platform/drivers/src/flexcan/flexcan_hw_access.o
 .text.FLEXCAN_GetMaxMbNum
                0x00005d5c       0x40 ./SDK/platform/drivers/src/flexcan/flexcan_hw_access.o
 .text.FLEXCAN_Enable
                0x00005d9c       0x2c ./SDK/platform/drivers/src/flexcan/flexcan_hw_access.o
                0x00005d9c                FLEXCAN_Enable
 .text.FLEXCAN_Disable
                0x00005dc8       0x18 ./SDK/platform/drivers/src/flexcan/flexcan_hw_access.o
                0x00005dc8                FLEXCAN_Disable
 .text.FLEXCAN_Init
                0x00005de0       0x5c ./SDK/platform/drivers/src/flexcan/flexcan_hw_access.o
                0x00005de0                FLEXCAN_Init
 .text.FLEXCAN_EnableRxFifo
                0x00005e3c       0x44 ./SDK/platform/drivers/src/flexcan/flexcan_hw_access.o
                0x00005e3c                FLEXCAN_EnableRxFifo
 .text.FLEXCAN_SetRxFifoFilter
                0x00005e80      0x16c ./SDK/platform/drivers/src/flexcan/flexcan_hw_access.o
                0x00005e80                FLEXCAN_SetRxFifoFilter
 .text.FLEXCAN_SetMsgBuffIntCmd
                0x00005fec       0x40 ./SDK/platform/drivers/src/flexcan/flexcan_hw_access.o
                0x00005fec                FLEXCAN_SetMsgBuffIntCmd
 .text.FLEXCAN_SetErrIntCmd
                0x0000602c       0x28 ./SDK/platform/drivers/src/flexcan/flexcan_hw_access.o
                0x0000602c                FLEXCAN_SetErrIntCmd
 .text.FLEXCAN_ExitFreezeMode
                0x00006054       0x1c ./SDK/platform/drivers/src/flexcan/flexcan_hw_access.o
                0x00006054                FLEXCAN_ExitFreezeMode
 .text.FLEXCAN_EnterFreezeMode
                0x00006070       0x1c ./SDK/platform/drivers/src/flexcan/flexcan_hw_access.o
                0x00006070                FLEXCAN_EnterFreezeMode
 .text.FLEXCAN_ClearErrIntStatusFlag
                0x0000608c       0x10 ./SDK/platform/drivers/src/flexcan/flexcan_hw_access.o
                0x0000608c                FLEXCAN_ClearErrIntStatusFlag
 .text.FLEXCAN_ReadRxFifo
                0x0000609c       0x54 ./SDK/platform/drivers/src/flexcan/flexcan_hw_access.o
                0x0000609c                FLEXCAN_ReadRxFifo
 .text.FLEXCAN_SetOperationMode
                0x000060f0       0x5c ./SDK/platform/drivers/src/flexcan/flexcan_hw_access.o
                0x000060f0                FLEXCAN_SetOperationMode
 .text.FLEXCAN_SetPayloadSize
                0x0000614c       0x30 ./SDK/platform/drivers/src/flexcan/flexcan_hw_access.o
                0x0000614c                FLEXCAN_SetPayloadSize
 .text.FLEXCAN_GetPayloadSize
                0x0000617c       0x20 ./SDK/platform/drivers/src/flexcan/flexcan_hw_access.o
                0x0000617c                FLEXCAN_GetPayloadSize
 .text.FLEXCAN_GetMsgBuffRegion
                0x0000619c       0x30 ./SDK/platform/drivers/src/flexcan/flexcan_hw_access.o
 .text.FLEXCAN_SetTxMsgBuff
                0x000061cc      0x1e8 ./SDK/platform/drivers/src/flexcan/flexcan_hw_access.o
                0x000061cc                FLEXCAN_SetTxMsgBuff
 .text.FLEXCAN_SetRxMsgBuff
                0x000063b4       0xd0 ./SDK/platform/drivers/src/flexcan/flexcan_hw_access.o
                0x000063b4                FLEXCAN_SetRxMsgBuff
 .text.FLEXCAN_GetMsgBuff
                0x00006484       0xc8 ./SDK/platform/drivers/src/flexcan/flexcan_hw_access.o
                0x00006484                FLEXCAN_GetMsgBuff
 .text.FLEXCAN_LockRxMsgBuff
                0x0000654c       0x20 ./SDK/platform/drivers/src/flexcan/flexcan_hw_access.o
                0x0000654c                FLEXCAN_LockRxMsgBuff
 .text.FLEXCAN_SetMaxMsgBuffNum
                0x0000656c       0x8c ./SDK/platform/drivers/src/flexcan/flexcan_hw_access.o
                0x0000656c                FLEXCAN_SetMaxMsgBuffNum
 .text.FLEXCAN_SetTimeSegments
                0x000065f8       0x4c ./SDK/platform/drivers/src/flexcan/flexcan_driver.o
 .text.FLEXCAN_SetExtendedTimeSegments
                0x00006644       0x50 ./SDK/platform/drivers/src/flexcan/flexcan_driver.o
 .text.FLEXCAN_SetFDTimeSegments
                0x00006694       0x5c ./SDK/platform/drivers/src/flexcan/flexcan_driver.o
 .text.FLEXCAN_StartSendData
                0x000066f0       0x88 ./SDK/platform/drivers/src/flexcan/flexcan_driver.o
 .text.FLEXCAN_StartRxMessageBufferData
                0x00006778       0x5c ./SDK/platform/drivers/src/flexcan/flexcan_driver.o
 .text.FLEXCAN_StartRxMessageFifoData
                0x000067d4       0xc8 ./SDK/platform/drivers/src/flexcan/flexcan_driver.o
 .text.FLEXCAN_CompleteRxMessageFifoData
                0x0000689c       0x94 ./SDK/platform/drivers/src/flexcan/flexcan_driver.o
 .text.FLEXCAN_CompleteRxFifoDataDMA
                0x00006930        0xc ./SDK/platform/drivers/src/flexcan/flexcan_driver.o
 .text.FLEXCAN_CompleteTransfer
                0x0000693c       0x50 ./SDK/platform/drivers/src/flexcan/flexcan_driver.o
 .text.FLEXCAN_DRV_Init
                0x0000698c      0x234 ./SDK/platform/drivers/src/flexcan/flexcan_driver.o
                0x0000698c                FLEXCAN_DRV_Init
 .text.FLEXCAN_DRV_ConfigTxMb
                0x00006bc0       0x44 ./SDK/platform/drivers/src/flexcan/flexcan_driver.o
                0x00006bc0                FLEXCAN_DRV_ConfigTxMb
 .text.FLEXCAN_DRV_Send
                0x00006c04       0x50 ./SDK/platform/drivers/src/flexcan/flexcan_driver.o
                0x00006c04                FLEXCAN_DRV_Send
 .text.FLEXCAN_DRV_ConfigRxMb
                0x00006c54       0x74 ./SDK/platform/drivers/src/flexcan/flexcan_driver.o
                0x00006c54                FLEXCAN_DRV_ConfigRxMb
 .text.FLEXCAN_DRV_ConfigRxFifo
                0x00006cc8       0x30 ./SDK/platform/drivers/src/flexcan/flexcan_driver.o
                0x00006cc8                FLEXCAN_DRV_ConfigRxFifo
 .text.FLEXCAN_DRV_Receive
                0x00006cf8       0x14 ./SDK/platform/drivers/src/flexcan/flexcan_driver.o
                0x00006cf8                FLEXCAN_DRV_Receive
 .text.FLEXCAN_DRV_RxFifo
                0x00006d0c       0x14 ./SDK/platform/drivers/src/flexcan/flexcan_driver.o
                0x00006d0c                FLEXCAN_DRV_RxFifo
 .text.FLEXCAN_IRQHandler
                0x00006d20      0x178 ./SDK/platform/drivers/src/flexcan/flexcan_driver.o
                0x00006d20                FLEXCAN_IRQHandler
 .text.FLEXCAN_WakeUpHandler
                0x00006e98       0x78 ./SDK/platform/drivers/src/flexcan/flexcan_driver.o
                0x00006e98                FLEXCAN_WakeUpHandler
 .text.FLEXCAN_DRV_GetTransferStatus
                0x00006f10       0x24 ./SDK/platform/drivers/src/flexcan/flexcan_driver.o
                0x00006f10                FLEXCAN_DRV_GetTransferStatus
 .text.DMA0_IRQHandler
                0x00006f34        0xc ./SDK/platform/drivers/src/edma/edma_irq.o
                0x00006f34                DMA0_IRQHandler
 .text.DMA1_IRQHandler
                0x00006f40        0xc ./SDK/platform/drivers/src/edma/edma_irq.o
                0x00006f40                DMA1_IRQHandler
 .text.DMA2_IRQHandler
                0x00006f4c        0xc ./SDK/platform/drivers/src/edma/edma_irq.o
                0x00006f4c                DMA2_IRQHandler
 .text.DMA3_IRQHandler
                0x00006f58        0xc ./SDK/platform/drivers/src/edma/edma_irq.o
                0x00006f58                DMA3_IRQHandler
 .text.DMA4_IRQHandler
                0x00006f64        0xc ./SDK/platform/drivers/src/edma/edma_irq.o
                0x00006f64                DMA4_IRQHandler
 .text.DMA5_IRQHandler
                0x00006f70        0xc ./SDK/platform/drivers/src/edma/edma_irq.o
                0x00006f70                DMA5_IRQHandler
 .text.DMA6_IRQHandler
                0x00006f7c        0xc ./SDK/platform/drivers/src/edma/edma_irq.o
                0x00006f7c                DMA6_IRQHandler
 .text.DMA7_IRQHandler
                0x00006f88        0xc ./SDK/platform/drivers/src/edma/edma_irq.o
                0x00006f88                DMA7_IRQHandler
 .text.DMA8_IRQHandler
                0x00006f94        0xc ./SDK/platform/drivers/src/edma/edma_irq.o
                0x00006f94                DMA8_IRQHandler
 .text.DMA9_IRQHandler
                0x00006fa0        0xc ./SDK/platform/drivers/src/edma/edma_irq.o
                0x00006fa0                DMA9_IRQHandler
 .text.DMA10_IRQHandler
                0x00006fac        0xc ./SDK/platform/drivers/src/edma/edma_irq.o
                0x00006fac                DMA10_IRQHandler
 .text.DMA11_IRQHandler
                0x00006fb8        0xc ./SDK/platform/drivers/src/edma/edma_irq.o
                0x00006fb8                DMA11_IRQHandler
 .text.DMA12_IRQHandler
                0x00006fc4        0xc ./SDK/platform/drivers/src/edma/edma_irq.o
                0x00006fc4                DMA12_IRQHandler
 .text.DMA13_IRQHandler
                0x00006fd0        0xc ./SDK/platform/drivers/src/edma/edma_irq.o
                0x00006fd0                DMA13_IRQHandler
 .text.DMA14_IRQHandler
                0x00006fdc        0xc ./SDK/platform/drivers/src/edma/edma_irq.o
                0x00006fdc                DMA14_IRQHandler
 .text.DMA15_IRQHandler
                0x00006fe8        0xc ./SDK/platform/drivers/src/edma/edma_irq.o
                0x00006fe8                DMA15_IRQHandler
 .text.DMA_Error_IRQHandler
                0x00006ff4       0x24 ./SDK/platform/drivers/src/edma/edma_irq.o
                0x00006ff4                DMA_Error_IRQHandler
 .text.EDMA_SetErrorIntCmd
                0x00007018        0xc ./SDK/platform/drivers/src/edma/edma_hw_access.o
                0x00007018                EDMA_SetErrorIntCmd
 .text.EDMA_SetDmaRequestCmd
                0x00007024        0xc ./SDK/platform/drivers/src/edma/edma_hw_access.o
                0x00007024                EDMA_SetDmaRequestCmd
 .text.EDMA_TCDClearReg
                0x00007030       0x3c ./SDK/platform/drivers/src/edma/edma_hw_access.o
                0x00007030                EDMA_TCDClearReg
 .text.EDMA_Init
                0x0000706c       0x24 ./SDK/platform/drivers/src/edma/edma_hw_access.o
                0x0000706c                EDMA_Init
 .text.EDMA_TCDSetAttribute
                0x00007090       0x38 ./SDK/platform/drivers/src/edma/edma_hw_access.o
                0x00007090                EDMA_TCDSetAttribute
 .text.EDMA_TCDSetNbytes
                0x000070c8       0x64 ./SDK/platform/drivers/src/edma/edma_hw_access.o
                0x000070c8                EDMA_TCDSetNbytes
 .text.EDMA_TCDSetMajorCount
                0x0000712c       0x6c ./SDK/platform/drivers/src/edma/edma_hw_access.o
                0x0000712c                EDMA_TCDSetMajorCount
 .text.EDMA_TCDGetCurrentMajorCount
                0x00007198       0x30 ./SDK/platform/drivers/src/edma/edma_hw_access.o
                0x00007198                EDMA_TCDGetCurrentMajorCount
 .text.DMAMUX_Init
                0x000071c8       0x10 ./SDK/platform/drivers/src/edma/edma_hw_access.o
                0x000071c8                DMAMUX_Init
 .text.EDMA_DRV_ClearIntStatus
                0x000071d8       0x20 ./SDK/platform/drivers/src/edma/edma_driver.o
 .text.EDMA_DRV_InstallCallback
                0x000071f8       0x30 ./SDK/platform/drivers/src/edma/edma_driver.o
                0x000071f8                EDMA_DRV_InstallCallback
 .text.EDMA_DRV_ChannelInit
                0x00007228       0xe8 ./SDK/platform/drivers/src/edma/edma_driver.o
                0x00007228                EDMA_DRV_ChannelInit
 .text.EDMA_DRV_Init
                0x00007310       0xf8 ./SDK/platform/drivers/src/edma/edma_driver.o
                0x00007310                EDMA_DRV_Init
 .text.EDMA_DRV_IRQHandler
                0x00007408       0x20 ./SDK/platform/drivers/src/edma/edma_driver.o
                0x00007408                EDMA_DRV_IRQHandler
 .text.EDMA_DRV_ErrorIRQHandler
                0x00007428       0x48 ./SDK/platform/drivers/src/edma/edma_driver.o
                0x00007428                EDMA_DRV_ErrorIRQHandler
 .text.EDMA_DRV_ConfigSingleBlockTransfer
                0x00007470      0x1a0 ./SDK/platform/drivers/src/edma/edma_driver.o
                0x00007470                EDMA_DRV_ConfigSingleBlockTransfer
 .text.EDMA_DRV_ConfigMultiBlockTransfer
                0x00007610       0x6c ./SDK/platform/drivers/src/edma/edma_driver.o
                0x00007610                EDMA_DRV_ConfigMultiBlockTransfer
 .text.EDMA_DRV_StartChannel
                0x0000767c       0x38 ./SDK/platform/drivers/src/edma/edma_driver.o
                0x0000767c                EDMA_DRV_StartChannel
 .text.EDMA_DRV_StopChannel
                0x000076b4       0x38 ./SDK/platform/drivers/src/edma/edma_driver.o
                0x000076b4                EDMA_DRV_StopChannel
 .text.EDMA_DRV_SetChannelRequest
                0x000076ec       0x40 ./SDK/platform/drivers/src/edma/edma_driver.o
                0x000076ec                EDMA_DRV_SetChannelRequest
 .text.EDMA_DRV_SetSrcLastAddrAdjustment
                0x0000772c       0x30 ./SDK/platform/drivers/src/edma/edma_driver.o
                0x0000772c                EDMA_DRV_SetSrcLastAddrAdjustment
 .text.EDMA_DRV_GetRemainingMajorIterationsCount
                0x0000775c       0x34 ./SDK/platform/drivers/src/edma/edma_driver.o
                0x0000775c                EDMA_DRV_GetRemainingMajorIterationsCount
 .text.EDMA_DRV_GetDmaRegBaseAddr
                0x00007790       0x10 ./SDK/platform/drivers/src/edma/edma_driver.o
                0x00007790                EDMA_DRV_GetDmaRegBaseAddr
 .text.CLOCK_SYS_Init
                0x000077a0       0x28 ./SDK/platform/drivers/src/clock/clock_manager.o
                0x000077a0                CLOCK_SYS_Init
 .text.CLOCK_SYS_UpdateConfiguration
                0x000077c8      0x104 ./SDK/platform/drivers/src/clock/clock_manager.o
                0x000077c8                CLOCK_SYS_UpdateConfiguration
 .text.CLOCK_SYS_GetCurrentRunMode
                0x000078cc       0x24 ./SDK/platform/drivers/src/clock/S32K1xx/clock_S32K1xx.o
 .text.CLOCK_SYS_GetSysOscFreq
                0x000078f0       0x1c ./SDK/platform/drivers/src/clock/S32K1xx/clock_S32K1xx.o
 .text.CLOCK_SYS_ConfigureSOSC
                0x0000790c      0x12c ./SDK/platform/drivers/src/clock/S32K1xx/clock_S32K1xx.o
 .text.CLOCK_SYS_GetSircFreq
                0x00007a38       0x34 ./SDK/platform/drivers/src/clock/S32K1xx/clock_S32K1xx.o
 .text.CLOCK_SYS_ConfigureSIRC
                0x00007a6c       0xc0 ./SDK/platform/drivers/src/clock/S32K1xx/clock_S32K1xx.o
 .text.CLOCK_SYS_GetFircFreq
                0x00007b2c       0x2c ./SDK/platform/drivers/src/clock/S32K1xx/clock_S32K1xx.o
 .text.CLOCK_SYS_ConfigureFIRC
                0x00007b58       0xb8 ./SDK/platform/drivers/src/clock/S32K1xx/clock_S32K1xx.o
 .text.CLOCK_SYS_GetSysPllFreq
                0x00007c10       0x44 ./SDK/platform/drivers/src/clock/S32K1xx/clock_S32K1xx.o
 .text.CLOCK_SYS_ConfigureSPLL
                0x00007c54      0x130 ./SDK/platform/drivers/src/clock/S32K1xx/clock_S32K1xx.o
 .text.CLOCK_SYS_SetSystemClockConfig
                0x00007d84      0x178 ./SDK/platform/drivers/src/clock/S32K1xx/clock_S32K1xx.o
 .text.CLOCK_SYS_TransitionSystemClock
                0x00007efc       0x54 ./SDK/platform/drivers/src/clock/S32K1xx/clock_S32K1xx.o
 .text.CLOCK_SYS_GetSystemClockFreq
                0x00007f50       0x84 ./SDK/platform/drivers/src/clock/S32K1xx/clock_S32K1xx.o
 .text.CLOCK_SYS_GetScgClkOutFreq
                0x00007fd4       0x4c ./SDK/platform/drivers/src/clock/S32K1xx/clock_S32K1xx.o
 .text.CLOCK_SYS_GetSysAsyncFreq
                0x00008020       0xd4 ./SDK/platform/drivers/src/clock/S32K1xx/clock_S32K1xx.o
 .text.CLOCK_SYS_GetSimRtcClkFreq
                0x000080f4       0x54 ./SDK/platform/drivers/src/clock/S32K1xx/clock_S32K1xx.o
 .text.CLOCK_SYS_GetPeripheralClock
                0x00008148       0x80 ./SDK/platform/drivers/src/clock/S32K1xx/clock_S32K1xx.o
 .text.CLOCK_SYS_GetLpoFreq
                0x000081c8       0x54 ./SDK/platform/drivers/src/clock/S32K1xx/clock_S32K1xx.o
 .text.CLOCK_SYS_GetSimClkOutFreq
                0x0000821c       0x94 ./SDK/platform/drivers/src/clock/S32K1xx/clock_S32K1xx.o
 .text.CLOCK_SYS_SetConfiguration
                0x000082b0      0x5a0 ./SDK/platform/drivers/src/clock/S32K1xx/clock_S32K1xx.o
                0x000082b0                CLOCK_SYS_SetConfiguration
 .text.CLOCK_SYS_GetFreq
                0x00008850      0x40c ./SDK/platform/drivers/src/clock/S32K1xx/clock_S32K1xx.o
                0x00008850                CLOCK_SYS_GetFreq
 .text.init_data_bss
                0x00008c5c       0xb0 ./SDK/platform/devices/startup.o
                0x00008c5c                init_data_bss
 .text.SystemInit
                0x00008d0c       0x3c ./SDK/platform/devices/S32K144/startup/system_S32K144.o
                0x00008d0c                SystemInit
 .text.memset   0x00008d48       0x10 C:/NXP/S32DS_ARM_v2018.R1/Cross_Tools/gcc-arm-none-eabi-4_9/arm-none-eabi/newlib/lib/armv7e-m/fpu\libc_nano.a(lib_a-memset.o)
                0x00008d48                memset
 .text.rand     0x00008d58       0x74 C:/NXP/S32DS_ARM_v2018.R1/Cross_Tools/gcc-arm-none-eabi-4_9/arm-none-eabi/newlib/lib/armv7e-m/fpu\libc_nano.a(lib_a-rand.o)
                0x00008d58                rand
 .text.malloc   0x00008dcc       0x10 C:/NXP/S32DS_ARM_v2018.R1/Cross_Tools/gcc-arm-none-eabi-4_9/arm-none-eabi/newlib/lib/armv7e-m/fpu\libc_nano.a(lib_a-malloc.o)
                0x00008dcc                malloc
 .text._malloc_r
                0x00008ddc       0xac C:/NXP/S32DS_ARM_v2018.R1/Cross_Tools/gcc-arm-none-eabi-4_9/arm-none-eabi/newlib/lib/armv7e-m/fpu\libc_nano.a(lib_a-nano-mallocr.o)
                0x00008ddc                _malloc_r
 .text._sbrk_r  0x00008e88       0x20 C:/NXP/S32DS_ARM_v2018.R1/Cross_Tools/gcc-arm-none-eabi-4_9/arm-none-eabi/newlib/lib/armv7e-m/fpu\libc_nano.a(lib_a-sbrkr.o)
                0x00008e88                _sbrk_r
 .text._sbrk    0x00008ea8       0x48 C:/NXP/S32DS_ARM_v2018.R1/Cross_Tools/gcc-arm-none-eabi-4_9/arm-none-eabi/newlib/lib/armv7e-m/fpu\librdimon_nano.a(rdimon-syscalls.o)
                0x00008ea8                _sbrk
 .text.__errno  0x00008ef0        0xc C:/NXP/S32DS_ARM_v2018.R1/Cross_Tools/gcc-arm-none-eabi-4_9/arm-none-eabi/newlib/lib/armv7e-m/fpu\libc_nano.a(lib_a-errno.o)
                0x00008ef0                __errno
 *(.rodata)
 .rodata        0x00008efc       0x10 ./Sources/uart_receiver.o
 .rodata        0x00008f0c       0x20 ./Sources/test.o
 .rodata        0x00008f2c        0x9 ./Sources/ledstrip.o
 *fill*         0x00008f35        0x3 
 .rodata        0x00008f38       0x18 ./SDK/platform/drivers/src/flexcan/flexcan_hw_access.o
 *(.rodata*)
 .rodata.s_lpuartBase
                0x00008f50        0xc ./SDK/platform/drivers/src/lpuart/lpuart_driver.o
 .rodata.s_lpuartRxTxIrqId
                0x00008f5c        0x3 ./SDK/platform/drivers/src/lpuart/lpuart_driver.o
 *fill*         0x00008f5f        0x1 
 .rodata.s_lpuartClkNames
                0x00008f60        0x3 ./SDK/platform/drivers/src/lpuart/lpuart_driver.o
 *fill*         0x00008f63        0x1 
 .rodata.s_baudratePrescaler
                0x00008f64       0x20 ./SDK/platform/drivers/src/lpspi/lpspi_hw_access.o
 .rodata.g_lpi2cDMASrc
                0x00008f84        0x2 ./SDK/platform/drivers/src/lpi2c/lpi2c_driver.o
                0x00008f84                g_lpi2cDMASrc
 *fill*         0x00008f86        0x2 
 .rodata.g_ftmExtClockSel
                0x00008f88        0x8 ./SDK/platform/drivers/src/ftm/ftm_common.o
 .rodata.g_ftmOverflowIrqId
                0x00008f90        0x4 ./SDK/platform/drivers/src/ftm/ftm_common.o
                0x00008f90                g_ftmOverflowIrqId
 .rodata.g_ftmBase
                0x00008f94       0x10 ./SDK/platform/drivers/src/ftm/ftm_common.o
                0x00008f94                g_ftmBase
 .rodata.g_flexcanBusOffIrqId
                0x00008fa4        0x3 ./SDK/platform/drivers/src/flexcan/flexcan_driver.o
 *fill*         0x00008fa7        0x1 
 .rodata.g_flexcanErrorIrqId
                0x00008fa8        0x3 ./SDK/platform/drivers/src/flexcan/flexcan_driver.o
 *fill*         0x00008fab        0x1 
 .rodata.g_flexcanOredMessageBufferIrqId
                0x00008fac        0x6 ./SDK/platform/drivers/src/flexcan/flexcan_driver.o
 *fill*         0x00008fb2        0x2 
 .rodata.g_flexcanBase
                0x00008fb4        0xc ./SDK/platform/drivers/src/flexcan/flexcan_driver.o
 .rodata.g_flexcanWakeUpIrqId
                0x00008fc0        0x3 ./SDK/platform/drivers/src/flexcan/flexcan_driver.o
 *fill*         0x00008fc3        0x1 
 .rodata.s_edmaIrqId
                0x00008fc4       0x10 ./SDK/platform/drivers/src/edma/edma_driver.o
 .rodata.maxClocksFreq.6282
                0x00008fd4       0x24 ./SDK/platform/drivers/src/clock/S32K1xx/clock_S32K1xx.o
 .rodata.clockNameMappings
                0x00008ff8       0x9e ./SDK/platform/drivers/src/clock/S32K1xx/clock_S32K1xx.o
                0x00008ff8                clockNameMappings
 *fill*         0x00009096        0x2 
 .rodata.fircFreq.6337
                0x00009098       0x10 ./SDK/platform/drivers/src/clock/S32K1xx/clock_S32K1xx.o
 .rodata.peripheralFeaturesList
                0x000090a8       0x4f ./SDK/platform/drivers/src/clock/S32K1xx/clock_S32K1xx.o
                0x000090a8                peripheralFeaturesList
 *fill*         0x000090f7        0x1 
 .rodata.wdg_pal1_Config0
                0x000090f8       0x10 ./Generated_Code/wdg_pal1.o
                0x000090f8                wdg_pal1_Config0
 .rodata.edmaChnConfigArray
                0x00009108        0x8 ./Generated_Code/dmaController1.o
                0x00009108                edmaChnConfigArray
 .rodata.dmaController1_InitConfig0
                0x00009110        0x2 ./Generated_Code/dmaController1.o
                0x00009110                dmaController1_InitConfig0
 *fill*         0x00009112        0x2 
 .rodata.edmaChnStateArray
                0x00009114        0x8 ./Generated_Code/dmaController1.o
                0x00009114                edmaChnStateArray
 .rodata.can_pal1_Config0
                0x0000911c       0x34 ./Generated_Code/can_pal1.o
                0x0000911c                can_pal1_Config0
 .rodata.can_pal0_Config0
                0x00009150       0x34 ./Generated_Code/can_pal0.o
                0x00009150                can_pal0_Config0
 .rodata.Send1_MasterConfig0
                0x00009184       0x20 ./Generated_Code/Send1.o
                0x00009184                Send1_MasterConfig0
 .rodata.Send_MasterConfig0
                0x000091a4       0x20 ./Generated_Code/Send.o
                0x000091a4                Send_MasterConfig0
 .rodata.str1.1
                0x000091c4        0x2 C:/NXP/S32DS_ARM_v2018.R1/Cross_Tools/gcc-arm-none-eabi-4_9/arm-none-eabi/newlib/lib/armv7e-m/fpu\libc_nano.a(lib_a-impure.o)
 *fill*         0x000091c6        0x2 
 .rodata.__sf_fake_stdin
                0x000091c8       0x20 C:/NXP/S32DS_ARM_v2018.R1/Cross_Tools/gcc-arm-none-eabi-4_9/arm-none-eabi/newlib/lib/armv7e-m/fpu\libc_nano.a(lib_a-findfp.o)
                0x000091c8                __sf_fake_stdin
 .rodata.__sf_fake_stdout
                0x000091e8       0x20 C:/NXP/S32DS_ARM_v2018.R1/Cross_Tools/gcc-arm-none-eabi-4_9/arm-none-eabi/newlib/lib/armv7e-m/fpu\libc_nano.a(lib_a-findfp.o)
                0x000091e8                __sf_fake_stdout
 .rodata.__sf_fake_stderr
                0x00009208       0x20 C:/NXP/S32DS_ARM_v2018.R1/Cross_Tools/gcc-arm-none-eabi-4_9/arm-none-eabi/newlib/lib/armv7e-m/fpu\libc_nano.a(lib_a-findfp.o)
                0x00009208                __sf_fake_stderr
 *(.glue_7)
 .glue_7        0x00000000        0x0 linker stubs
 *(.glue_7t)
 .glue_7t       0x00000000        0x0 linker stubs
 *(.eh_frame)
 .eh_frame      0x00009228        0x0 c:/nxp/s32ds_arm_v2018.r1/cross_tools/gcc-arm-none-eabi-4_9/bin/../lib/gcc/arm-none-eabi/4.9.3/armv7e-m/fpu/crtbegin.o
 *(.init)
 .init          0x00009228        0x4 c:/nxp/s32ds_arm_v2018.r1/cross_tools/gcc-arm-none-eabi-4_9/bin/../lib/gcc/arm-none-eabi/4.9.3/armv7e-m/fpu/crti.o
                0x00009228                _init
 .init          0x0000922c        0x8 c:/nxp/s32ds_arm_v2018.r1/cross_tools/gcc-arm-none-eabi-4_9/bin/../lib/gcc/arm-none-eabi/4.9.3/armv7e-m/fpu/crtn.o
 *(.fini)
 .fini          0x00009234        0x4 c:/nxp/s32ds_arm_v2018.r1/cross_tools/gcc-arm-none-eabi-4_9/bin/../lib/gcc/arm-none-eabi/4.9.3/armv7e-m/fpu/crti.o
                0x00009234                _fini
 .fini          0x00009238        0x8 c:/nxp/s32ds_arm_v2018.r1/cross_tools/gcc-arm-none-eabi-4_9/bin/../lib/gcc/arm-none-eabi/4.9.3/armv7e-m/fpu/crtn.o
                0x00009240                . = ALIGN (0x4)

.vfp11_veneer   0x00009240        0x0
 .vfp11_veneer  0x00000000        0x0 linker stubs

.v4_bx          0x00009240        0x0
 .v4_bx         0x00000000        0x0 linker stubs

.iplt           0x00009240        0x0
 .iplt          0x00000000        0x0 c:/nxp/s32ds_arm_v2018.r1/cross_tools/gcc-arm-none-eabi-4_9/bin/../lib/gcc/arm-none-eabi/4.9.3/armv7e-m/fpu/crtbegin.o

.rel.dyn        0x00009240        0x0
 .rel.iplt      0x00000000        0x0 c:/nxp/s32ds_arm_v2018.r1/cross_tools/gcc-arm-none-eabi-4_9/bin/../lib/gcc/arm-none-eabi/4.9.3/armv7e-m/fpu/crtbegin.o

.ARM.extab
 *(.ARM.extab* .gnu.linkonce.armextab.*)

.ARM            0x00009240        0x0
                0x00009240                __exidx_start = .
 *(.ARM.exidx*)
                0x00009240                __exidx_end = .

.ctors          0x00009240        0x0
                0x00009240                __CTOR_LIST__ = .
 *crtbegin.o(.ctors)
 *crtbegin?.o(.ctors)
 *(EXCLUDE_FILE(*crtend.o *crtend?.o) .ctors)
 *(SORT(.ctors.*))
 *(.ctors)
                0x00009240                __CTOR_END__ = .

.dtors          0x00009240        0x0
                0x00009240                __DTOR_LIST__ = .
 *crtbegin.o(.dtors)
 *crtbegin?.o(.dtors)
 *(EXCLUDE_FILE(*crtend.o *crtend?.o) .dtors)
 *(SORT(.dtors.*))
 *(.dtors)
                0x00009240                __DTOR_END__ = .

.preinit_array  0x00009240        0x0
                0x00009240                PROVIDE (__preinit_array_start, .)
 *(.preinit_array*)
                0x00009240                PROVIDE (__preinit_array_end, .)

.init_array     0x00009240        0x4
                0x00009240                PROVIDE (__init_array_start, .)
 *(SORT(.init_array.*))
 *(.init_array*)
 .init_array    0x00009240        0x4 c:/nxp/s32ds_arm_v2018.r1/cross_tools/gcc-arm-none-eabi-4_9/bin/../lib/gcc/arm-none-eabi/4.9.3/armv7e-m/fpu/crtbegin.o
                0x00009244                PROVIDE (__init_array_end, .)

.fini_array     0x00009244        0x4
                0x00009244                PROVIDE (__fini_array_start, .)
 *(SORT(.fini_array.*))
 *(.fini_array*)
 .fini_array    0x00009244        0x4 c:/nxp/s32ds_arm_v2018.r1/cross_tools/gcc-arm-none-eabi-4_9/bin/../lib/gcc/arm-none-eabi/4.9.3/armv7e-m/fpu/crtbegin.o
                0x00009248                PROVIDE (__fini_array_end, .)
                0x00009248                __etext = .
                0x00009248                __DATA_ROM = .

.interrupts_ram
                0x1fff8000      0x400
                0x1fff8000                . = ALIGN (0x4)
                0x1fff8000                __VECTOR_RAM__ = .
                0x1fff8000                __interrupts_ram_start__ = .
 *(.m_interrupts_ram)
                0x1fff8400                . = (. + M_VECTOR_RAM_SIZE)
 *fill*         0x1fff8000      0x400 
                0x1fff8400                . = ALIGN (0x4)
                0x1fff8400                __interrupts_ram_end__ = .
                0x1fff8000                __VECTOR_RAM = DEFINED (__flash_vector_table__)?ORIGIN (m_interrupts):__VECTOR_RAM__
                0x00000400                __RAM_VECTOR_TABLE_SIZE = DEFINED (__flash_vector_table__)?0x0:(__interrupts_ram_end__ - __interrupts_ram_start__)

.data           0x1fff8400      0xb30 load address 0x00009248
                0x1fff8400                . = ALIGN (0x4)
                0x1fff8400                __DATA_RAM = .
                0x1fff8400                __data_start__ = .
 *(.data)
 *(.data*)
 .data.slaveTxBuffer
                0x1fff8400        0x8 ./Sources/main.o
                0x1fff8400                slaveTxBuffer
 .data.g_lpuartIsr
                0x1fff8408        0xc ./SDK/platform/drivers/src/lpuart/lpuart_irq.o
                0x1fff8408                g_lpuartIsr
 .data.g_lpspiIrqId
                0x1fff8414        0x3 ./SDK/platform/drivers/src/lpspi/lpspi_shared_function.o
                0x1fff8414                g_lpspiIrqId
 *fill*         0x1fff8417        0x1 
 .data.g_lpspiBase
                0x1fff8418        0xc ./SDK/platform/drivers/src/lpspi/lpspi_shared_function.o
                0x1fff8418                g_lpspiBase
 .data.peripheralClockConfig.6062
                0x1fff8424       0xa0 ./SDK/platform/drivers/src/clock/S32K1xx/clock_S32K1xx.o
 .data.g_pin_mux_InitConfigArr
                0x1fff84c4      0x858 ./Generated_Code/pin_mux.o
                0x1fff84c4                g_pin_mux_InitConfigArr
 .data.lpuart1_uart_Config0
                0x1fff8d1c       0x20 ./Generated_Code/lpuart1_uart.o
                0x1fff8d1c                lpuart1_uart_Config0
 .data.lpuart0_uart_Config0
                0x1fff8d3c       0x20 ./Generated_Code/lpuart0_uart.o
                0x1fff8d3c                lpuart0_uart_Config0
 .data.i2c2_MasterConfig0
                0x1fff8d5c       0x18 ./Generated_Code/i2c2.o
                0x1fff8d5c                i2c2_MasterConfig0
 .data.i2c1_SlaveConfig0
                0x1fff8d74       0x10 ./Generated_Code/i2c1.o
                0x1fff8d74                i2c1_SlaveConfig0
 .data.flexTimer_pwm1_PwmConfig
                0x1fff8d84       0x18 ./Generated_Code/flexTimer_pwm1.o
                0x1fff8d84                flexTimer_pwm1_PwmConfig
 .data.flexTimer_pwm1_InitConfig
                0x1fff8d9c       0x12 ./Generated_Code/flexTimer_pwm1.o
                0x1fff8d9c                flexTimer_pwm1_InitConfig
 *fill*         0x1fff8dae        0x2 
 .data.flexTimer_pwm1_IndependentChannelsConfig
                0x1fff8db0        0xa ./Generated_Code/flexTimer_pwm1.o
                0x1fff8db0                flexTimer_pwm1_IndependentChannelsConfig
 *fill*         0x1fff8dba        0x2 
 .data.dmaController1Chn0_Config
                0x1fff8dbc        0xc ./Generated_Code/dmaController1.o
                0x1fff8dbc                dmaController1Chn0_Config
 .data.dmaController1Chn1_Config
                0x1fff8dc8        0xc ./Generated_Code/dmaController1.o
                0x1fff8dc8                dmaController1Chn1_Config
 .data.clockMan1_InitConfig0
                0x1fff8dd4       0x78 ./Generated_Code/clockMan1.o
                0x1fff8dd4                clockMan1_InitConfig0
 .data.peripheralClockConfig0
                0x1fff8e4c       0x73 ./Generated_Code/clockMan1.o
                0x1fff8e4c                peripheralClockConfig0
 *fill*         0x1fff8ebf        0x1 
 .data.g_clockManConfigsArr
                0x1fff8ec0        0x4 ./Generated_Code/clockMan1.o
                0x1fff8ec0                g_clockManConfigsArr
 .data.impure_data
                0x1fff8ec4       0x60 C:/NXP/S32DS_ARM_v2018.R1/Cross_Tools/gcc-arm-none-eabi-4_9/arm-none-eabi/newlib/lib/armv7e-m/fpu\libc_nano.a(lib_a-impure.o)
 .data._impure_ptr
                0x1fff8f24        0x4 C:/NXP/S32DS_ARM_v2018.R1/Cross_Tools/gcc-arm-none-eabi-4_9/arm-none-eabi/newlib/lib/armv7e-m/fpu\libc_nano.a(lib_a-impure.o)
                0x1fff8f24                _impure_ptr
 .data.__heap_limit
                0x1fff8f28        0x4 C:/NXP/S32DS_ARM_v2018.R1/Cross_Tools/gcc-arm-none-eabi-4_9/arm-none-eabi/newlib/lib/armv7e-m/fpu\librdimon_nano.a(rdimon-syscalls.o)
 *(.jcr*)
 .jcr           0x1fff8f2c        0x0 c:/nxp/s32ds_arm_v2018.r1/cross_tools/gcc-arm-none-eabi-4_9/bin/../lib/gcc/arm-none-eabi/4.9.3/armv7e-m/fpu/crtbegin.o
 .jcr           0x1fff8f2c        0x4 c:/nxp/s32ds_arm_v2018.r1/cross_tools/gcc-arm-none-eabi-4_9/bin/../lib/gcc/arm-none-eabi/4.9.3/armv7e-m/fpu/crtend.o
                0x1fff8f30                . = ALIGN (0x4)
                0x1fff8f30                __data_end__ = .
                0x00009d78                __DATA_END = (__DATA_ROM + (__data_end__ - __data_start__))
                0x00009d78                __CODE_ROM = __DATA_END

.igot.plt       0x1fff8f30        0x0 load address 0x00009d78
 .igot.plt      0x00000000        0x0 c:/nxp/s32ds_arm_v2018.r1/cross_tools/gcc-arm-none-eabi-4_9/bin/../lib/gcc/arm-none-eabi/4.9.3/armv7e-m/fpu/crtbegin.o

.code           0x1fff8f30        0x0 load address 0x00009d78
                0x1fff8f30                . = ALIGN (0x4)
                0x1fff8f30                __CODE_RAM = .
                0x1fff8f30                __code_start__ = .
 *(.code_ram)
                0x1fff8f30                . = ALIGN (0x4)
                0x1fff8f30                __code_end__ = .
                0x00009d78                __CODE_END = (__CODE_ROM + (__code_end__ - __code_start__))

.customSectionBlock
 *(.customSection)

.bss            0x20000000      0xb90
                0x20000000                . = ALIGN (0x4)
                0x20000000                __BSS_START = .
                0x20000000                __bss_start__ = .
 *(.bss)
 .bss           0x20000000       0x1c c:/nxp/s32ds_arm_v2018.r1/cross_tools/gcc-arm-none-eabi-4_9/bin/../lib/gcc/arm-none-eabi/4.9.3/armv7e-m/fpu/crtbegin.o
 *(.bss*)
 .bss.slaveRxBuffer
                0x2000001c        0x8 ./Sources/main.o
                0x2000001c                slaveRxBuffer
 .bss.master_send
                0x20000024        0xc ./Sources/ledstrip.o
                0x20000024                master_send
 .bss.master_receive
                0x20000030        0xc ./Sources/ledstrip.o
                0x20000030                master_receive
 .bss.spi_transfer_number
                0x2000003c        0x4 ./Sources/ledstrip.o
                0x2000003c                spi_transfer_number
 .bss.master_send_buffer
                0x20000040      0x50a ./Sources/ledstrip.o
                0x20000040                master_send_buffer
 *fill*         0x2000054a        0x2 
 .bss.s_osif_tick_cnt
                0x2000054c        0x4 ./SDK/rtos/osif/osif_baremetal.o
 .bss.s_lpuartStateInstanceMapping
                0x20000550        0x2 ./SDK/platform/pal/uart/src/uart_pal.o
 *fill*         0x20000552        0x2 
 .bss.s_lpuartState
                0x20000554       0x68 ./SDK/platform/pal/uart/src/uart_pal.o
 .bss.s_lpuartStateIsAllocated
                0x200005bc        0x2 ./SDK/platform/pal/uart/src/uart_pal.o
 *fill*         0x200005be        0x2 
 .bss.s_hwObjConfigs
                0x200005c0      0x100 ./SDK/platform/pal/can/src/can_pal.o
 .bss.s_flexcanRxFifoState
                0x200006c0        0x4 ./SDK/platform/pal/can/src/can_pal.o
 .bss.s_flexcanStateIsAllocated
                0x200006c4        0x2 ./SDK/platform/pal/can/src/can_pal.o
 *fill*         0x200006c6        0x2 
 .bss.s_flexcanState
                0x200006c8      0x218 ./SDK/platform/pal/can/src/can_pal.o
 .bss.s_flexcanStateInstanceMapping
                0x200008e0        0x2 ./SDK/platform/pal/can/src/can_pal.o
 *fill*         0x200008e2        0x2 
 .bss.s_lpuartStatePtr
                0x200008e4        0xc ./SDK/platform/drivers/src/lpuart/lpuart_driver.o
 .bss.g_lpspiStatePtr
                0x200008f0        0xc ./SDK/platform/drivers/src/lpspi/lpspi_shared_function.o
                0x200008f0                g_lpspiStatePtr
 .bss.g_lpi2cSlaveStatePtr
                0x200008fc        0x4 ./SDK/platform/drivers/src/lpi2c/lpi2c_driver.o
                0x200008fc                g_lpi2cSlaveStatePtr
 .bss.g_lpi2cMasterStatePtr
                0x20000900        0x4 ./SDK/platform/drivers/src/lpi2c/lpi2c_driver.o
                0x20000900                g_lpi2cMasterStatePtr
 .bss.g_interruptDisableCount
                0x20000904        0x4 ./SDK/platform/drivers/src/interrupt/interrupt_manager.o
 .bss.ftmStatePtr
                0x20000908       0x10 ./SDK/platform/drivers/src/ftm/ftm_common.o
                0x20000908                ftmStatePtr
 .bss.g_flexioDeviceStatePtr
                0x20000918        0x4 ./SDK/platform/drivers/src/flexio/flexio_common.o
                0x20000918                g_flexioDeviceStatePtr
 .bss.g_flexcanStatePtr
                0x2000091c        0xc ./SDK/platform/drivers/src/flexcan/flexcan_driver.o
 .bss.s_virtEdmaState
                0x20000928        0x4 ./SDK/platform/drivers/src/edma/edma_driver.o
 .bss.g_clockState
                0x2000092c       0x10 ./SDK/platform/drivers/src/clock/clock_manager.o
 .bss.flexTimer_pwm1_FaultConfig
                0x2000093c       0x10 ./Generated_Code/flexTimer_pwm1.o
                0x2000093c                flexTimer_pwm1_FaultConfig
 .bss.g_clockManCallbacksArr
                0x2000094c        0x4 ./Generated_Code/clockMan1.o
                0x2000094c                g_clockManCallbacksArr
 .bss.__malloc_sbrk_start
                0x20000950        0x4 C:/NXP/S32DS_ARM_v2018.R1/Cross_Tools/gcc-arm-none-eabi-4_9/arm-none-eabi/newlib/lib/armv7e-m/fpu\libc_nano.a(lib_a-nano-mallocr.o)
                0x20000950                __malloc_sbrk_start
 .bss.__malloc_free_list
                0x20000954        0x4 C:/NXP/S32DS_ARM_v2018.R1/Cross_Tools/gcc-arm-none-eabi-4_9/arm-none-eabi/newlib/lib/armv7e-m/fpu\libc_nano.a(lib_a-nano-mallocr.o)
                0x20000954                __malloc_free_list
 .bss.heap_end.6001
                0x20000958        0x4 C:/NXP/S32DS_ARM_v2018.R1/Cross_Tools/gcc-arm-none-eabi-4_9/arm-none-eabi/newlib/lib/armv7e-m/fpu\librdimon_nano.a(rdimon-syscalls.o)
 *(COMMON)
 COMMON         0x2000095c        0x1 ./Sources/uart_receiver.o
                0x2000095c                uart_ledsrip_status
 *fill*         0x2000095d        0x3 
 COMMON         0x20000960       0x4c ./Sources/test.o
                0x20000960                can_tranvMsg_2
 COMMON         0x200009ac       0x71 ./Sources/ledstrip.o
                0x200009ac                de_light_count
                0x200009b0                ledsrip_status
                0x200009b2                de_flag
                0x200009b4                de_light_index
 *fill*         0x20000a1d        0x3 
 COMMON         0x20000a20       0x98 ./Sources/can_receiver.o
                0x20000a20                can_recvMsg_1
                0x20000a6c                can_tranvMsg_1
 COMMON         0x20000ab8       0x14 ./SDK/platform/drivers/src/clock/S32K1xx/clock_S32K1xx.o
                0x20000ab8                g_xtal0ClkFreq
                0x20000abc                g_RtcClkInFreq
                0x20000ac0                g_TClkFreq
 COMMON         0x20000acc       0x60 ./Generated_Code/dmaController1.o
                0x20000acc                dmaController1Chn1_State
                0x20000adc                dmaController1_State
                0x20000b1c                dmaController1Chn0_State
 COMMON         0x20000b2c       0x30 ./Generated_Code/Send1.o
                0x20000b2c                Send1State
 COMMON         0x20000b5c       0x30 ./Generated_Code/Send.o
                0x20000b5c                SendState
 COMMON         0x20000b8c        0x4 C:/NXP/S32DS_ARM_v2018.R1/Cross_Tools/gcc-arm-none-eabi-4_9/arm-none-eabi/newlib/lib/armv7e-m/fpu\libc_nano.a(lib_a-reent.o)
                0x20000b8c                errno
                0x20000b90                . = ALIGN (0x4)
                0x20000b90                __bss_end__ = .
                0x20000b90                __BSS_END = .

.heap           0x20000b90      0x400
                0x20000b90                . = ALIGN (0x8)
                0x20000b90                __end__ = .
                0x20000b90                PROVIDE (end, .)
                0x20000b90                PROVIDE (_end, .)
                0x20000b90                PROVIDE (__end, .)
                0x20000b90                __HeapBase = .
                0x20000f90                . = (. + HEAP_SIZE)
 *fill*         0x20000b90      0x400 
                0x20000f90                __HeapLimit = .
                0x20000f90                __heap_limit = .

.stack          0x20000f90      0x400
                0x20000f90                . = ALIGN (0x8)
                0x20001390                . = (. + STACK_SIZE)
 *fill*         0x20000f90      0x400 
                0x20007000                __StackTop = (ORIGIN (m_data_2) + 0x7000)
                0x20006c00                __StackLimit = (__StackTop - STACK_SIZE)
                0x20007000                PROVIDE (__stack, __StackTop)

.ARM.attributes
                0x00000000       0x30
 *(.ARM.attributes)
 .ARM.attributes
                0x00000000       0x22 c:/nxp/s32ds_arm_v2018.r1/cross_tools/gcc-arm-none-eabi-4_9/bin/../lib/gcc/arm-none-eabi/4.9.3/armv7e-m/fpu/crti.o
 .ARM.attributes
                0x00000022       0x34 c:/nxp/s32ds_arm_v2018.r1/cross_tools/gcc-arm-none-eabi-4_9/bin/../lib/gcc/arm-none-eabi/4.9.3/armv7e-m/fpu/crtbegin.o
 .ARM.attributes
                0x00000056       0x39 ./Sources/uart_receiver.o
 .ARM.attributes
                0x0000008f       0x39 ./Sources/test.o
 .ARM.attributes
                0x000000c8       0x39 ./Sources/main.o
 .ARM.attributes
                0x00000101       0x39 ./Sources/ledstrip.o
 .ARM.attributes
                0x0000013a       0x39 ./Sources/init.o
 .ARM.attributes
                0x00000173       0x39 ./Sources/can_receiver.o
 .ARM.attributes
                0x000001ac       0x39 ./SDK/rtos/osif/osif_baremetal.o
 .ARM.attributes
                0x000001e5       0x39 ./SDK/platform/pal/wdg/src/wdg_pal.o
 .ARM.attributes
                0x0000021e       0x39 ./SDK/platform/pal/uart/src/uart_pal.o
 .ARM.attributes
                0x00000257       0x39 ./SDK/platform/pal/i2c/src/i2c_pal.o
 .ARM.attributes
                0x00000290       0x39 ./SDK/platform/pal/can/src/can_pal.o
 .ARM.attributes
                0x000002c9       0x39 ./SDK/platform/drivers/src/wdog/wdog_hw_access.o
 .ARM.attributes
                0x00000302       0x39 ./SDK/platform/drivers/src/wdog/wdog_driver.o
 .ARM.attributes
                0x0000033b       0x39 ./SDK/platform/drivers/src/pins/pins_port_hw_access.o
 .ARM.attributes
                0x00000374       0x39 ./SDK/platform/drivers/src/pins/pins_driver.o
 .ARM.attributes
                0x000003ad       0x39 ./SDK/platform/drivers/src/lpuart/lpuart_irq.o
 .ARM.attributes
                0x000003e6       0x39 ./SDK/platform/drivers/src/lpuart/lpuart_hw_access.o
 .ARM.attributes
                0x0000041f       0x39 ./SDK/platform/drivers/src/lpuart/lpuart_driver.o
 .ARM.attributes
                0x00000458       0x39 ./SDK/platform/drivers/src/lpspi/lpspi_slave_driver.o
 .ARM.attributes
                0x00000491       0x39 ./SDK/platform/drivers/src/lpspi/lpspi_shared_function.o
 .ARM.attributes
                0x000004ca       0x39 ./SDK/platform/drivers/src/lpspi/lpspi_master_driver.o
 .ARM.attributes
                0x00000503       0x39 ./SDK/platform/drivers/src/lpspi/lpspi_irq.o
 .ARM.attributes
                0x0000053c       0x39 ./SDK/platform/drivers/src/lpspi/lpspi_hw_access.o
 .ARM.attributes
                0x00000575       0x39 ./SDK/platform/drivers/src/lpi2c/lpi2c_irq.o
 .ARM.attributes
                0x000005ae       0x39 ./SDK/platform/drivers/src/lpi2c/lpi2c_driver.o
 .ARM.attributes
                0x000005e7       0x39 ./SDK/platform/drivers/src/interrupt/interrupt_manager.o
 .ARM.attributes
                0x00000620       0x39 ./SDK/platform/drivers/src/ftm/ftm_pwm_driver.o
 .ARM.attributes
                0x00000659       0x39 ./SDK/platform/drivers/src/ftm/ftm_hw_access.o
 .ARM.attributes
                0x00000692       0x39 ./SDK/platform/drivers/src/ftm/ftm_common.o
 .ARM.attributes
                0x000006cb       0x39 ./SDK/platform/drivers/src/flexio/flexio_common.o
 .ARM.attributes
                0x00000704       0x39 ./SDK/platform/drivers/src/flexcan/flexcan_irq.o
 .ARM.attributes
                0x0000073d       0x39 ./SDK/platform/drivers/src/flexcan/flexcan_hw_access.o
 .ARM.attributes
                0x00000776       0x39 ./SDK/platform/drivers/src/flexcan/flexcan_driver.o
 .ARM.attributes
                0x000007af       0x39 ./SDK/platform/drivers/src/edma/edma_irq.o
 .ARM.attributes
                0x000007e8       0x39 ./SDK/platform/drivers/src/edma/edma_hw_access.o
 .ARM.attributes
                0x00000821       0x39 ./SDK/platform/drivers/src/edma/edma_driver.o
 .ARM.attributes
                0x0000085a       0x39 ./SDK/platform/drivers/src/clock/clock_manager.o
 .ARM.attributes
                0x00000893       0x39 ./SDK/platform/drivers/src/clock/S32K1xx/clock_S32K1xx.o
 .ARM.attributes
                0x000008cc       0x39 ./SDK/platform/devices/startup.o
 .ARM.attributes
                0x00000905       0x39 ./SDK/platform/devices/S32K144/startup/system_S32K144.o
 .ARM.attributes
                0x0000093e       0x1f ./Project_Settings/Startup_Code/startup_S32K144.o
 .ARM.attributes
                0x0000095d       0x39 ./Generated_Code/wdg_pal1.o
 .ARM.attributes
                0x00000996       0x39 ./Generated_Code/pin_mux.o
 .ARM.attributes
                0x000009cf       0x39 ./Generated_Code/lpuart1_uart.o
 .ARM.attributes
                0x00000a08       0x39 ./Generated_Code/lpuart0_uart.o
 .ARM.attributes
                0x00000a41       0x39 ./Generated_Code/i2c2.o
 .ARM.attributes
                0x00000a7a       0x39 ./Generated_Code/i2c1.o
 .ARM.attributes
                0x00000ab3       0x39 ./Generated_Code/flexTimer_pwm1.o
 .ARM.attributes
                0x00000aec       0x39 ./Generated_Code/dmaController1.o
 .ARM.attributes
                0x00000b25       0x39 ./Generated_Code/clockMan1.o
 .ARM.attributes
                0x00000b5e       0x39 ./Generated_Code/can_pal1.o
 .ARM.attributes
                0x00000b97       0x39 ./Generated_Code/can_pal0.o
 .ARM.attributes
                0x00000bd0       0x39 ./Generated_Code/Send1.o
 .ARM.attributes
                0x00000c09       0x39 ./Generated_Code/Send.o
 .ARM.attributes
                0x00000c42       0x34 C:/NXP/S32DS_ARM_v2018.R1/Cross_Tools/gcc-arm-none-eabi-4_9/arm-none-eabi/newlib/lib/armv7e-m/fpu\libc_nano.a(lib_a-impure.o)
 .ARM.attributes
                0x00000c76       0x34 C:/NXP/S32DS_ARM_v2018.R1/Cross_Tools/gcc-arm-none-eabi-4_9/arm-none-eabi/newlib/lib/armv7e-m/fpu\libc_nano.a(lib_a-memset.o)
 .ARM.attributes
                0x00000caa       0x34 C:/NXP/S32DS_ARM_v2018.R1/Cross_Tools/gcc-arm-none-eabi-4_9/arm-none-eabi/newlib/lib/armv7e-m/fpu\libc_nano.a(lib_a-rand.o)
 .ARM.attributes
                0x00000cde       0x34 C:/NXP/S32DS_ARM_v2018.R1/Cross_Tools/gcc-arm-none-eabi-4_9/arm-none-eabi/newlib/lib/armv7e-m/fpu\libc_nano.a(lib_a-malloc.o)
 .ARM.attributes
                0x00000d12       0x34 C:/NXP/S32DS_ARM_v2018.R1/Cross_Tools/gcc-arm-none-eabi-4_9/arm-none-eabi/newlib/lib/armv7e-m/fpu\libc_nano.a(lib_a-nano-mallocr.o)
 .ARM.attributes
                0x00000d46       0x34 C:/NXP/S32DS_ARM_v2018.R1/Cross_Tools/gcc-arm-none-eabi-4_9/arm-none-eabi/newlib/lib/armv7e-m/fpu\libc_nano.a(lib_a-sbrkr.o)
 .ARM.attributes
                0x00000d7a       0x34 C:/NXP/S32DS_ARM_v2018.R1/Cross_Tools/gcc-arm-none-eabi-4_9/arm-none-eabi/newlib/lib/armv7e-m/fpu\libc_nano.a(lib_a-reent.o)
 .ARM.attributes
                0x00000dae       0x34 C:/NXP/S32DS_ARM_v2018.R1/Cross_Tools/gcc-arm-none-eabi-4_9/arm-none-eabi/newlib/lib/armv7e-m/fpu\librdimon_nano.a(rdimon-syscalls.o)
 .ARM.attributes
                0x00000de2       0x34 C:/NXP/S32DS_ARM_v2018.R1/Cross_Tools/gcc-arm-none-eabi-4_9/arm-none-eabi/newlib/lib/armv7e-m/fpu\libc_nano.a(lib_a-errno.o)
 .ARM.attributes
                0x00000e16       0x34 C:/NXP/S32DS_ARM_v2018.R1/Cross_Tools/gcc-arm-none-eabi-4_9/arm-none-eabi/newlib/lib/armv7e-m/fpu\libc_nano.a(lib_a-findfp.o)
 .ARM.attributes
                0x00000e4a       0x34 c:/nxp/s32ds_arm_v2018.r1/cross_tools/gcc-arm-none-eabi-4_9/bin/../lib/gcc/arm-none-eabi/4.9.3/armv7e-m/fpu/crtend.o
 .ARM.attributes
                0x00000e7e       0x22 c:/nxp/s32ds_arm_v2018.r1/cross_tools/gcc-arm-none-eabi-4_9/bin/../lib/gcc/arm-none-eabi/4.9.3/armv7e-m/fpu/crtn.o
                0x00000001                ASSERT ((__StackLimit >= __HeapLimit), region m_data_2 overflowed with stack and heap)
OUTPUT(s32k144.elf elf32-littlearm)

.debug_info     0x00000000    0x3fbb0
 .debug_info    0x00000000     0x1170 ./Sources/uart_receiver.o
 .debug_info    0x00001170     0x109d ./Sources/test.o
 .debug_info    0x0000220d     0x19ec ./Sources/main.o
 .debug_info    0x00003bf9     0x165b ./Sources/ledstrip.o
 .debug_info    0x00005254     0x180e ./Sources/init.o
 .debug_info    0x00006a62      0xaae ./Sources/can_receiver.o
 .debug_info    0x00007510      0xb47 ./SDK/rtos/osif/osif_baremetal.o
 .debug_info    0x00008057      0x933 ./SDK/platform/pal/wdg/src/wdg_pal.o
 .debug_info    0x0000898a      0xf35 ./SDK/platform/pal/uart/src/uart_pal.o
 .debug_info    0x000098bf     0x2040 ./SDK/platform/pal/i2c/src/i2c_pal.o
 .debug_info    0x0000b8ff     0x1944 ./SDK/platform/pal/can/src/can_pal.o
 .debug_info    0x0000d243      0x60f ./SDK/platform/drivers/src/wdog/wdog_hw_access.o
 .debug_info    0x0000d852     0x139e ./SDK/platform/drivers/src/wdog/wdog_driver.o
 .debug_info    0x0000ebf0      0x8cb ./SDK/platform/drivers/src/pins/pins_port_hw_access.o
 .debug_info    0x0000f4bb     0x153d ./SDK/platform/drivers/src/pins/pins_driver.o
 .debug_info    0x000109f8      0x138 ./SDK/platform/drivers/src/lpuart/lpuart_irq.o
 .debug_info    0x00010b30      0x89c ./SDK/platform/drivers/src/lpuart/lpuart_hw_access.o
 .debug_info    0x000113cc     0x2cd3 ./SDK/platform/drivers/src/lpuart/lpuart_driver.o
 .debug_info    0x0001409f     0x1ca4 ./SDK/platform/drivers/src/lpspi/lpspi_slave_driver.o
 .debug_info    0x00015d43      0xdae ./SDK/platform/drivers/src/lpspi/lpspi_shared_function.o
 .debug_info    0x00016af1     0x26c1 ./SDK/platform/drivers/src/lpspi/lpspi_master_driver.o
 .debug_info    0x000191b2      0x10c ./SDK/platform/drivers/src/lpspi/lpspi_irq.o
 .debug_info    0x000192be     0x132a ./SDK/platform/drivers/src/lpspi/lpspi_hw_access.o
 .debug_info    0x0001a5e8       0xfa ./SDK/platform/drivers/src/lpi2c/lpi2c_irq.o
 .debug_info    0x0001a6e2     0x5d68 ./SDK/platform/drivers/src/lpi2c/lpi2c_driver.o
 .debug_info    0x0002044a      0xb39 ./SDK/platform/drivers/src/interrupt/interrupt_manager.o
 .debug_info    0x00020f83     0x2a4d ./SDK/platform/drivers/src/ftm/ftm_pwm_driver.o
 .debug_info    0x000239d0      0x4bb ./SDK/platform/drivers/src/ftm/ftm_hw_access.o
 .debug_info    0x00023e8b     0x2bdf ./SDK/platform/drivers/src/ftm/ftm_common.o
 .debug_info    0x00026a6a     0x1a00 ./SDK/platform/drivers/src/flexio/flexio_common.o
 .debug_info    0x0002846a      0x288 ./SDK/platform/drivers/src/flexcan/flexcan_irq.o
 .debug_info    0x000286f2     0x1b92 ./SDK/platform/drivers/src/flexcan/flexcan_hw_access.o
 .debug_info    0x0002a284     0x417d ./SDK/platform/drivers/src/flexcan/flexcan_driver.o
 .debug_info    0x0002e401      0x6ec ./SDK/platform/drivers/src/edma/edma_irq.o
 .debug_info    0x0002eaed      0xa6e ./SDK/platform/drivers/src/edma/edma_hw_access.o
 .debug_info    0x0002f55b     0x48ce ./SDK/platform/drivers/src/edma/edma_driver.o
 .debug_info    0x00033e29     0x12e3 ./SDK/platform/drivers/src/clock/clock_manager.o
 .debug_info    0x0003510c     0x5677 ./SDK/platform/drivers/src/clock/S32K1xx/clock_S32K1xx.o
 .debug_info    0x0003a783      0x430 ./SDK/platform/devices/startup.o
 .debug_info    0x0003abb3      0x516 ./SDK/platform/devices/S32K144/startup/system_S32K144.o
 .debug_info    0x0003b0c9       0xc6 ./Project_Settings/Startup_Code/startup_S32K144.o
 .debug_info    0x0003b18f      0x368 ./Generated_Code/wdg_pal1.o
 .debug_info    0x0003b4f7      0x3e8 ./Generated_Code/pin_mux.o
 .debug_info    0x0003b8df      0x41f ./Generated_Code/lpuart1_uart.o
 .debug_info    0x0003bcfe      0x41f ./Generated_Code/lpuart0_uart.o
 .debug_info    0x0003c11d      0x3ba ./Generated_Code/i2c2.o
 .debug_info    0x0003c4d7      0x3ba ./Generated_Code/i2c1.o
 .debug_info    0x0003c891      0x831 ./Generated_Code/flexTimer_pwm1.o
 .debug_info    0x0003d0c2      0x67d ./Generated_Code/dmaController1.o
 .debug_info    0x0003d73f     0x11e9 ./Generated_Code/clockMan1.o
 .debug_info    0x0003e928      0x384 ./Generated_Code/can_pal1.o
 .debug_info    0x0003ecac      0x384 ./Generated_Code/can_pal0.o
 .debug_info    0x0003f030      0x5c0 ./Generated_Code/Send1.o
 .debug_info    0x0003f5f0      0x5c0 ./Generated_Code/Send.o

.debug_abbrev   0x00000000     0x6a02
 .debug_abbrev  0x00000000      0x1ff ./Sources/uart_receiver.o
 .debug_abbrev  0x000001ff      0x207 ./Sources/test.o
 .debug_abbrev  0x00000406      0x24d ./Sources/main.o
 .debug_abbrev  0x00000653      0x2c5 ./Sources/ledstrip.o
 .debug_abbrev  0x00000918      0x179 ./Sources/init.o
 .debug_abbrev  0x00000a91      0x18c ./Sources/can_receiver.o
 .debug_abbrev  0x00000c1d      0x2b8 ./SDK/rtos/osif/osif_baremetal.o
 .debug_abbrev  0x00000ed5      0x209 ./SDK/platform/pal/wdg/src/wdg_pal.o
 .debug_abbrev  0x000010de      0x23b ./SDK/platform/pal/uart/src/uart_pal.o
 .debug_abbrev  0x00001319      0x2d0 ./SDK/platform/pal/i2c/src/i2c_pal.o
 .debug_abbrev  0x000015e9      0x2ac ./SDK/platform/pal/can/src/can_pal.o
 .debug_abbrev  0x00001895      0x1a3 ./SDK/platform/drivers/src/wdog/wdog_hw_access.o
 .debug_abbrev  0x00001a38      0x397 ./SDK/platform/drivers/src/wdog/wdog_driver.o
 .debug_abbrev  0x00001dcf      0x1ac ./SDK/platform/drivers/src/pins/pins_port_hw_access.o
 .debug_abbrev  0x00001f7b      0x327 ./SDK/platform/drivers/src/pins/pins_driver.o
 .debug_abbrev  0x000022a2       0xb4 ./SDK/platform/drivers/src/lpuart/lpuart_irq.o
 .debug_abbrev  0x00002356      0x1b7 ./SDK/platform/drivers/src/lpuart/lpuart_hw_access.o
 .debug_abbrev  0x0000250d      0x3b5 ./SDK/platform/drivers/src/lpuart/lpuart_driver.o
 .debug_abbrev  0x000028c2      0x348 ./SDK/platform/drivers/src/lpspi/lpspi_slave_driver.o
 .debug_abbrev  0x00002c0a      0x28b ./SDK/platform/drivers/src/lpspi/lpspi_shared_function.o
 .debug_abbrev  0x00002e95      0x36d ./SDK/platform/drivers/src/lpspi/lpspi_master_driver.o
 .debug_abbrev  0x00003202       0x81 ./SDK/platform/drivers/src/lpspi/lpspi_irq.o
 .debug_abbrev  0x00003283      0x28b ./SDK/platform/drivers/src/lpspi/lpspi_hw_access.o
 .debug_abbrev  0x0000350e       0x94 ./SDK/platform/drivers/src/lpi2c/lpi2c_irq.o
 .debug_abbrev  0x000035a2      0x467 ./SDK/platform/drivers/src/lpi2c/lpi2c_driver.o
 .debug_abbrev  0x00003a09      0x237 ./SDK/platform/drivers/src/interrupt/interrupt_manager.o
 .debug_abbrev  0x00003c40      0x338 ./SDK/platform/drivers/src/ftm/ftm_pwm_driver.o
 .debug_abbrev  0x00003f78      0x192 ./SDK/platform/drivers/src/ftm/ftm_hw_access.o
 .debug_abbrev  0x0000410a      0x364 ./SDK/platform/drivers/src/ftm/ftm_common.o
 .debug_abbrev  0x0000446e      0x37f ./SDK/platform/drivers/src/flexio/flexio_common.o
 .debug_abbrev  0x000047ed       0x94 ./SDK/platform/drivers/src/flexcan/flexcan_irq.o
 .debug_abbrev  0x00004881      0x35f ./SDK/platform/drivers/src/flexcan/flexcan_hw_access.o
 .debug_abbrev  0x00004be0      0x478 ./SDK/platform/drivers/src/flexcan/flexcan_driver.o
 .debug_abbrev  0x00005058      0x1d7 ./SDK/platform/drivers/src/edma/edma_irq.o
 .debug_abbrev  0x0000522f      0x23c ./SDK/platform/drivers/src/edma/edma_hw_access.o
 .debug_abbrev  0x0000546b      0x473 ./SDK/platform/drivers/src/edma/edma_driver.o
 .debug_abbrev  0x000058de      0x20a ./SDK/platform/drivers/src/clock/clock_manager.o
 .debug_abbrev  0x00005ae8      0x346 ./SDK/platform/drivers/src/clock/S32K1xx/clock_S32K1xx.o
 .debug_abbrev  0x00005e2e      0x12a ./SDK/platform/devices/startup.o
 .debug_abbrev  0x00005f58      0x134 ./SDK/platform/devices/S32K144/startup/system_S32K144.o
 .debug_abbrev  0x0000608c       0x14 ./Project_Settings/Startup_Code/startup_S32K144.o
 .debug_abbrev  0x000060a0       0x94 ./Generated_Code/wdg_pal1.o
 .debug_abbrev  0x00006134       0xbe ./Generated_Code/pin_mux.o
 .debug_abbrev  0x000061f2       0xa6 ./Generated_Code/lpuart1_uart.o
 .debug_abbrev  0x00006298       0xa6 ./Generated_Code/lpuart0_uart.o
 .debug_abbrev  0x0000633e       0xa6 ./Generated_Code/i2c2.o
 .debug_abbrev  0x000063e4       0xa6 ./Generated_Code/i2c1.o
 .debug_abbrev  0x0000648a       0xd1 ./Generated_Code/flexTimer_pwm1.o